******************************************************************************
                  TI ARM Linker PC v20.2.0                     
******************************************************************************
>> Linked Mon Apr 20 16:44:06 2026

OUTPUT FILE NAME:   <SP26_Proj3.out>
ENTRY POINT SYMBOL: "_c_int00_noargs"  address: 0000102d


MEMORY CONFIGURATION

         name            origin    length      used     unused   attr    fill
----------------------  --------  ---------  --------  --------  ----  --------
  MAIN                  00000000   00040000  00001a20  0003e5e0  R  X
  INFO                  00200000   00004000  00000000  00004000  R  X
  SRAM_CODE             01000000   00010000  00000240  0000fdc0  RW X
  SRAM_DATA             20000000   00010000  00000240  0000fdc0  RW  


SEGMENT ALLOCATION MAP

run origin  load origin   length   init length attrs members
----------  ----------- ---------- ----------- ----- -------
00000000    00000000    00001a20   00001a20    r-x
  00000000    00000000    000000e4   000000e4    r-- .intvecs
  000000e4    000000e4    000014d0   000014d0    r-x .text
  000015b4    000015b4    00000434   00000434    r-- .const
  000019e8    000019e8    00000038   00000038    r-- .cinit
20000000    20000000    00000040   00000000    rw-
  20000000    20000000    00000028   00000000    rw- .data
  20000028    20000028    00000018   00000000    rw- .bss
2000fe00    2000fe00    00000200   00000000    rw-
  2000fe00    2000fe00    00000200   00000000    rw- .stack


SECTION ALLOCATION MAP

 output                                  attributes/
section   page    origin      length       input sections
--------  ----  ----------  ----------   ----------------
.intvecs   0    00000000    000000e4     
                  00000000    000000e4     startup_msp432p401r_ccs.obj (.intvecs:retain)

.text      0    000000e4    000014d0     
                  000000e4    0000019c     msp432p4xx_driverlib.lib : cs.o (.text:CS_setDCOFrequency)
                  00000280    00000130                              : cs.o (.text:CS_initClockSignal)
                  000003b0    00000104     Crystalfontz128x128_ST7735.obj (.text:Crystalfontz128x128_PixelDrawMultiple)
                  000004b4    000000f0     Crystalfontz128x128_ST7735.obj (.text:Crystalfontz128x128_Init)
                  000005a4    000000b0     msp432p4xx_driverlib.lib : spi.o (.text:SPI_initMaster)
                  00000654    0000009c     rtsv7M4_T_le_v4SPD16_eabi.lib : memcpy_t2.asm.obj (.text)
                  000006f0    00000094     msp432p4xx_driverlib.lib : sysctl_a.o (.text:SysCtl_A_getTLVInfo)
                  00000784    0000008c     Timer.obj (.text:InitSystemTiming)
                  00000810    00000088     msp432p4xx_driverlib.lib : cs.o (.text:CS_tuneDCOFrequency)
                  00000898    00000088                              : gpio.o (.text:GPIO_setAsPeripheralModuleFunctionOutputPin)
                  00000920    00000084     Crystalfontz128x128_ST7735.obj (.text:Crystalfontz128x128_SetDrawFrame)
                  000009a4    00000080     msp432p4xx_driverlib.lib : interrupt.o (.text:Interrupt_enableInterrupt)
                  00000a24    00000068     system_msp432p401r.obj (.text:SystemInit)
                  00000a8c    00000068     msp432p4xx_driverlib.lib : timer32.o (.text:Timer32_initModule)
                  00000af4    00000068     rtsv7M4_T_le_v4SPD16_eabi.lib : copy_decompress_lzss.c.obj (.text:decompress:lzss:__TI_decompress_lzss)
                  00000b5c    0000005c     Button.obj (.text:LB1tapped)
                  00000bb8    00000058     msp432p4xx_driverlib.lib : gpio.o (.text:GPIO_setAsInputPinWithPullUpResistor)
                  00000c10    00000058     LED.obj (.text:initLEDs)
                  00000c68    00000056     Crystalfontz128x128_ST7735.obj (.text:Crystalfontz128x128_RectFill)
                  00000cbe    00000052     grlib.a : context.obj (.text:Graphics_initContext)
                  00000d10    00000048     msp432p4xx_driverlib.lib : flash.o (.text:FlashCtl_setWaitState)
                  00000d58    00000048     proj3_main.obj (.text:initGraphics)
                  00000da0    00000044     rtsv7M4_T_le_v4SPD16_eabi.lib : autoinit.c.obj (.text:__TI_auto_init_nobinit_nopinit:__TI_auto_init_nobinit_nopinit)
                  00000de4    00000040     msp432p4xx_driverlib.lib : gpio.o (.text:GPIO_setAsOutputPin)
                  00000e24    00000040     HAL_MSP_EXP432P401R_Crystalfontz128x128_ST7735.obj (.text:HAL_LCD_SpiInit)
                  00000e64    00000040     msp432p4xx_driverlib.lib : spi.o (.text:is_A_Module)
                  00000ea4    0000003c     Crystalfontz128x128_ST7735.obj (.text:Crystalfontz128x128_LineDrawV)
                  00000ee0    0000003c     msp432p4xx_driverlib.lib : gpio.o (.text:GPIO_interruptEdgeSelect)
                  00000f1c    0000003a     Crystalfontz128x128_ST7735.obj (.text:Crystalfontz128x128_LineDrawH)
                  00000f56    00000002     Crystalfontz128x128_ST7735.obj (.text:Crystalfontz128x128_Flush)
                  00000f58    00000038     msp432p4xx_driverlib.lib : timer32.o (.text:Timer32_startTimer)
                  00000f90    00000034                              : cs.o (.text:CS_setDCOCenteredFrequency)
                  00000fc4    00000034     Crystalfontz128x128_ST7735.obj (.text:Crystalfontz128x128_SetOrientation)
                  00000ff8    00000034     msp432p4xx_driverlib.lib : timer32.o (.text:Timer32_setCount)
                  0000102c    00000034     rtsv7M4_T_le_v4SPD16_eabi.lib : boot_cortex_m.c.obj (.text:_c_int00_noargs:_c_int00_noargs)
                  00001060    00000030     HAL_MSP_EXP432P401R_Crystalfontz128x128_ST7735.obj (.text:HAL_LCD_PortInit)
                  00001090    0000002c     HAL_MSP_EXP432P401R_Crystalfontz128x128_ST7735.obj (.text:HAL_LCD_writeCommand)
                  000010bc    00000028     Crystalfontz128x128_ST7735.obj (.text:Crystalfontz128x128_PixelDraw)
                  000010e4    00000028     msp432p4xx_driverlib.lib : gpio.o (.text:GPIO_clearInterruptFlag)
                  0000110c    00000028                              : gpio.o (.text:GPIO_enableInterrupt)
                  00001134    00000028                              : gpio.o (.text:GPIO_setOutputHighOnPin)
                  0000115c    00000028                              : gpio.o (.text:GPIO_setOutputLowOnPin)
                  00001184    00000028                              : gpio.o (.text:GPIO_toggleOutputOnPin)
                  000011ac    00000028                              : pcm.o (.text:PCM_gotoLPM0)
                  000011d4    00000028     Timer.obj (.text:SWTimer_construct)
                  000011fc    00000028     Timer.obj (.text:T32_INT1_IRQHandler)
                  00001224    00000026     Button.obj (.text:initButton)
                  0000124a    00000002     startup_msp432p401r_ccs.obj (.text:Default_Handler)
                  0000124c    00000024     msp432p4xx_driverlib.lib : gpio.o (.text:GPIO_getInterruptStatus)
                  00001270    00000024     Timer.obj (.text:SWTimer_elapsedCycles)
                  00001294    00000024     msp432p4xx_driverlib.lib : wdt_a.o (.text:WDT_A_holdTimer)
                  000012b8    00000020     Crystalfontz128x128_ST7735.obj (.text:Crystalfontz128x128_ClearScreen)
                  000012d8    00000020     Button.obj (.text:PORT1_IRQHandler)
                  000012f8    0000001c     msp432p4xx_driverlib.lib : spi.o (.text:SPI_enableModule)
                  00001314    0000001c     Timer.obj (.text:SWTimer_start)
                  00001330    0000001c     rtsv7M4_T_le_v4SPD16_eabi.lib : copy_zero_init.c.obj (.text:decompress:ZI:__TI_zero_init_nomemset:__TI_zero_init_nomemset)
                  0000134c    0000001c     Button.obj (.text:initButtons)
                  00001368    0000001a     grlib.a : display.obj (.text:Graphics_clearDisplayOnDisplay)
                  00001382    0000001a             : context.obj (.text:Graphics_setBackgroundColor)
                  0000139c    0000001a             : context.obj (.text:Graphics_setFont)
                  000013b6    0000001a     Timer.obj (.text:SWTimer_expired)
                  000013d0    0000001a     proj3_main.obj (.text:main)
                  000013ea    0000001a     Button.obj (.text:updateButtons)
                  00001404    00000018     HAL_MSP_EXP432P401R_Crystalfontz128x128_ST7735.obj (.text:HAL_LCD_writeData)
                  0000141c    00000018     rtsv7M4_T_le_v4SPD16_eabi.lib : ll_mul_t2.asm.obj (.text)
                  00001434    00000016     Crystalfontz128x128_ST7735.obj (.text:Crystalfontz128x128_ColorTranslate)
                  0000144a    00000016     msp432p4xx_driverlib.lib : spi.o (.text:EUSCI_A_SPI_enable)
                  00001460    00000016                              : spi.o (.text:EUSCI_B_SPI_enable)
                  00001476    00000016     grlib.a : context.obj (.text:Graphics_setForegroundColor)
                  0000148c    00000016             : display.obj (.text:Graphics_translateColorOnDisplay)
                  000014a2    00000014     msp432p4xx_driverlib.lib : timer32.o (.text:Timer32_clearInterruptFlag)
                  000014b6    00000014     proj3_main.obj (.text:initialize)
                  000014ca    00000014     proj3_main.obj (.text:main_loop)
                  000014de    00000012     grlib.a : context.obj (.text:Graphics_clearDisplay)
                  000014f0    00000010     msp432p4xx_driverlib.lib : interrupt.o (.text:Interrupt_disableMaster)
                  00001500    00000010                              : interrupt.o (.text:Interrupt_enableMaster)
                  00001510    00000010     proj3_main.obj (.text:sleep)
                  00001520    0000000e     msp432p4xx_driverlib.lib : timer32.o (.text:Timer32_getValue)
                  0000152e    0000000e     rtsv7M4_T_le_v4SPD16_eabi.lib : copy_decompress_none.c.obj (.text:decompress:none:__TI_decompress_none)
                  0000153c    0000000c     msp432p4xx_driverlib.lib : cpu.o (.text:CPU_cpsid)
                  00001548    0000000c                              : cpu.o (.text:CPU_cpsie)
                  00001554    0000000c     startup_msp432p401r_ccs.obj (.text:Reset_Handler)
                  00001560    00000008     LED.obj (.text:Toggle_LL1)
                  00001568    00000008     LED.obj (.text:TurnOff_BLB)
                  00001570    00000008     LED.obj (.text:TurnOff_BLG)
                  00001578    00000008     LED.obj (.text:TurnOff_BLR)
                  00001580    00000008     LED.obj (.text:TurnOff_LL1)
                  00001588    00000008     LED.obj (.text:TurnOff_LLB)
                  00001590    00000008     LED.obj (.text:TurnOff_LLG)
                  00001598    00000008     LED.obj (.text:TurnOff_LLR)
                  000015a0    00000008     LED.obj (.text:TurnOn_LLG)
                  000015a8    00000004     msp432p4xx_driverlib.lib : cpu.o (.text:CPU_wfi)
                  000015ac    00000004     rtsv7M4_T_le_v4SPD16_eabi.lib : pre_init.c.obj (.text:_system_pre_init)
                  000015b0    00000004                                   : exit.c.obj (.text:abort:abort)

.const     0    000015b4    00000434     
                  000015b4    000002f8     grlib.a : fontfixed6x8.obj (.const:.string:g_pucFontFixed6x8Data)
                  000018ac    000000c8             : fontfixed6x8.obj (.const:g_sFontFixed6x8)
                  00001974    00000030     msp432p4xx_driverlib.lib : gpio.o (.const:GPIO_PORT_TO_BASE)
                  000019a4    00000020     Crystalfontz128x128_ST7735.obj (.const:g_sCrystalfontz128x128_funcs)
                  000019c4    0000001c     HAL_MSP_EXP432P401R_Crystalfontz128x128_ST7735.obj (.const:$P$T0$1)
                  000019e0    00000008     msp432p4xx_driverlib.lib : interrupt.o (.const:g_pulEnRegs)

.cinit     0    000019e8    00000038     
                  000019e8    00000010     (.cinit..data.load) [load image, compression = lzss]
                  000019f8    0000000c     (__TI_handler_table)
                  00001a04    00000004     --HOLE-- [fill = 0]
                  00001a08    00000008     (.cinit..bss.load) [load image, compression = zero_init]
                  00001a10    00000010     (__TI_cinit_table)

.init_array 
*          0    00000000    00000000     UNINITIALIZED

.binit     0    00000000    00000000     

.data      0    20000000    00000028     UNINITIALIZED
                  20000000    00000018     Button.obj (.data:$O1$$)
                  20000018    00000010     Crystalfontz128x128_ST7735.obj (.data:g_sCrystalfontz128x128)

.bss       0    20000028    00000018     UNINITIALIZED
                  20000028    0000000c     Crystalfontz128x128_ST7735.obj (.bss:$O1$$)
                  20000034    00000001     Button.obj (.bss)
                  20000035    00000003     --HOLE--
                  20000038    00000008     Timer.obj (.bss)

.stack     0    2000fe00    00000200     UNINITIALIZED
                  2000fe00    00000004     rtsv7M4_T_le_v4SPD16_eabi.lib : boot_cortex_m.c.obj (.stack)
                  2000fe04    000001fc     --HOLE--

__llvm_prf_cnts 
*          0    20000000    00000000     UNINITIALIZED

MODULE SUMMARY

       Module                                               code   ro data   rw data
       ------                                               ----   -------   -------
    .\
       proj3_main.obj                                       154    0         0      
       system_msp432p401r.obj                               104    0         0      
    +--+----------------------------------------------------+------+---------+---------+
       Total:                                               258    0         0      
                                                                                    
    .\HAL\
       Timer.obj                                            310    0         16     
       Button.obj                                           216    0         50     
       LED.obj                                              160    0         0      
    +--+----------------------------------------------------+------+---------+---------+
       Total:                                               686    0         66     
                                                                                    
    .\LcdDriver\
       Crystalfontz128x128_ST7735.obj                       984    32        56     
       HAL_MSP_EXP432P401R_Crystalfontz128x128_ST7735.obj   180    28        0      
    +--+----------------------------------------------------+------+---------+---------+
       Total:                                               1164   60        56     
                                                                                    
    .\ccs\
       startup_msp432p401r_ccs.obj                          14     228       0      
    +--+----------------------------------------------------+------+---------+---------+
       Total:                                               14     228       0      
                                                                                    
    C:/ti/simplelink_msp432p4_sdk_3_40_01_02/source/ti/devices/msp432p4xx/driverlib/ccs/msp432p4xx_driverlib.lib
       cs.o                                                 904    0         0      
       gpio.o                                               584    48        0      
       spi.o                                                312    0         0      
       timer32.o                                            246    0         0      
       interrupt.o                                          160    8         0      
       sysctl_a.o                                           148    0         0      
       flash.o                                              72     0         0      
       pcm.o                                                40     0         0      
       wdt_a.o                                              36     0         0      
       cpu.o                                                28     0         0      
    +--+----------------------------------------------------+------+---------+---------+
       Total:                                               2530   56        0      
                                                                                    
    C:/ti/simplelink_msp432p4_sdk_3_40_01_02/source/ti/grlib/lib/ccs/m4f/grlib.a
       fontfixed6x8.obj                                     0      960       0      
       context.obj                                          174    0         0      
       display.obj                                          48     0         0      
    +--+----------------------------------------------------+------+---------+---------+
       Total:                                               222    960       0      
                                                                                    
    C:\ti\ccs1000\ccs\tools\compiler\ti-cgt-arm_20.2.0.LTS\lib\rtsv7M4_T_le_v4SPD16_eabi.lib
       memcpy_t2.asm.obj                                    156    0         0      
       copy_decompress_lzss.c.obj                           104    0         0      
       autoinit.c.obj                                       68     0         0      
       boot_cortex_m.c.obj                                  52     0         0      
       copy_zero_init.c.obj                                 28     0         0      
       ll_mul_t2.asm.obj                                    24     0         0      
       copy_decompress_none.c.obj                           14     0         0      
       exit.c.obj                                           4      0         0      
       pre_init.c.obj                                       4      0         0      
    +--+----------------------------------------------------+------+---------+---------+
       Total:                                               454    0         0      
                                                                                    
       Stack:                                               0      0         1024   
       Linker Generated:                                    0      52        0      
    +--+----------------------------------------------------+------+---------+---------+
       Grand Total:                                         5328   1356      1146   


LINKER GENERATED COPY TABLES

__TI_cinit_table @ 00001a10 records: 2, size/record: 8, table size: 16
	.data: load addr=000019e8, load size=00000010 bytes, run addr=20000000, run size=00000028 bytes, compression=lzss
	.bss: load addr=00001a08, load size=00000008 bytes, run addr=20000028, run size=00000018 bytes, compression=zero_init


LINKER GENERATED HANDLER TABLE

__TI_handler_table @ 000019f8 records: 3, size/record: 4, table size: 12
	index: 0, handler: __TI_decompress_lzss
	index: 1, handler: __TI_decompress_none
	index: 2, handler: __TI_zero_init


GLOBAL SYMBOLS: SORTED ALPHABETICALLY BY Name 

address   name                                       
-------   ----                                       
0000124b  ADC14_IRQHandler                           
0000124b  AES256_IRQHandler                          
0000124b  BusFault_Handler                           
000015b1  C$$EXIT                                    
0000124b  COMP_E0_IRQHandler                         
0000124b  COMP_E1_IRQHandler                         
0000153d  CPU_cpsid                                  
00001549  CPU_cpsie                                  
000015a9  CPU_wfi                                    
0000124b  CS_IRQHandler                              
00000281  CS_initClockSignal                         
00000f91  CS_setDCOCenteredFrequency                 
000000e5  CS_setDCOFrequency                         
00000811  CS_tuneDCOFrequency                        
000004b5  Crystalfontz128x128_Init                   
00000921  Crystalfontz128x128_SetDrawFrame           
00000fc5  Crystalfontz128x128_SetOrientation         
0000124b  DMA_ERR_IRQHandler                         
0000124b  DMA_INT0_IRQHandler                        
0000124b  DMA_INT1_IRQHandler                        
0000124b  DMA_INT2_IRQHandler                        
0000124b  DMA_INT3_IRQHandler                        
0000124b  DebugMon_Handler                           
0000124b  Default_Handler                            
0000124b  EUSCIA0_IRQHandler                         
0000124b  EUSCIA1_IRQHandler                         
0000124b  EUSCIA2_IRQHandler                         
0000124b  EUSCIA3_IRQHandler                         
0000124b  EUSCIB0_IRQHandler                         
0000124b  EUSCIB1_IRQHandler                         
0000124b  EUSCIB2_IRQHandler                         
0000124b  EUSCIB3_IRQHandler                         
0000144b  EUSCI_A_SPI_enable                         
00001461  EUSCI_B_SPI_enable                         
0000124b  FLCTL_IRQHandler                           
0000124b  FPU_IRQHandler                             
00000d11  FlashCtl_setWaitState                      
000010e5  GPIO_clearInterruptFlag                    
0000110d  GPIO_enableInterrupt                       
0000124d  GPIO_getInterruptStatus                    
00000ee1  GPIO_interruptEdgeSelect                   
00000bb9  GPIO_setAsInputPinWithPullUpResistor       
00000de5  GPIO_setAsOutputPin                        
00000899  GPIO_setAsPeripheralModuleFunctionOutputPin
00001135  GPIO_setOutputHighOnPin                    
0000115d  GPIO_setOutputLowOnPin                     
00001185  GPIO_toggleOutputOnPin                     
000014df  Graphics_clearDisplay                      
00001369  Graphics_clearDisplayOnDisplay             
00000cbf  Graphics_initContext                       
00001383  Graphics_setBackgroundColor                
0000139d  Graphics_setFont                           
00001477  Graphics_setForegroundColor                
0000148d  Graphics_translateColorOnDisplay           
00001061  HAL_LCD_PortInit                           
00000e25  HAL_LCD_SpiInit                            
00001091  HAL_LCD_writeCommand                       
00001405  HAL_LCD_writeData                          
0000124b  HardFault_Handler                          
00000785  InitSystemTiming                           
000014f1  Interrupt_disableMaster                    
000009a5  Interrupt_enableInterrupt                  
00001501  Interrupt_enableMaster                     
00000b5d  LB1tapped                                  
2000002b  Lcd_FlagRead                               
2000002a  Lcd_FontSolid                              
20000028  Lcd_Orientation                            
20000029  Lcd_PenSolid                               
2000002e  Lcd_ScreenHeigth                           
2000002c  Lcd_ScreenWidth                            
20000030  Lcd_TouchTrim                              
0000124b  MemManage_Handler                          
0000124b  NMI_Handler                                
0000124b  PCM_IRQHandler                             
000011ad  PCM_gotoLPM0                               
000012d9  PORT1_IRQHandler                           
000012d9  PORT1_IRQHandler                           
0000124b  PORT2_IRQHandler                           
0000124b  PORT3_IRQHandler                           
0000124b  PORT4_IRQHandler                           
0000124b  PORT5_IRQHandler                           
0000124b  PORT6_IRQHandler                           
0000124b  PSS_IRQHandler                             
0000124b  PendSV_Handler                             
0000124b  RTC_C_IRQHandler                           
00001555  Reset_Handler                              
000012f9  SPI_enableModule                           
000005a5  SPI_initMaster                             
0000124b  SVC_Handler                                
000011d5  SWTimer_construct                          
00001271  SWTimer_elapsedCycles                      
000013b7  SWTimer_expired                            
00001315  SWTimer_start                              
000006f1  SysCtl_A_getTLVInfo                        
0000124b  SysTick_Handler                            
00000a25  SystemInit                                 
000011fd  T32_INT1_IRQHandler                        
000011fd  T32_INT1_IRQHandler                        
0000124b  T32_INT2_IRQHandler                        
0000124b  T32_INTC_IRQHandler                        
0000124b  TA0_0_IRQHandler                           
0000124b  TA0_N_IRQHandler                           
0000124b  TA1_0_IRQHandler                           
0000124b  TA1_N_IRQHandler                           
0000124b  TA2_0_IRQHandler                           
0000124b  TA2_N_IRQHandler                           
0000124b  TA3_0_IRQHandler                           
0000124b  TA3_N_IRQHandler                           
000014a3  Timer32_clearInterruptFlag                 
00001521  Timer32_getValue                           
00000a8d  Timer32_initModule                         
00000ff9  Timer32_setCount                           
00000f59  Timer32_startTimer                         
00001561  Toggle_LL1                                 
00001569  TurnOff_BLB                                
00001571  TurnOff_BLG                                
00001579  TurnOff_BLR                                
00001581  TurnOff_LL1                                
00001589  TurnOff_LLB                                
00001591  TurnOff_LLG                                
00001599  TurnOff_LLR                                
000015a1  TurnOn_LLG                                 
0000124b  UsageFault_Handler                         
4000480c  WDTCTL_SYM                                 
0000124b  WDT_A_IRQHandler                           
00001295  WDT_A_holdTimer                            
20010000  __STACK_END                                
00000200  __STACK_SIZE                               
00001a10  __TI_CINIT_Base                            
00001a20  __TI_CINIT_Limit                           
000019f8  __TI_Handler_Table_Base                    
00001a04  __TI_Handler_Table_Limit                   
00000da1  __TI_auto_init_nobinit_nopinit             
00000af5  __TI_decompress_lzss                       
0000152f  __TI_decompress_none                       
ffffffff  __TI_pprof_out_hndl                        
ffffffff  __TI_prof_data_size                        
ffffffff  __TI_prof_data_start                       
00000000  __TI_static_base__                         
00001331  __TI_zero_init_nomemset                    
0000141d  __aeabi_lmul                               
00000655  __aeabi_memcpy                             
00000655  __aeabi_memcpy4                            
00000655  __aeabi_memcpy8                            
ffffffff  __binit__                                  
ffffffff  __c_args__                                 
UNDEFED   __mpu_init                                 
2000fe00  __stack                                    
20000000  __start___llvm_prf_cnts                    
20000000  __stop___llvm_prf_cnts                     
0000102d  _c_int00_noargs                            
UNDEFED   _system_post_cinit                         
000015ad  _system_pre_init                           
000015b1  abort                                      
ffffffff  binit                                      
20000018  g_sCrystalfontz128x128                     
000019a4  g_sCrystalfontz128x128_funcs               
000018ac  g_sFontFixed6x8                            
00001225  initButton                                 
0000134d  initButtons                                
00000d59  initGraphics                               
00000c11  initLEDs                                   
000014b7  initialize                                 
00000000  interruptVectors                           
000013d1  main                                       
000014cb  main_loop                                  
00000655  memcpy                                     
00001511  sleep                                      
000013eb  updateButtons                              


GLOBAL SYMBOLS: SORTED BY Symbol Address 

address   name                                       
-------   ----                                       
00000000  __TI_static_base__                         
00000000  interruptVectors                           
000000e5  CS_setDCOFrequency                         
00000200  __STACK_SIZE                               
00000281  CS_initClockSignal                         
000004b5  Crystalfontz128x128_Init                   
000005a5  SPI_initMaster                             
00000655  __aeabi_memcpy                             
00000655  __aeabi_memcpy4                            
00000655  __aeabi_memcpy8                            
00000655  memcpy                                     
000006f1  SysCtl_A_getTLVInfo                        
00000785  InitSystemTiming                           
00000811  CS_tuneDCOFrequency                        
00000899  GPIO_setAsPeripheralModuleFunctionOutputPin
00000921  Crystalfontz128x128_SetDrawFrame           
000009a5  Interrupt_enableInterrupt                  
00000a25  SystemInit                                 
00000a8d  Timer32_initModule                         
00000af5  __TI_decompress_lzss                       
00000b5d  LB1tapped                                  
00000bb9  GPIO_setAsInputPinWithPullUpResistor       
00000c11  initLEDs                                   
00000cbf  Graphics_initContext                       
00000d11  FlashCtl_setWaitState                      
00000d59  initGraphics                               
00000da1  __TI_auto_init_nobinit_nopinit             
00000de5  GPIO_setAsOutputPin                        
00000e25  HAL_LCD_SpiInit                            
00000ee1  GPIO_interruptEdgeSelect                   
00000f59  Timer32_startTimer                         
00000f91  CS_setDCOCenteredFrequency                 
00000fc5  Crystalfontz128x128_SetOrientation         
00000ff9  Timer32_setCount                           
0000102d  _c_int00_noargs                            
00001061  HAL_LCD_PortInit                           
00001091  HAL_LCD_writeCommand                       
000010e5  GPIO_clearInterruptFlag                    
0000110d  GPIO_enableInterrupt                       
00001135  GPIO_setOutputHighOnPin                    
0000115d  GPIO_setOutputLowOnPin                     
00001185  GPIO_toggleOutputOnPin                     
000011ad  PCM_gotoLPM0                               
000011d5  SWTimer_construct                          
000011fd  T32_INT1_IRQHandler                        
000011fd  T32_INT1_IRQHandler                        
00001225  initButton                                 
0000124b  ADC14_IRQHandler                           
0000124b  AES256_IRQHandler                          
0000124b  BusFault_Handler                           
0000124b  COMP_E0_IRQHandler                         
0000124b  COMP_E1_IRQHandler                         
0000124b  CS_IRQHandler                              
0000124b  DMA_ERR_IRQHandler                         
0000124b  DMA_INT0_IRQHandler                        
0000124b  DMA_INT1_IRQHandler                        
0000124b  DMA_INT2_IRQHandler                        
0000124b  DMA_INT3_IRQHandler                        
0000124b  DebugMon_Handler                           
0000124b  Default_Handler                            
0000124b  EUSCIA0_IRQHandler                         
0000124b  EUSCIA1_IRQHandler                         
0000124b  EUSCIA2_IRQHandler                         
0000124b  EUSCIA3_IRQHandler                         
0000124b  EUSCIB0_IRQHandler                         
0000124b  EUSCIB1_IRQHandler                         
0000124b  EUSCIB2_IRQHandler                         
0000124b  EUSCIB3_IRQHandler                         
0000124b  FLCTL_IRQHandler                           
0000124b  FPU_IRQHandler                             
0000124b  HardFault_Handler                          
0000124b  MemManage_Handler                          
0000124b  NMI_Handler                                
0000124b  PCM_IRQHandler                             
0000124b  PORT2_IRQHandler                           
0000124b  PORT3_IRQHandler                           
0000124b  PORT4_IRQHandler                           
0000124b  PORT5_IRQHandler                           
0000124b  PORT6_IRQHandler                           
0000124b  PSS_IRQHandler                             
0000124b  PendSV_Handler                             
0000124b  RTC_C_IRQHandler                           
0000124b  SVC_Handler                                
0000124b  SysTick_Handler                            
0000124b  T32_INT2_IRQHandler                        
0000124b  T32_INTC_IRQHandler                        
0000124b  TA0_0_IRQHandler                           
0000124b  TA0_N_IRQHandler                           
0000124b  TA1_0_IRQHandler                           
0000124b  TA1_N_IRQHandler                           
0000124b  TA2_0_IRQHandler                           
0000124b  TA2_N_IRQHandler                           
0000124b  TA3_0_IRQHandler                           
0000124b  TA3_N_IRQHandler                           
0000124b  UsageFault_Handler                         
0000124b  WDT_A_IRQHandler                           
0000124d  GPIO_getInterruptStatus                    
00001271  SWTimer_elapsedCycles                      
00001295  WDT_A_holdTimer                            
000012d9  PORT1_IRQHandler                           
000012d9  PORT1_IRQHandler                           
000012f9  SPI_enableModule                           
00001315  SWTimer_start                              
00001331  __TI_zero_init_nomemset                    
0000134d  initButtons                                
00001369  Graphics_clearDisplayOnDisplay             
00001383  Graphics_setBackgroundColor                
0000139d  Graphics_setFont                           
000013b7  SWTimer_expired                            
000013d1  main                                       
000013eb  updateButtons                              
00001405  HAL_LCD_writeData                          
0000141d  __aeabi_lmul                               
0000144b  EUSCI_A_SPI_enable                         
00001461  EUSCI_B_SPI_enable                         
00001477  Graphics_setForegroundColor                
0000148d  Graphics_translateColorOnDisplay           
000014a3  Timer32_clearInterruptFlag                 
000014b7  initialize                                 
000014cb  main_loop                                  
000014df  Graphics_clearDisplay                      
000014f1  Interrupt_disableMaster                    
00001501  Interrupt_enableMaster                     
00001511  sleep                                      
00001521  Timer32_getValue                           
0000152f  __TI_decompress_none                       
0000153d  CPU_cpsid                                  
00001549  CPU_cpsie                                  
00001555  Reset_Handler                              
00001561  Toggle_LL1                                 
00001569  TurnOff_BLB                                
00001571  TurnOff_BLG                                
00001579  TurnOff_BLR                                
00001581  TurnOff_LL1                                
00001589  TurnOff_LLB                                
00001591  TurnOff_LLG                                
00001599  TurnOff_LLR                                
000015a1  TurnOn_LLG                                 
000015a9  CPU_wfi                                    
000015ad  _system_pre_init                           
000015b1  C$$EXIT                                    
000015b1  abort                                      
000018ac  g_sFontFixed6x8                            
000019a4  g_sCrystalfontz128x128_funcs               
000019f8  __TI_Handler_Table_Base                    
00001a04  __TI_Handler_Table_Limit                   
00001a10  __TI_CINIT_Base                            
00001a20  __TI_CINIT_Limit                           
20000000  __start___llvm_prf_cnts                    
20000000  __stop___llvm_prf_cnts                     
20000018  g_sCrystalfontz128x128                     
20000028  Lcd_Orientation                            
20000029  Lcd_PenSolid                               
2000002a  Lcd_FontSolid                              
2000002b  Lcd_FlagRead                               
2000002c  Lcd_ScreenWidth                            
2000002e  Lcd_ScreenHeigth                           
20000030  Lcd_TouchTrim                              
2000fe00  __stack                                    
20010000  __STACK_END                                
4000480c  WDTCTL_SYM                                 
ffffffff  __TI_pprof_out_hndl                        
ffffffff  __TI_prof_data_size                        
ffffffff  __TI_prof_data_start                       
ffffffff  __binit__                                  
ffffffff  __c_args__                                 
ffffffff  binit                                      
UNDEFED   __mpu_init                                 
UNDEFED   _system_post_cinit                         

[169 symbols]
