<?xml version="1.0" encoding="ISO-8859-1" ?>
<link_info>
   <banner>TI ARM Linker PC v20.2.0.LTS</banner>
   <copyright>Copyright (c) 1996-2018 Texas Instruments Incorporated</copyright>
   <link_time>0x69e69016</link_time>
   <link_errors>0x0</link_errors>
   <output_file>SP26_Proj3.out</output_file>
   <entry_point>
      <name>_c_int00_noargs</name>
      <address>0x102d</address>
   </entry_point>
   <input_file_list>
      <input_file id="fl-2">
         <path>.\</path>
         <kind>object</kind>
         <file>proj3_main.obj</file>
         <name>proj3_main.obj</name>
      </input_file>
      <input_file id="fl-3">
         <path>.\</path>
         <kind>object</kind>
         <file>system_msp432p401r.obj</file>
         <name>system_msp432p401r.obj</name>
      </input_file>
      <input_file id="fl-4">
         <path>.\HAL\</path>
         <kind>object</kind>
         <file>Button.obj</file>
         <name>Button.obj</name>
      </input_file>
      <input_file id="fl-5">
         <path>.\HAL\</path>
         <kind>object</kind>
         <file>LED.obj</file>
         <name>LED.obj</name>
      </input_file>
      <input_file id="fl-6">
         <path>.\HAL\</path>
         <kind>object</kind>
         <file>Timer.obj</file>
         <name>Timer.obj</name>
      </input_file>
      <input_file id="fl-7">
         <path>.\HAL\</path>
         <kind>object</kind>
         <file>UART.obj</file>
         <name>UART.obj</name>
      </input_file>
      <input_file id="fl-8">
         <path>.\LcdDriver\</path>
         <kind>object</kind>
         <file>Crystalfontz128x128_ST7735.obj</file>
         <name>Crystalfontz128x128_ST7735.obj</name>
      </input_file>
      <input_file id="fl-9">
         <path>.\LcdDriver\</path>
         <kind>object</kind>
         <file>HAL_MSP_EXP432P401R_Crystalfontz128x128_ST7735.obj</file>
         <name>HAL_MSP_EXP432P401R_Crystalfontz128x128_ST7735.obj</name>
      </input_file>
      <input_file id="fl-a">
         <path>.\ccs\</path>
         <kind>object</kind>
         <file>startup_msp432p401r_ccs.obj</file>
         <name>startup_msp432p401r_ccs.obj</name>
      </input_file>
      <input_file id="fl-14">
         <kind>object</kind>
         <file>&lt;internal&gt;</file>
         <name>&lt;internal&gt;</name>
      </input_file>
      <input_file id="fl-15">
         <path>C:\ti\simplelink_msp432p4_sdk_3_40_01_02\source\ti\grlib\lib\ccs\m4f\</path>
         <kind>archive</kind>
         <file>grlib.a</file>
         <name>context.obj</name>
      </input_file>
      <input_file id="fl-16">
         <path>C:\ti\simplelink_msp432p4_sdk_3_40_01_02\source\ti\grlib\lib\ccs\m4f\</path>
         <kind>archive</kind>
         <file>grlib.a</file>
         <name>display.obj</name>
      </input_file>
      <input_file id="fl-17">
         <path>C:\ti\simplelink_msp432p4_sdk_3_40_01_02\source\ti\grlib\lib\ccs\m4f\</path>
         <kind>archive</kind>
         <file>grlib.a</file>
         <name>fontfixed6x8.obj</name>
      </input_file>
      <input_file id="fl-18">
         <path>C:\ti\simplelink_msp432p4_sdk_3_40_01_02\source\ti\devices\msp432p4xx\driverlib\ccs\</path>
         <kind>archive</kind>
         <file>msp432p4xx_driverlib.lib</file>
         <name>cs.o</name>
      </input_file>
      <input_file id="fl-19">
         <path>C:\ti\simplelink_msp432p4_sdk_3_40_01_02\source\ti\devices\msp432p4xx\driverlib\ccs\</path>
         <kind>archive</kind>
         <file>msp432p4xx_driverlib.lib</file>
         <name>flash.o</name>
      </input_file>
      <input_file id="fl-1a">
         <path>C:\ti\simplelink_msp432p4_sdk_3_40_01_02\source\ti\devices\msp432p4xx\driverlib\ccs\</path>
         <kind>archive</kind>
         <file>msp432p4xx_driverlib.lib</file>
         <name>gpio.o</name>
      </input_file>
      <input_file id="fl-1b">
         <path>C:\ti\simplelink_msp432p4_sdk_3_40_01_02\source\ti\devices\msp432p4xx\driverlib\ccs\</path>
         <kind>archive</kind>
         <file>msp432p4xx_driverlib.lib</file>
         <name>interrupt.o</name>
      </input_file>
      <input_file id="fl-1c">
         <path>C:\ti\simplelink_msp432p4_sdk_3_40_01_02\source\ti\devices\msp432p4xx\driverlib\ccs\</path>
         <kind>archive</kind>
         <file>msp432p4xx_driverlib.lib</file>
         <name>pcm.o</name>
      </input_file>
      <input_file id="fl-1d">
         <path>C:\ti\simplelink_msp432p4_sdk_3_40_01_02\source\ti\devices\msp432p4xx\driverlib\ccs\</path>
         <kind>archive</kind>
         <file>msp432p4xx_driverlib.lib</file>
         <name>rtc_c.o</name>
      </input_file>
      <input_file id="fl-1e">
         <path>C:\ti\simplelink_msp432p4_sdk_3_40_01_02\source\ti\devices\msp432p4xx\driverlib\ccs\</path>
         <kind>archive</kind>
         <file>msp432p4xx_driverlib.lib</file>
         <name>spi.o</name>
      </input_file>
      <input_file id="fl-1f">
         <path>C:\ti\simplelink_msp432p4_sdk_3_40_01_02\source\ti\devices\msp432p4xx\driverlib\ccs\</path>
         <kind>archive</kind>
         <file>msp432p4xx_driverlib.lib</file>
         <name>sysctl.o</name>
      </input_file>
      <input_file id="fl-20">
         <path>C:\ti\simplelink_msp432p4_sdk_3_40_01_02\source\ti\devices\msp432p4xx\driverlib\ccs\</path>
         <kind>archive</kind>
         <file>msp432p4xx_driverlib.lib</file>
         <name>sysctl_a.o</name>
      </input_file>
      <input_file id="fl-21">
         <path>C:\ti\simplelink_msp432p4_sdk_3_40_01_02\source\ti\devices\msp432p4xx\driverlib\ccs\</path>
         <kind>archive</kind>
         <file>msp432p4xx_driverlib.lib</file>
         <name>timer32.o</name>
      </input_file>
      <input_file id="fl-22">
         <path>C:\ti\simplelink_msp432p4_sdk_3_40_01_02\source\ti\devices\msp432p4xx\driverlib\ccs\</path>
         <kind>archive</kind>
         <file>msp432p4xx_driverlib.lib</file>
         <name>uart.o</name>
      </input_file>
      <input_file id="fl-23">
         <path>C:\ti\simplelink_msp432p4_sdk_3_40_01_02\source\ti\devices\msp432p4xx\driverlib\ccs\</path>
         <kind>archive</kind>
         <file>msp432p4xx_driverlib.lib</file>
         <name>wdt_a.o</name>
      </input_file>
      <input_file id="fl-24">
         <path>C:\ti\simplelink_msp432p4_sdk_3_40_01_02\source\ti\devices\msp432p4xx\driverlib\ccs\</path>
         <kind>archive</kind>
         <file>msp432p4xx_driverlib.lib</file>
         <name>cpu.o</name>
      </input_file>
      <input_file id="fl-da">
         <path>C:\ti\ccs1000\ccs\tools\compiler\ti-cgt-arm_20.2.0.LTS\lib\</path>
         <kind>archive</kind>
         <file>rtsv7M4_T_le_v4SPD16_eabi.lib</file>
         <name>ll_mul_t2.asm.obj</name>
      </input_file>
      <input_file id="fl-db">
         <path>C:\ti\ccs1000\ccs\tools\compiler\ti-cgt-arm_20.2.0.LTS\lib\</path>
         <kind>archive</kind>
         <file>rtsv7M4_T_le_v4SPD16_eabi.lib</file>
         <name>memcpy_t2.asm.obj</name>
      </input_file>
      <input_file id="fl-dc">
         <path>C:\ti\ccs1000\ccs\tools\compiler\ti-cgt-arm_20.2.0.LTS\lib\</path>
         <kind>archive</kind>
         <file>rtsv7M4_T_le_v4SPD16_eabi.lib</file>
         <name>copy_zero_init.c.obj</name>
      </input_file>
      <input_file id="fl-dd">
         <path>C:\ti\ccs1000\ccs\tools\compiler\ti-cgt-arm_20.2.0.LTS\lib\</path>
         <kind>archive</kind>
         <file>rtsv7M4_T_le_v4SPD16_eabi.lib</file>
         <name>copy_decompress_none.c.obj</name>
      </input_file>
      <input_file id="fl-de">
         <path>C:\ti\ccs1000\ccs\tools\compiler\ti-cgt-arm_20.2.0.LTS\lib\</path>
         <kind>archive</kind>
         <file>rtsv7M4_T_le_v4SPD16_eabi.lib</file>
         <name>copy_decompress_lzss.c.obj</name>
      </input_file>
      <input_file id="fl-df">
         <path>C:\ti\ccs1000\ccs\tools\compiler\ti-cgt-arm_20.2.0.LTS\lib\</path>
         <kind>archive</kind>
         <file>rtsv7M4_T_le_v4SPD16_eabi.lib</file>
         <name>boot_cortex_m.c.obj</name>
      </input_file>
      <input_file id="fl-e0">
         <path>C:\ti\ccs1000\ccs\tools\compiler\ti-cgt-arm_20.2.0.LTS\lib\</path>
         <kind>archive</kind>
         <file>rtsv7M4_T_le_v4SPD16_eabi.lib</file>
         <name>memset_t2.asm.obj</name>
      </input_file>
      <input_file id="fl-e1">
         <path>C:\ti\ccs1000\ccs\tools\compiler\ti-cgt-arm_20.2.0.LTS\lib\</path>
         <kind>archive</kind>
         <file>rtsv7M4_T_le_v4SPD16_eabi.lib</file>
         <name>autoinit.c.obj</name>
      </input_file>
      <input_file id="fl-e2">
         <path>C:\ti\ccs1000\ccs\tools\compiler\ti-cgt-arm_20.2.0.LTS\lib\</path>
         <kind>archive</kind>
         <file>rtsv7M4_T_le_v4SPD16_eabi.lib</file>
         <name>pre_init.c.obj</name>
      </input_file>
      <input_file id="fl-e3">
         <path>C:\ti\ccs1000\ccs\tools\compiler\ti-cgt-arm_20.2.0.LTS\lib\</path>
         <kind>archive</kind>
         <file>rtsv7M4_T_le_v4SPD16_eabi.lib</file>
         <name>cpy_tbl.c.obj</name>
      </input_file>
      <input_file id="fl-e4">
         <path>C:\ti\ccs1000\ccs\tools\compiler\ti-cgt-arm_20.2.0.LTS\lib\</path>
         <kind>archive</kind>
         <file>rtsv7M4_T_le_v4SPD16_eabi.lib</file>
         <name>exit.c.obj</name>
      </input_file>
      <input_file id="fl-e5">
         <path>C:\ti\ccs1000\ccs\tools\compiler\ti-cgt-arm_20.2.0.LTS\lib\</path>
         <kind>archive</kind>
         <file>rtsv7M4_T_le_v4SPD16_eabi.lib</file>
         <name>_lock.c.obj</name>
      </input_file>
      <input_file id="fl-e6">
         <path>C:\ti\ccs1000\ccs\tools\compiler\ti-cgt-arm_20.2.0.LTS\lib\</path>
         <kind>archive</kind>
         <file>rtsv7M4_T_le_v4SPD16_eabi.lib</file>
         <name>args_main.c.obj</name>
      </input_file>
   </input_file_list>
   <object_component_list>
      <object_component id="oc-26">
         <name>.intvecs:retain</name>
         <load_address>0x0</load_address>
         <run_address>0x0</run_address>
         <size>0xe4</size>
         <input_file_ref idref="fl-a"/>
      </object_component>
      <object_component id="oc-17d">
         <name>.text:CS_setDCOFrequency</name>
         <load_address>0xe4</load_address>
         <run_address>0xe4</run_address>
         <size>0x19c</size>
         <input_file_ref idref="fl-18"/>
      </object_component>
      <object_component id="oc-183">
         <name>.text:CS_initClockSignal</name>
         <load_address>0x280</load_address>
         <run_address>0x280</run_address>
         <size>0x130</size>
         <input_file_ref idref="fl-18"/>
      </object_component>
      <object_component id="oc-1d9">
         <name>.text:Crystalfontz128x128_PixelDrawMultiple</name>
         <load_address>0x3b0</load_address>
         <run_address>0x3b0</run_address>
         <size>0x104</size>
         <input_file_ref idref="fl-8"/>
      </object_component>
      <object_component id="oc-119">
         <name>.text:Crystalfontz128x128_Init</name>
         <load_address>0x4b4</load_address>
         <run_address>0x4b4</run_address>
         <size>0xf0</size>
         <input_file_ref idref="fl-8"/>
      </object_component>
      <object_component id="oc-26f">
         <name>.text:SPI_initMaster</name>
         <load_address>0x5a4</load_address>
         <run_address>0x5a4</run_address>
         <size>0xb0</size>
         <input_file_ref idref="fl-1e"/>
      </object_component>
      <object_component id="oc-35">
         <name>.text</name>
         <load_address>0x654</load_address>
         <run_address>0x654</run_address>
         <size>0x9c</size>
         <input_file_ref idref="fl-db"/>
      </object_component>
      <object_component id="oc-233">
         <name>.text:SysCtl_A_getTLVInfo</name>
         <load_address>0x6f0</load_address>
         <run_address>0x6f0</run_address>
         <size>0x94</size>
         <input_file_ref idref="fl-20"/>
      </object_component>
      <object_component id="oc-116">
         <name>.text:InitSystemTiming</name>
         <load_address>0x784</load_address>
         <run_address>0x784</run_address>
         <size>0x8c</size>
         <input_file_ref idref="fl-6"/>
      </object_component>
      <object_component id="oc-23f">
         <name>.text:CS_tuneDCOFrequency</name>
         <load_address>0x810</load_address>
         <run_address>0x810</run_address>
         <size>0x88</size>
         <input_file_ref idref="fl-18"/>
      </object_component>
      <object_component id="oc-269">
         <name>.text:GPIO_setAsPeripheralModuleFunctionOutputPin</name>
         <load_address>0x898</load_address>
         <run_address>0x898</run_address>
         <size>0x88</size>
         <input_file_ref idref="fl-1a"/>
      </object_component>
      <object_component id="oc-1c4">
         <name>.text:Crystalfontz128x128_SetDrawFrame</name>
         <load_address>0x920</load_address>
         <run_address>0x920</run_address>
         <size>0x84</size>
         <input_file_ref idref="fl-8"/>
      </object_component>
      <object_component id="oc-195">
         <name>.text:Interrupt_enableInterrupt</name>
         <load_address>0x9a4</load_address>
         <run_address>0x9a4</run_address>
         <size>0x80</size>
         <input_file_ref idref="fl-1b"/>
      </object_component>
      <object_component id="oc-99">
         <name>.text:SystemInit</name>
         <load_address>0xa24</load_address>
         <run_address>0xa24</run_address>
         <size>0x68</size>
         <input_file_ref idref="fl-3"/>
      </object_component>
      <object_component id="oc-189">
         <name>.text:Timer32_initModule</name>
         <load_address>0xa8c</load_address>
         <run_address>0xa8c</run_address>
         <size>0x68</size>
         <input_file_ref idref="fl-21"/>
      </object_component>
      <object_component id="oc-17">
         <name>.text:decompress:lzss:__TI_decompress_lzss</name>
         <load_address>0xaf4</load_address>
         <run_address>0xaf4</run_address>
         <size>0x68</size>
         <input_file_ref idref="fl-de"/>
      </object_component>
      <object_component id="oc-1f2">
         <name>.text:LB1tapped</name>
         <load_address>0xb5c</load_address>
         <run_address>0xb5c</run_address>
         <size>0x5c</size>
         <input_file_ref idref="fl-4"/>
      </object_component>
      <object_component id="oc-257">
         <name>.text:GPIO_setAsInputPinWithPullUpResistor</name>
         <load_address>0xbb8</load_address>
         <run_address>0xbb8</run_address>
         <size>0x58</size>
         <input_file_ref idref="fl-1a"/>
      </object_component>
      <object_component id="oc-117">
         <name>.text:initLEDs</name>
         <load_address>0xc10</load_address>
         <run_address>0xc10</run_address>
         <size>0x58</size>
         <input_file_ref idref="fl-5"/>
      </object_component>
      <object_component id="oc-1dc">
         <name>.text:Crystalfontz128x128_RectFill</name>
         <load_address>0xc68</load_address>
         <run_address>0xc68</run_address>
         <size>0x56</size>
         <input_file_ref idref="fl-8"/>
      </object_component>
      <object_component id="oc-11b">
         <name>.text:Graphics_initContext</name>
         <load_address>0xcbe</load_address>
         <run_address>0xcbe</run_address>
         <size>0x52</size>
         <input_file_ref idref="fl-15"/>
      </object_component>
      <object_component id="oc-177">
         <name>.text:FlashCtl_setWaitState</name>
         <load_address>0xd10</load_address>
         <run_address>0xd10</run_address>
         <size>0x48</size>
         <input_file_ref idref="fl-19"/>
      </object_component>
      <object_component id="oc-bf">
         <name>.text:initGraphics</name>
         <load_address>0xd58</load_address>
         <run_address>0xd58</run_address>
         <size>0x48</size>
         <input_file_ref idref="fl-2"/>
      </object_component>
      <object_component id="oc-ce">
         <name>.text:__TI_auto_init_nobinit_nopinit:__TI_auto_init_nobinit_nopinit</name>
         <load_address>0xda0</load_address>
         <run_address>0xda0</run_address>
         <size>0x44</size>
         <input_file_ref idref="fl-e1"/>
      </object_component>
      <object_component id="oc-1a7">
         <name>.text:GPIO_setAsOutputPin</name>
         <load_address>0xde4</load_address>
         <run_address>0xde4</run_address>
         <size>0x40</size>
         <input_file_ref idref="fl-1a"/>
      </object_component>
      <object_component id="oc-1b5">
         <name>.text:HAL_LCD_SpiInit</name>
         <load_address>0xe24</load_address>
         <run_address>0xe24</run_address>
         <size>0x40</size>
         <input_file_ref idref="fl-9"/>
      </object_component>
      <object_component id="oc-2b5">
         <name>.text:is_A_Module</name>
         <load_address>0xe64</load_address>
         <run_address>0xe64</run_address>
         <size>0x40</size>
         <input_file_ref idref="fl-1e"/>
      </object_component>
      <object_component id="oc-1db">
         <name>.text:Crystalfontz128x128_LineDrawV</name>
         <load_address>0xea4</load_address>
         <run_address>0xea4</run_address>
         <size>0x3c</size>
         <input_file_ref idref="fl-8"/>
      </object_component>
      <object_component id="oc-263">
         <name>.text:GPIO_interruptEdgeSelect</name>
         <load_address>0xee0</load_address>
         <run_address>0xee0</run_address>
         <size>0x3c</size>
         <input_file_ref idref="fl-1a"/>
      </object_component>
      <object_component id="oc-1da">
         <name>.text:Crystalfontz128x128_LineDrawH</name>
         <load_address>0xf1c</load_address>
         <run_address>0xf1c</run_address>
         <size>0x3a</size>
         <input_file_ref idref="fl-8"/>
      </object_component>
      <object_component id="oc-1de">
         <name>.text:Crystalfontz128x128_Flush</name>
         <load_address>0xf56</load_address>
         <run_address>0xf56</run_address>
         <size>0x2</size>
         <input_file_ref idref="fl-8"/>
      </object_component>
      <object_component id="oc-1a1">
         <name>.text:Timer32_startTimer</name>
         <load_address>0xf58</load_address>
         <run_address>0xf58</run_address>
         <size>0x38</size>
         <input_file_ref idref="fl-21"/>
      </object_component>
      <object_component id="oc-239">
         <name>.text:CS_setDCOCenteredFrequency</name>
         <load_address>0xf90</load_address>
         <run_address>0xf90</run_address>
         <size>0x34</size>
         <input_file_ref idref="fl-18"/>
      </object_component>
      <object_component id="oc-11a">
         <name>.text:Crystalfontz128x128_SetOrientation</name>
         <load_address>0xfc4</load_address>
         <run_address>0xfc4</run_address>
         <size>0x34</size>
         <input_file_ref idref="fl-8"/>
      </object_component>
      <object_component id="oc-18f">
         <name>.text:Timer32_setCount</name>
         <load_address>0xff8</load_address>
         <run_address>0xff8</run_address>
         <size>0x34</size>
         <input_file_ref idref="fl-21"/>
      </object_component>
      <object_component id="oc-53">
         <name>.text:_c_int00_noargs:_c_int00_noargs</name>
         <load_address>0x102c</load_address>
         <run_address>0x102c</run_address>
         <size>0x34</size>
         <input_file_ref idref="fl-df"/>
      </object_component>
      <object_component id="oc-1b4">
         <name>.text:HAL_LCD_PortInit</name>
         <load_address>0x1060</load_address>
         <run_address>0x1060</run_address>
         <size>0x30</size>
         <input_file_ref idref="fl-9"/>
      </object_component>
      <object_component id="oc-1c2">
         <name>.text:HAL_LCD_writeCommand</name>
         <load_address>0x1090</load_address>
         <run_address>0x1090</run_address>
         <size>0x2c</size>
         <input_file_ref idref="fl-9"/>
      </object_component>
      <object_component id="oc-1d8">
         <name>.text:Crystalfontz128x128_PixelDraw</name>
         <load_address>0x10bc</load_address>
         <run_address>0x10bc</run_address>
         <size>0x28</size>
         <input_file_ref idref="fl-8"/>
      </object_component>
      <object_component id="oc-a7">
         <name>.text:GPIO_clearInterruptFlag</name>
         <load_address>0x10e4</load_address>
         <run_address>0x10e4</run_address>
         <size>0x28</size>
         <input_file_ref idref="fl-1a"/>
      </object_component>
      <object_component id="oc-25d">
         <name>.text:GPIO_enableInterrupt</name>
         <load_address>0x110c</load_address>
         <run_address>0x110c</run_address>
         <size>0x28</size>
         <input_file_ref idref="fl-1a"/>
      </object_component>
      <object_component id="oc-1bc">
         <name>.text:GPIO_setOutputHighOnPin</name>
         <load_address>0x1134</load_address>
         <run_address>0x1134</run_address>
         <size>0x28</size>
         <input_file_ref idref="fl-1a"/>
      </object_component>
      <object_component id="oc-1b6">
         <name>.text:GPIO_setOutputLowOnPin</name>
         <load_address>0x115c</load_address>
         <run_address>0x115c</run_address>
         <size>0x28</size>
         <input_file_ref idref="fl-1a"/>
      </object_component>
      <object_component id="oc-1f3">
         <name>.text:GPIO_toggleOutputOnPin</name>
         <load_address>0x1184</load_address>
         <run_address>0x1184</run_address>
         <size>0x28</size>
         <input_file_ref idref="fl-1a"/>
      </object_component>
      <object_component id="oc-13f">
         <name>.text:PCM_gotoLPM0</name>
         <load_address>0x11ac</load_address>
         <run_address>0x11ac</run_address>
         <size>0x28</size>
         <input_file_ref idref="fl-1c"/>
      </object_component>
      <object_component id="oc-28e">
         <name>.text:SWTimer_construct</name>
         <load_address>0x11d4</load_address>
         <run_address>0x11d4</run_address>
         <size>0x28</size>
         <input_file_ref idref="fl-6"/>
      </object_component>
      <object_component id="oc-67">
         <name>.text:T32_INT1_IRQHandler</name>
         <load_address>0x11fc</load_address>
         <run_address>0x11fc</run_address>
         <size>0x28</size>
         <input_file_ref idref="fl-6"/>
      </object_component>
      <object_component id="oc-1b3">
         <name>.text:initButton</name>
         <load_address>0x1224</load_address>
         <run_address>0x1224</run_address>
         <size>0x26</size>
         <input_file_ref idref="fl-4"/>
      </object_component>
      <object_component id="oc-66">
         <name>.text:Default_Handler</name>
         <load_address>0x124a</load_address>
         <run_address>0x124a</run_address>
         <size>0x2</size>
         <input_file_ref idref="fl-a"/>
      </object_component>
      <object_component id="oc-a1">
         <name>.text:GPIO_getInterruptStatus</name>
         <load_address>0x124c</load_address>
         <run_address>0x124c</run_address>
         <size>0x24</size>
         <input_file_ref idref="fl-1a"/>
      </object_component>
      <object_component id="oc-2cc">
         <name>.text:SWTimer_elapsedCycles</name>
         <load_address>0x1270</load_address>
         <run_address>0x1270</run_address>
         <size>0x24</size>
         <input_file_ref idref="fl-6"/>
      </object_component>
      <object_component id="oc-110">
         <name>.text:WDT_A_holdTimer</name>
         <load_address>0x1294</load_address>
         <run_address>0x1294</run_address>
         <size>0x24</size>
         <input_file_ref idref="fl-23"/>
      </object_component>
      <object_component id="oc-1df">
         <name>.text:Crystalfontz128x128_ClearScreen</name>
         <load_address>0x12b8</load_address>
         <run_address>0x12b8</run_address>
         <size>0x20</size>
         <input_file_ref idref="fl-8"/>
      </object_component>
      <object_component id="oc-68">
         <name>.text:PORT1_IRQHandler</name>
         <load_address>0x12d8</load_address>
         <run_address>0x12d8</run_address>
         <size>0x20</size>
         <input_file_ref idref="fl-4"/>
      </object_component>
      <object_component id="oc-275">
         <name>.text:SPI_enableModule</name>
         <load_address>0x12f8</load_address>
         <run_address>0x12f8</run_address>
         <size>0x1c</size>
         <input_file_ref idref="fl-1e"/>
      </object_component>
      <object_component id="oc-28f">
         <name>.text:SWTimer_start</name>
         <load_address>0x1314</load_address>
         <run_address>0x1314</run_address>
         <size>0x1c</size>
         <input_file_ref idref="fl-6"/>
      </object_component>
      <object_component id="oc-41">
         <name>.text:decompress:ZI:__TI_zero_init_nomemset:__TI_zero_init_nomemset</name>
         <load_address>0x1330</load_address>
         <run_address>0x1330</run_address>
         <size>0x1c</size>
         <input_file_ref idref="fl-dc"/>
      </object_component>
      <object_component id="oc-118">
         <name>.text:initButtons</name>
         <load_address>0x134c</load_address>
         <run_address>0x134c</run_address>
         <size>0x1c</size>
         <input_file_ref idref="fl-4"/>
      </object_component>
      <object_component id="oc-1d1">
         <name>.text:Graphics_clearDisplayOnDisplay</name>
         <load_address>0x1368</load_address>
         <run_address>0x1368</run_address>
         <size>0x1a</size>
         <input_file_ref idref="fl-16"/>
      </object_component>
      <object_component id="oc-12d">
         <name>.text:Graphics_setBackgroundColor</name>
         <load_address>0x1382</load_address>
         <run_address>0x1382</run_address>
         <size>0x1a</size>
         <input_file_ref idref="fl-15"/>
      </object_component>
      <object_component id="oc-121">
         <name>.text:Graphics_setFont</name>
         <load_address>0x139c</load_address>
         <run_address>0x139c</run_address>
         <size>0x1a</size>
         <input_file_ref idref="fl-15"/>
      </object_component>
      <object_component id="oc-28d">
         <name>.text:SWTimer_expired</name>
         <load_address>0x13b6</load_address>
         <run_address>0x13b6</run_address>
         <size>0x1a</size>
         <input_file_ref idref="fl-6"/>
      </object_component>
      <object_component id="oc-8c">
         <name>.text:main</name>
         <load_address>0x13d0</load_address>
         <run_address>0x13d0</run_address>
         <size>0x1a</size>
         <input_file_ref idref="fl-2"/>
      </object_component>
      <object_component id="oc-146">
         <name>.text:updateButtons</name>
         <load_address>0x13ea</load_address>
         <run_address>0x13ea</run_address>
         <size>0x1a</size>
         <input_file_ref idref="fl-4"/>
      </object_component>
      <object_component id="oc-1c3">
         <name>.text:HAL_LCD_writeData</name>
         <load_address>0x1404</load_address>
         <run_address>0x1404</run_address>
         <size>0x18</size>
         <input_file_ref idref="fl-9"/>
      </object_component>
      <object_component id="oc-2cd">
         <name>.text</name>
         <load_address>0x141c</load_address>
         <run_address>0x141c</run_address>
         <size>0x18</size>
         <input_file_ref idref="fl-da"/>
      </object_component>
      <object_component id="oc-1dd">
         <name>.text:Crystalfontz128x128_ColorTranslate</name>
         <load_address>0x1434</load_address>
         <run_address>0x1434</run_address>
         <size>0x16</size>
         <input_file_ref idref="fl-8"/>
      </object_component>
      <object_component id="oc-2bd">
         <name>.text:EUSCI_A_SPI_enable</name>
         <load_address>0x144a</load_address>
         <run_address>0x144a</run_address>
         <size>0x16</size>
         <input_file_ref idref="fl-1e"/>
      </object_component>
      <object_component id="oc-2c3">
         <name>.text:EUSCI_B_SPI_enable</name>
         <load_address>0x1460</load_address>
         <run_address>0x1460</run_address>
         <size>0x16</size>
         <input_file_ref idref="fl-1e"/>
      </object_component>
      <object_component id="oc-127">
         <name>.text:Graphics_setForegroundColor</name>
         <load_address>0x1476</load_address>
         <run_address>0x1476</run_address>
         <size>0x16</size>
         <input_file_ref idref="fl-15"/>
      </object_component>
      <object_component id="oc-1c9">
         <name>.text:Graphics_translateColorOnDisplay</name>
         <load_address>0x148c</load_address>
         <run_address>0x148c</run_address>
         <size>0x16</size>
         <input_file_ref idref="fl-16"/>
      </object_component>
      <object_component id="oc-9a">
         <name>.text:Timer32_clearInterruptFlag</name>
         <load_address>0x14a2</load_address>
         <run_address>0x14a2</run_address>
         <size>0x14</size>
         <input_file_ref idref="fl-21"/>
      </object_component>
      <object_component id="oc-be">
         <name>.text:initialize</name>
         <load_address>0x14b6</load_address>
         <run_address>0x14b6</run_address>
         <size>0x14</size>
         <input_file_ref idref="fl-2"/>
      </object_component>
      <object_component id="oc-c1">
         <name>.text:main_loop</name>
         <load_address>0x14ca</load_address>
         <run_address>0x14ca</run_address>
         <size>0x14</size>
         <input_file_ref idref="fl-2"/>
      </object_component>
      <object_component id="oc-133">
         <name>.text:Graphics_clearDisplay</name>
         <load_address>0x14de</load_address>
         <run_address>0x14de</run_address>
         <size>0x12</size>
         <input_file_ref idref="fl-15"/>
      </object_component>
      <object_component id="oc-171">
         <name>.text:Interrupt_disableMaster</name>
         <load_address>0x14f0</load_address>
         <run_address>0x14f0</run_address>
         <size>0x10</size>
         <input_file_ref idref="fl-1b"/>
      </object_component>
      <object_component id="oc-19b">
         <name>.text:Interrupt_enableMaster</name>
         <load_address>0x1500</load_address>
         <run_address>0x1500</run_address>
         <size>0x10</size>
         <input_file_ref idref="fl-1b"/>
      </object_component>
      <object_component id="oc-c0">
         <name>.text:sleep</name>
         <load_address>0x1510</load_address>
         <run_address>0x1510</run_address>
         <size>0x10</size>
         <input_file_ref idref="fl-2"/>
      </object_component>
      <object_component id="oc-2d2">
         <name>.text:Timer32_getValue</name>
         <load_address>0x1520</load_address>
         <run_address>0x1520</run_address>
         <size>0xe</size>
         <input_file_ref idref="fl-21"/>
      </object_component>
      <object_component id="oc-1d">
         <name>.text:decompress:none:__TI_decompress_none</name>
         <load_address>0x152e</load_address>
         <run_address>0x152e</run_address>
         <size>0xe</size>
         <input_file_ref idref="fl-dd"/>
      </object_component>
      <object_component id="oc-22b">
         <name>.text:CPU_cpsid</name>
         <load_address>0x153c</load_address>
         <run_address>0x153c</run_address>
         <size>0xc</size>
         <input_file_ref idref="fl-24"/>
      </object_component>
      <object_component id="oc-24e">
         <name>.text:CPU_cpsie</name>
         <load_address>0x1548</load_address>
         <run_address>0x1548</run_address>
         <size>0xc</size>
         <input_file_ref idref="fl-24"/>
      </object_component>
      <object_component id="oc-65">
         <name>.text:Reset_Handler</name>
         <load_address>0x1554</load_address>
         <run_address>0x1554</run_address>
         <size>0xc</size>
         <input_file_ref idref="fl-a"/>
      </object_component>
      <object_component id="oc-147">
         <name>.text:Toggle_LL1</name>
         <load_address>0x1560</load_address>
         <run_address>0x1560</run_address>
         <size>0x8</size>
         <input_file_ref idref="fl-5"/>
      </object_component>
      <object_component id="oc-1b2">
         <name>.text:TurnOff_BLB</name>
         <load_address>0x1568</load_address>
         <run_address>0x1568</run_address>
         <size>0x8</size>
         <input_file_ref idref="fl-5"/>
      </object_component>
      <object_component id="oc-1b1">
         <name>.text:TurnOff_BLG</name>
         <load_address>0x1570</load_address>
         <run_address>0x1570</run_address>
         <size>0x8</size>
         <input_file_ref idref="fl-5"/>
      </object_component>
      <object_component id="oc-1b0">
         <name>.text:TurnOff_BLR</name>
         <load_address>0x1578</load_address>
         <run_address>0x1578</run_address>
         <size>0x8</size>
         <input_file_ref idref="fl-5"/>
      </object_component>
      <object_component id="oc-1ad">
         <name>.text:TurnOff_LL1</name>
         <load_address>0x1580</load_address>
         <run_address>0x1580</run_address>
         <size>0x8</size>
         <input_file_ref idref="fl-5"/>
      </object_component>
      <object_component id="oc-1af">
         <name>.text:TurnOff_LLB</name>
         <load_address>0x1588</load_address>
         <run_address>0x1588</run_address>
         <size>0x8</size>
         <input_file_ref idref="fl-5"/>
      </object_component>
      <object_component id="oc-145">
         <name>.text:TurnOff_LLG</name>
         <load_address>0x1590</load_address>
         <run_address>0x1590</run_address>
         <size>0x8</size>
         <input_file_ref idref="fl-5"/>
      </object_component>
      <object_component id="oc-1ae">
         <name>.text:TurnOff_LLR</name>
         <load_address>0x1598</load_address>
         <run_address>0x1598</run_address>
         <size>0x8</size>
         <input_file_ref idref="fl-5"/>
      </object_component>
      <object_component id="oc-13e">
         <name>.text:TurnOn_LLG</name>
         <load_address>0x15a0</load_address>
         <run_address>0x15a0</run_address>
         <size>0x8</size>
         <input_file_ref idref="fl-5"/>
      </object_component>
      <object_component id="oc-1e6">
         <name>.text:CPU_wfi</name>
         <load_address>0x15a8</load_address>
         <run_address>0x15a8</run_address>
         <size>0x4</size>
         <input_file_ref idref="fl-24"/>
      </object_component>
      <object_component id="oc-86">
         <name>.text:_system_pre_init</name>
         <load_address>0x15ac</load_address>
         <run_address>0x15ac</run_address>
         <size>0x4</size>
         <input_file_ref idref="fl-e2"/>
      </object_component>
      <object_component id="oc-c2">
         <name>.text:abort:abort</name>
         <load_address>0x15b0</load_address>
         <run_address>0x15b0</run_address>
         <size>0x4</size>
         <input_file_ref idref="fl-e4"/>
      </object_component>
      <object_component id="oc-1e0">
         <name>.const:.string:g_pucFontFixed6x8Data</name>
         <load_address>0x15b4</load_address>
         <run_address>0x15b4</run_address>
         <size>0x2f8</size>
         <input_file_ref idref="fl-17"/>
      </object_component>
      <object_component id="oc-13b">
         <name>.const:g_sFontFixed6x8</name>
         <load_address>0x18ac</load_address>
         <run_address>0x18ac</run_address>
         <size>0xc8</size>
         <input_file_ref idref="fl-17"/>
      </object_component>
      <object_component id="oc-106">
         <name>.const:GPIO_PORT_TO_BASE</name>
         <load_address>0x1974</load_address>
         <run_address>0x1974</run_address>
         <size>0x30</size>
         <input_file_ref idref="fl-1a"/>
      </object_component>
      <object_component id="oc-13a">
         <name>.const:g_sCrystalfontz128x128_funcs</name>
         <load_address>0x19a4</load_address>
         <run_address>0x19a4</run_address>
         <size>0x20</size>
         <input_file_ref idref="fl-8"/>
      </object_component>
      <object_component id="oc-27b">
         <name>.const:$P$T0$1</name>
         <load_address>0x19c4</load_address>
         <run_address>0x19c4</run_address>
         <size>0x1c</size>
         <input_file_ref idref="fl-9"/>
      </object_component>
      <object_component id="oc-24a">
         <name>.const:g_pulEnRegs</name>
         <load_address>0x19e0</load_address>
         <run_address>0x19e0</run_address>
         <size>0x8</size>
         <input_file_ref idref="fl-1b"/>
      </object_component>
      <object_component id="oc-319">
         <name>.cinit..data.load</name>
         <load_address>0x19e8</load_address>
         <run_address>0x19e8</run_address>
         <size>0x10</size>
      </object_component>
      <object_component id="oc-317">
         <name>__TI_handler_table</name>
         <load_address>0x19f8</load_address>
         <run_address>0x19f8</run_address>
         <size>0xc</size>
      </object_component>
      <object_component id="oc-31a">
         <name>.cinit..bss.load</name>
         <load_address>0x1a08</load_address>
         <run_address>0x1a08</run_address>
         <size>0x8</size>
      </object_component>
      <object_component id="oc-318">
         <name>__TI_cinit_table</name>
         <load_address>0x1a10</load_address>
         <run_address>0x1a10</run_address>
         <size>0x10</size>
      </object_component>
      <object_component id="oc-2eb">
         <name>.binit</name>
         <load_address>0x0</load_address>
         <run_address>0x0</run_address>
         <size>0x0</size>
      </object_component>
      <object_component id="oc-290">
         <name>.data:$O1$$</name>
         <load_address>0x20000000</load_address>
         <run_address>0x20000000</run_address>
         <size>0x18</size>
         <input_file_ref idref="fl-4"/>
      </object_component>
      <object_component id="oc-139">
         <name>.data:g_sCrystalfontz128x128</name>
         <load_address>0x20000018</load_address>
         <run_address>0x20000018</run_address>
         <size>0x10</size>
         <input_file_ref idref="fl-8"/>
      </object_component>
      <object_component id="oc-ad">
         <name>.bss</name>
         <uninitialized>true</uninitialized>
         <run_address>0x20000034</run_address>
         <size>0x1</size>
         <input_file_ref idref="fl-4"/>
      </object_component>
      <object_component id="oc-a0">
         <name>.bss</name>
         <uninitialized>true</uninitialized>
         <run_address>0x20000038</run_address>
         <size>0x8</size>
         <input_file_ref idref="fl-6"/>
      </object_component>
      <object_component id="oc-1c5">
         <name>.bss:$O1$$</name>
         <uninitialized>true</uninitialized>
         <run_address>0x20000028</run_address>
         <size>0xc</size>
         <input_file_ref idref="fl-8"/>
      </object_component>
      <object_component id="oc-27">
         <name>.stack</name>
         <uninitialized>true</uninitialized>
         <run_address>0x2000fe00</run_address>
         <size>0x4</size>
         <input_file_ref idref="fl-df"/>
      </object_component>
      <object_component id="oc-31c">
         <name>.stack</name>
         <uninitialized>true</uninitialized>
         <run_address>0x2000fe00</run_address>
         <size>0x0</size>
      </object_component>
      <object_component id="oc-1c7">
         <name>.debug_info</name>
         <load_address>0x0</load_address>
         <run_address>0x0</run_address>
         <size>0x561</size>
         <input_file_ref idref="fl-15"/>
      </object_component>
      <object_component id="oc-11d">
         <name>.debug_info</name>
         <load_address>0x561</load_address>
         <run_address>0x561</run_address>
         <size>0x1ef</size>
         <input_file_ref idref="fl-15"/>
      </object_component>
      <object_component id="oc-12f">
         <name>.debug_info</name>
         <load_address>0x750</load_address>
         <run_address>0x750</run_address>
         <size>0x203</size>
         <input_file_ref idref="fl-15"/>
      </object_component>
      <object_component id="oc-123">
         <name>.debug_info</name>
         <load_address>0x953</load_address>
         <run_address>0x953</run_address>
         <size>0x1d0</size>
         <input_file_ref idref="fl-15"/>
      </object_component>
      <object_component id="oc-128">
         <name>.debug_info</name>
         <load_address>0xb23</load_address>
         <run_address>0xb23</run_address>
         <size>0x1f6</size>
         <input_file_ref idref="fl-15"/>
      </object_component>
      <object_component id="oc-134">
         <name>.debug_info</name>
         <load_address>0xd19</load_address>
         <run_address>0xd19</run_address>
         <size>0x1c3</size>
         <input_file_ref idref="fl-15"/>
      </object_component>
      <object_component id="oc-226">
         <name>.debug_info</name>
         <load_address>0xedc</load_address>
         <run_address>0xedc</run_address>
         <size>0x26b</size>
         <input_file_ref idref="fl-15"/>
      </object_component>
      <object_component id="oc-280">
         <name>.debug_info</name>
         <load_address>0x1147</load_address>
         <run_address>0x1147</run_address>
         <size>0x439</size>
         <input_file_ref idref="fl-15"/>
      </object_component>
      <object_component id="oc-30">
         <name>.debug_info</name>
         <load_address>0x1580</load_address>
         <run_address>0x1580</run_address>
         <size>0x84</size>
         <input_file_ref idref="fl-15"/>
      </object_component>
      <object_component id="oc-168">
         <name>.debug_info</name>
         <load_address>0x1604</load_address>
         <run_address>0x1604</run_address>
         <size>0x297</size>
         <input_file_ref idref="fl-15"/>
      </object_component>
      <object_component id="oc-10a">
         <name>.debug_info</name>
         <load_address>0x189b</load_address>
         <run_address>0x189b</run_address>
         <size>0xef</size>
         <input_file_ref idref="fl-15"/>
      </object_component>
      <object_component id="oc-101">
         <name>.debug_info</name>
         <load_address>0x198a</load_address>
         <run_address>0x198a</run_address>
         <size>0xbb</size>
         <input_file_ref idref="fl-15"/>
      </object_component>
      <object_component id="oc-286">
         <name>.debug_info</name>
         <load_address>0x1a45</load_address>
         <run_address>0x1a45</run_address>
         <size>0x3fb</size>
         <input_file_ref idref="fl-16"/>
      </object_component>
      <object_component id="oc-1cb">
         <name>.debug_info</name>
         <load_address>0x1e40</load_address>
         <run_address>0x1e40</run_address>
         <size>0x1e3</size>
         <input_file_ref idref="fl-16"/>
      </object_component>
      <object_component id="oc-1d4">
         <name>.debug_info</name>
         <load_address>0x2023</load_address>
         <run_address>0x2023</run_address>
         <size>0x1db</size>
         <input_file_ref idref="fl-16"/>
      </object_component>
      <object_component id="oc-1e5">
         <name>.debug_info</name>
         <load_address>0x21fe</load_address>
         <run_address>0x21fe</run_address>
         <size>0x27c</size>
         <input_file_ref idref="fl-17"/>
      </object_component>
      <object_component id="oc-1e1">
         <name>.debug_info</name>
         <load_address>0x247a</load_address>
         <run_address>0x247a</run_address>
         <size>0x13a</size>
         <input_file_ref idref="fl-17"/>
      </object_component>
      <object_component id="oc-13c">
         <name>.debug_info</name>
         <load_address>0x25b4</load_address>
         <run_address>0x25b4</run_address>
         <size>0x12f</size>
         <input_file_ref idref="fl-17"/>
      </object_component>
      <object_component id="oc-246">
         <name>.debug_info</name>
         <load_address>0x26e3</load_address>
         <run_address>0x26e3</run_address>
         <size>0x807</size>
         <input_file_ref idref="fl-18"/>
      </object_component>
      <object_component id="oc-186">
         <name>.debug_info</name>
         <load_address>0x2eea</load_address>
         <run_address>0x2eea</run_address>
         <size>0x29d</size>
         <input_file_ref idref="fl-18"/>
      </object_component>
      <object_component id="oc-23b">
         <name>.debug_info</name>
         <load_address>0x3187</load_address>
         <run_address>0x3187</run_address>
         <size>0x1e5</size>
         <input_file_ref idref="fl-18"/>
      </object_component>
      <object_component id="oc-241">
         <name>.debug_info</name>
         <load_address>0x336c</load_address>
         <run_address>0x336c</run_address>
         <size>0x233</size>
         <input_file_ref idref="fl-18"/>
      </object_component>
      <object_component id="oc-180">
         <name>.debug_info</name>
         <load_address>0x359f</load_address>
         <run_address>0x359f</run_address>
         <size>0x3bf</size>
         <input_file_ref idref="fl-18"/>
      </object_component>
      <object_component id="oc-21c">
         <name>.debug_info</name>
         <load_address>0x395e</load_address>
         <run_address>0x395e</run_address>
         <size>0x431a</size>
         <input_file_ref idref="fl-18"/>
      </object_component>
      <object_component id="oc-2a8">
         <name>.debug_info</name>
         <load_address>0x7c78</load_address>
         <run_address>0x7c78</run_address>
         <size>0x1b5</size>
         <input_file_ref idref="fl-18"/>
      </object_component>
      <object_component id="oc-221">
         <name>.debug_info</name>
         <load_address>0x7e2d</load_address>
         <run_address>0x7e2d</run_address>
         <size>0x1028</size>
         <input_file_ref idref="fl-18"/>
      </object_component>
      <object_component id="oc-1ed">
         <name>.debug_info</name>
         <load_address>0x8e55</load_address>
         <run_address>0x8e55</run_address>
         <size>0x8b</size>
         <input_file_ref idref="fl-18"/>
      </object_component>
      <object_component id="oc-178">
         <name>.debug_info</name>
         <load_address>0x8ee0</load_address>
         <run_address>0x8ee0</run_address>
         <size>0x224</size>
         <input_file_ref idref="fl-19"/>
      </object_component>
      <object_component id="oc-16f">
         <name>.debug_info</name>
         <load_address>0x9104</load_address>
         <run_address>0x9104</run_address>
         <size>0x701</size>
         <input_file_ref idref="fl-1a"/>
      </object_component>
      <object_component id="oc-107">
         <name>.debug_info</name>
         <load_address>0x9805</load_address>
         <run_address>0x9805</run_address>
         <size>0x135</size>
         <input_file_ref idref="fl-1a"/>
      </object_component>
      <object_component id="oc-1a9">
         <name>.debug_info</name>
         <load_address>0x993a</load_address>
         <run_address>0x993a</run_address>
         <size>0x252</size>
         <input_file_ref idref="fl-1a"/>
      </object_component>
      <object_component id="oc-26b">
         <name>.debug_info</name>
         <load_address>0x9b8c</load_address>
         <run_address>0x9b8c</run_address>
         <size>0x2a5</size>
         <input_file_ref idref="fl-1a"/>
      </object_component>
      <object_component id="oc-1be">
         <name>.debug_info</name>
         <load_address>0x9e31</load_address>
         <run_address>0x9e31</run_address>
         <size>0x25a</size>
         <input_file_ref idref="fl-1a"/>
      </object_component>
      <object_component id="oc-1b8">
         <name>.debug_info</name>
         <load_address>0xa08b</load_address>
         <run_address>0xa08b</run_address>
         <size>0x258</size>
         <input_file_ref idref="fl-1a"/>
      </object_component>
      <object_component id="oc-1f5">
         <name>.debug_info</name>
         <load_address>0xa2e3</load_address>
         <run_address>0xa2e3</run_address>
         <size>0x258</size>
         <input_file_ref idref="fl-1a"/>
      </object_component>
      <object_component id="oc-25a">
         <name>.debug_info</name>
         <load_address>0xa53b</load_address>
         <run_address>0xa53b</run_address>
         <size>0x274</size>
         <input_file_ref idref="fl-1a"/>
      </object_component>
      <object_component id="oc-261">
         <name>.debug_info</name>
         <load_address>0xa7af</load_address>
         <run_address>0xa7af</run_address>
         <size>0x254</size>
         <input_file_ref idref="fl-1a"/>
      </object_component>
      <object_component id="oc-a4">
         <name>.debug_info</name>
         <load_address>0xaa03</load_address>
         <run_address>0xaa03</run_address>
         <size>0x25e</size>
         <input_file_ref idref="fl-1a"/>
      </object_component>
      <object_component id="oc-aa">
         <name>.debug_info</name>
         <load_address>0xac61</load_address>
         <run_address>0xac61</run_address>
         <size>0x25a</size>
         <input_file_ref idref="fl-1a"/>
      </object_component>
      <object_component id="oc-266">
         <name>.debug_info</name>
         <load_address>0xaebb</load_address>
         <run_address>0xaebb</run_address>
         <size>0x298</size>
         <input_file_ref idref="fl-1a"/>
      </object_component>
      <object_component id="oc-2af">
         <name>.debug_info</name>
         <load_address>0xb153</load_address>
         <run_address>0xb153</run_address>
         <size>0x68f</size>
         <input_file_ref idref="fl-1b"/>
      </object_component>
      <object_component id="oc-24b">
         <name>.debug_info</name>
         <load_address>0xb7e2</load_address>
         <run_address>0xb7e2</run_address>
         <size>0x12e</size>
         <input_file_ref idref="fl-1b"/>
      </object_component>
      <object_component id="oc-19e">
         <name>.debug_info</name>
         <load_address>0xb910</load_address>
         <run_address>0xb910</run_address>
         <size>0x1d5</size>
         <input_file_ref idref="fl-1b"/>
      </object_component>
      <object_component id="oc-174">
         <name>.debug_info</name>
         <load_address>0xbae5</load_address>
         <run_address>0xbae5</run_address>
         <size>0x1d7</size>
         <input_file_ref idref="fl-1b"/>
      </object_component>
      <object_component id="oc-198">
         <name>.debug_info</name>
         <load_address>0xbcbc</load_address>
         <run_address>0xbcbc</run_address>
         <size>0x219</size>
         <input_file_ref idref="fl-1b"/>
      </object_component>
      <object_component id="oc-141">
         <name>.debug_info</name>
         <load_address>0xbed5</load_address>
         <run_address>0xbed5</run_address>
         <size>0x1b0</size>
         <input_file_ref idref="fl-1c"/>
      </object_component>
      <object_component id="oc-2bc">
         <name>.debug_info</name>
         <load_address>0xc085</load_address>
         <run_address>0xc085</run_address>
         <size>0x6f5</size>
         <input_file_ref idref="fl-1e"/>
      </object_component>
      <object_component id="oc-2b7">
         <name>.debug_info</name>
         <load_address>0xc77a</load_address>
         <run_address>0xc77a</run_address>
         <size>0x1c7</size>
         <input_file_ref idref="fl-1e"/>
      </object_component>
      <object_component id="oc-271">
         <name>.debug_info</name>
         <load_address>0xc941</load_address>
         <run_address>0xc941</run_address>
         <size>0x22b</size>
         <input_file_ref idref="fl-1e"/>
      </object_component>
      <object_component id="oc-277">
         <name>.debug_info</name>
         <load_address>0xcb6c</load_address>
         <run_address>0xcb6c</run_address>
         <size>0x235</size>
         <input_file_ref idref="fl-1e"/>
      </object_component>
      <object_component id="oc-2c5">
         <name>.debug_info</name>
         <load_address>0xcda1</load_address>
         <run_address>0xcda1</run_address>
         <size>0x1e9</size>
         <input_file_ref idref="fl-1e"/>
      </object_component>
      <object_component id="oc-2be">
         <name>.debug_info</name>
         <load_address>0xcf8a</load_address>
         <run_address>0xcf8a</run_address>
         <size>0x1e9</size>
         <input_file_ref idref="fl-1e"/>
      </object_component>
      <object_component id="oc-2df">
         <name>.debug_info</name>
         <load_address>0xd173</load_address>
         <run_address>0xd173</run_address>
         <size>0x131</size>
         <input_file_ref idref="fl-1e"/>
      </object_component>
      <object_component id="oc-2a3">
         <name>.debug_info</name>
         <load_address>0xd2a4</load_address>
         <run_address>0xd2a4</run_address>
         <size>0x5c9</size>
         <input_file_ref idref="fl-20"/>
      </object_component>
      <object_component id="oc-234">
         <name>.debug_info</name>
         <load_address>0xd86d</load_address>
         <run_address>0xd86d</run_address>
         <size>0x298</size>
         <input_file_ref idref="fl-20"/>
      </object_component>
      <object_component id="oc-18a">
         <name>.debug_info</name>
         <load_address>0xdb05</load_address>
         <run_address>0xdb05</run_address>
         <size>0x26f</size>
         <input_file_ref idref="fl-21"/>
      </object_component>
      <object_component id="oc-191">
         <name>.debug_info</name>
         <load_address>0xdd74</load_address>
         <run_address>0xdd74</run_address>
         <size>0x1fd</size>
         <input_file_ref idref="fl-21"/>
      </object_component>
      <object_component id="oc-2d3">
         <name>.debug_info</name>
         <load_address>0xdf71</load_address>
         <run_address>0xdf71</run_address>
         <size>0x1da</size>
         <input_file_ref idref="fl-21"/>
      </object_component>
      <object_component id="oc-1a2">
         <name>.debug_info</name>
         <load_address>0xe14b</load_address>
         <run_address>0xe14b</run_address>
         <size>0x209</size>
         <input_file_ref idref="fl-21"/>
      </object_component>
      <object_component id="oc-9b">
         <name>.debug_info</name>
         <load_address>0xe354</load_address>
         <run_address>0xe354</run_address>
         <size>0x1ea</size>
         <input_file_ref idref="fl-21"/>
      </object_component>
      <object_component id="oc-111">
         <name>.debug_info</name>
         <load_address>0xe53e</load_address>
         <run_address>0xe53e</run_address>
         <size>0x1c9</size>
         <input_file_ref idref="fl-23"/>
      </object_component>
      <object_component id="oc-22c">
         <name>.debug_info</name>
         <load_address>0xe707</load_address>
         <run_address>0xe707</run_address>
         <size>0x199</size>
         <input_file_ref idref="fl-24"/>
      </object_component>
      <object_component id="oc-24f">
         <name>.debug_info</name>
         <load_address>0xe8a0</load_address>
         <run_address>0xe8a0</run_address>
         <size>0x19a</size>
         <input_file_ref idref="fl-24"/>
      </object_component>
      <object_component id="oc-1e7">
         <name>.debug_info</name>
         <load_address>0xea3a</load_address>
         <run_address>0xea3a</run_address>
         <size>0x194</size>
         <input_file_ref idref="fl-24"/>
      </object_component>
      <object_component id="oc-2ce">
         <name>.debug_info</name>
         <load_address>0xebce</load_address>
         <run_address>0xebce</run_address>
         <size>0x122</size>
         <input_file_ref idref="fl-da"/>
      </object_component>
      <object_component id="oc-36">
         <name>.debug_info</name>
         <load_address>0xecf0</load_address>
         <run_address>0xecf0</run_address>
         <size>0x119</size>
         <input_file_ref idref="fl-db"/>
      </object_component>
      <object_component id="oc-7f">
         <name>.debug_info</name>
         <load_address>0xee09</load_address>
         <run_address>0xee09</run_address>
         <size>0x2d4</size>
         <input_file_ref idref="fl-dc"/>
      </object_component>
      <object_component id="oc-42">
         <name>.debug_info</name>
         <load_address>0xf0dd</load_address>
         <run_address>0xf0dd</run_address>
         <size>0x1d2</size>
         <input_file_ref idref="fl-dc"/>
      </object_component>
      <object_component id="oc-7a">
         <name>.debug_info</name>
         <load_address>0xf2af</load_address>
         <run_address>0xf2af</run_address>
         <size>0x46</size>
         <input_file_ref idref="fl-dc"/>
      </object_component>
      <object_component id="oc-b5">
         <name>.debug_info</name>
         <load_address>0xf2f5</load_address>
         <run_address>0xf2f5</run_address>
         <size>0x2c</size>
         <input_file_ref idref="fl-dc"/>
      </object_component>
      <object_component id="oc-40">
         <name>.debug_info</name>
         <load_address>0xf321</load_address>
         <run_address>0xf321</run_address>
         <size>0x2a8</size>
         <input_file_ref idref="fl-dd"/>
      </object_component>
      <object_component id="oc-1e">
         <name>.debug_info</name>
         <load_address>0xf5c9</load_address>
         <run_address>0xf5c9</run_address>
         <size>0x1ea</size>
         <input_file_ref idref="fl-dd"/>
      </object_component>
      <object_component id="oc-3b">
         <name>.debug_info</name>
         <load_address>0xf7b3</load_address>
         <run_address>0xf7b3</run_address>
         <size>0x46</size>
         <input_file_ref idref="fl-dd"/>
      </object_component>
      <object_component id="oc-72">
         <name>.debug_info</name>
         <load_address>0xf7f9</load_address>
         <run_address>0xf7f9</run_address>
         <size>0x2c</size>
         <input_file_ref idref="fl-dd"/>
      </object_component>
      <object_component id="oc-70">
         <name>.debug_info</name>
         <load_address>0xf825</load_address>
         <run_address>0xf825</run_address>
         <size>0x29e</size>
         <input_file_ref idref="fl-de"/>
      </object_component>
      <object_component id="oc-1b">
         <name>.debug_info</name>
         <load_address>0xfac3</load_address>
         <run_address>0xfac3</run_address>
         <size>0x250</size>
         <input_file_ref idref="fl-de"/>
      </object_component>
      <object_component id="oc-2b">
         <name>.debug_info</name>
         <load_address>0xfd13</load_address>
         <run_address>0xfd13</run_address>
         <size>0x60</size>
         <input_file_ref idref="fl-de"/>
      </object_component>
      <object_component id="oc-ae">
         <name>.debug_info</name>
         <load_address>0xfd73</load_address>
         <run_address>0xfd73</run_address>
         <size>0x46</size>
         <input_file_ref idref="fl-de"/>
      </object_component>
      <object_component id="oc-6b">
         <name>.debug_info</name>
         <load_address>0xfdb9</load_address>
         <run_address>0xfdb9</run_address>
         <size>0x39</size>
         <input_file_ref idref="fl-de"/>
      </object_component>
      <object_component id="oc-28">
         <name>.debug_info</name>
         <load_address>0xfdf2</load_address>
         <run_address>0xfdf2</run_address>
         <size>0x10b</size>
         <input_file_ref idref="fl-df"/>
      </object_component>
      <object_component id="oc-56">
         <name>.debug_info</name>
         <load_address>0xfefd</load_address>
         <run_address>0xfefd</run_address>
         <size>0x1a9</size>
         <input_file_ref idref="fl-df"/>
      </object_component>
      <object_component id="oc-153">
         <name>.debug_info</name>
         <load_address>0x100a6</load_address>
         <run_address>0x100a6</run_address>
         <size>0x4b3</size>
         <input_file_ref idref="fl-e1"/>
      </object_component>
      <object_component id="oc-cf">
         <name>.debug_info</name>
         <load_address>0x10559</load_address>
         <run_address>0x10559</run_address>
         <size>0x1a6</size>
         <input_file_ref idref="fl-e1"/>
      </object_component>
      <object_component id="oc-209">
         <name>.debug_info</name>
         <load_address>0x106ff</load_address>
         <run_address>0x106ff</run_address>
         <size>0x39</size>
         <input_file_ref idref="fl-e1"/>
      </object_component>
      <object_component id="oc-295">
         <name>.debug_info</name>
         <load_address>0x10738</load_address>
         <run_address>0x10738</run_address>
         <size>0x39</size>
         <input_file_ref idref="fl-e1"/>
      </object_component>
      <object_component id="oc-20e">
         <name>.debug_info</name>
         <load_address>0x10771</load_address>
         <run_address>0x10771</run_address>
         <size>0x39</size>
         <input_file_ref idref="fl-e1"/>
      </object_component>
      <object_component id="oc-213">
         <name>.debug_info</name>
         <load_address>0x107aa</load_address>
         <run_address>0x107aa</run_address>
         <size>0xcd</size>
         <input_file_ref idref="fl-e1"/>
      </object_component>
      <object_component id="oc-89">
         <name>.debug_info</name>
         <load_address>0x10877</load_address>
         <run_address>0x10877</run_address>
         <size>0x153</size>
         <input_file_ref idref="fl-e2"/>
      </object_component>
      <object_component id="oc-c3">
         <name>.debug_info</name>
         <load_address>0x109ca</load_address>
         <run_address>0x109ca</run_address>
         <size>0x122</size>
         <input_file_ref idref="fl-e4"/>
      </object_component>
      <object_component id="oc-31d">
         <name>.debug_info</name>
         <load_address>0x10aec</load_address>
         <run_address>0x10aec</run_address>
         <size>0xac</size>
      </object_component>
      <object_component id="oc-27f">
         <name>.debug_line</name>
         <load_address>0x0</load_address>
         <run_address>0x0</run_address>
         <size>0x8a</size>
         <input_file_ref idref="fl-15"/>
      </object_component>
      <object_component id="oc-120">
         <name>.debug_line</name>
         <load_address>0x8a</load_address>
         <run_address>0x8a</run_address>
         <size>0x58</size>
         <input_file_ref idref="fl-15"/>
      </object_component>
      <object_component id="oc-12e">
         <name>.debug_line</name>
         <load_address>0xe2</load_address>
         <run_address>0xe2</run_address>
         <size>0x51</size>
         <input_file_ref idref="fl-15"/>
      </object_component>
      <object_component id="oc-122">
         <name>.debug_line</name>
         <load_address>0x133</load_address>
         <run_address>0x133</run_address>
         <size>0x54</size>
         <input_file_ref idref="fl-15"/>
      </object_component>
      <object_component id="oc-12b">
         <name>.debug_line</name>
         <load_address>0x187</load_address>
         <run_address>0x187</run_address>
         <size>0x4e</size>
         <input_file_ref idref="fl-15"/>
      </object_component>
      <object_component id="oc-137">
         <name>.debug_line</name>
         <load_address>0x1d5</load_address>
         <run_address>0x1d5</run_address>
         <size>0x4e</size>
         <input_file_ref idref="fl-15"/>
      </object_component>
      <object_component id="oc-229">
         <name>.debug_line</name>
         <load_address>0x223</load_address>
         <run_address>0x223</run_address>
         <size>0x5d</size>
         <input_file_ref idref="fl-15"/>
      </object_component>
      <object_component id="oc-283">
         <name>.debug_line</name>
         <load_address>0x280</load_address>
         <run_address>0x280</run_address>
         <size>0x8a</size>
         <input_file_ref idref="fl-15"/>
      </object_component>
      <object_component id="oc-33">
         <name>.debug_line</name>
         <load_address>0x30a</load_address>
         <run_address>0x30a</run_address>
         <size>0x20</size>
         <input_file_ref idref="fl-15"/>
      </object_component>
      <object_component id="oc-16b">
         <name>.debug_line</name>
         <load_address>0x32a</load_address>
         <run_address>0x32a</run_address>
         <size>0x61</size>
         <input_file_ref idref="fl-15"/>
      </object_component>
      <object_component id="oc-10d">
         <name>.debug_line</name>
         <load_address>0x38b</load_address>
         <run_address>0x38b</run_address>
         <size>0x5d</size>
         <input_file_ref idref="fl-15"/>
      </object_component>
      <object_component id="oc-104">
         <name>.debug_line</name>
         <load_address>0x3e8</load_address>
         <run_address>0x3e8</run_address>
         <size>0x5e</size>
         <input_file_ref idref="fl-15"/>
      </object_component>
      <object_component id="oc-2cb">
         <name>.debug_line</name>
         <load_address>0x446</load_address>
         <run_address>0x446</run_address>
         <size>0x20</size>
         <input_file_ref idref="fl-16"/>
      </object_component>
      <object_component id="oc-1ce">
         <name>.debug_line</name>
         <load_address>0x466</load_address>
         <run_address>0x466</run_address>
         <size>0x4e</size>
         <input_file_ref idref="fl-16"/>
      </object_component>
      <object_component id="oc-1d2">
         <name>.debug_line</name>
         <load_address>0x4b4</load_address>
         <run_address>0x4b4</run_address>
         <size>0x4e</size>
         <input_file_ref idref="fl-16"/>
      </object_component>
      <object_component id="oc-28b">
         <name>.debug_line</name>
         <load_address>0x502</load_address>
         <run_address>0x502</run_address>
         <size>0x20</size>
         <input_file_ref idref="fl-17"/>
      </object_component>
      <object_component id="oc-289">
         <name>.debug_line</name>
         <load_address>0x522</load_address>
         <run_address>0x522</run_address>
         <size>0x41</size>
         <input_file_ref idref="fl-17"/>
      </object_component>
      <object_component id="oc-1e4">
         <name>.debug_line</name>
         <load_address>0x563</load_address>
         <run_address>0x563</run_address>
         <size>0x41</size>
         <input_file_ref idref="fl-17"/>
      </object_component>
      <object_component id="oc-2a7">
         <name>.debug_line</name>
         <load_address>0x5a4</load_address>
         <run_address>0x5a4</run_address>
         <size>0x8b</size>
         <input_file_ref idref="fl-18"/>
      </object_component>
      <object_component id="oc-185">
         <name>.debug_line</name>
         <load_address>0x62f</load_address>
         <run_address>0x62f</run_address>
         <size>0xe2</size>
         <input_file_ref idref="fl-18"/>
      </object_component>
      <object_component id="oc-23e">
         <name>.debug_line</name>
         <load_address>0x711</load_address>
         <run_address>0x711</run_address>
         <size>0x69</size>
         <input_file_ref idref="fl-18"/>
      </object_component>
      <object_component id="oc-244">
         <name>.debug_line</name>
         <load_address>0x77a</load_address>
         <run_address>0x77a</run_address>
         <size>0x7e</size>
         <input_file_ref idref="fl-18"/>
      </object_component>
      <object_component id="oc-17f">
         <name>.debug_line</name>
         <load_address>0x7f8</load_address>
         <run_address>0x7f8</run_address>
         <size>0xd5</size>
         <input_file_ref idref="fl-18"/>
      </object_component>
      <object_component id="oc-21f">
         <name>.debug_line</name>
         <load_address>0x8cd</load_address>
         <run_address>0x8cd</run_address>
         <size>0x51</size>
         <input_file_ref idref="fl-18"/>
      </object_component>
      <object_component id="oc-2ab">
         <name>.debug_line</name>
         <load_address>0x91e</load_address>
         <run_address>0x91e</run_address>
         <size>0x55</size>
         <input_file_ref idref="fl-18"/>
      </object_component>
      <object_component id="oc-224">
         <name>.debug_line</name>
         <load_address>0x973</load_address>
         <run_address>0x973</run_address>
         <size>0x4f</size>
         <input_file_ref idref="fl-18"/>
      </object_component>
      <object_component id="oc-1f0">
         <name>.debug_line</name>
         <load_address>0x9c2</load_address>
         <run_address>0x9c2</run_address>
         <size>0x20</size>
         <input_file_ref idref="fl-18"/>
      </object_component>
      <object_component id="oc-17b">
         <name>.debug_line</name>
         <load_address>0x9e2</load_address>
         <run_address>0x9e2</run_address>
         <size>0x76</size>
         <input_file_ref idref="fl-19"/>
      </object_component>
      <object_component id="oc-21b">
         <name>.debug_line</name>
         <load_address>0xa58</load_address>
         <run_address>0xa58</run_address>
         <size>0x56</size>
         <input_file_ref idref="fl-1a"/>
      </object_component>
      <object_component id="oc-16e">
         <name>.debug_line</name>
         <load_address>0xaae</load_address>
         <run_address>0xaae</run_address>
         <size>0x51</size>
         <input_file_ref idref="fl-1a"/>
      </object_component>
      <object_component id="oc-1ab">
         <name>.debug_line</name>
         <load_address>0xaff</load_address>
         <run_address>0xaff</run_address>
         <size>0x6e</size>
         <input_file_ref idref="fl-1a"/>
      </object_component>
      <object_component id="oc-26d">
         <name>.debug_line</name>
         <load_address>0xb6d</load_address>
         <run_address>0xb6d</run_address>
         <size>0x78</size>
         <input_file_ref idref="fl-1a"/>
      </object_component>
      <object_component id="oc-1c0">
         <name>.debug_line</name>
         <load_address>0xbe5</load_address>
         <run_address>0xbe5</run_address>
         <size>0x6c</size>
         <input_file_ref idref="fl-1a"/>
      </object_component>
      <object_component id="oc-1ba">
         <name>.debug_line</name>
         <load_address>0xc51</load_address>
         <run_address>0xc51</run_address>
         <size>0x6c</size>
         <input_file_ref idref="fl-1a"/>
      </object_component>
      <object_component id="oc-1f8">
         <name>.debug_line</name>
         <load_address>0xcbd</load_address>
         <run_address>0xcbd</run_address>
         <size>0x6c</size>
         <input_file_ref idref="fl-1a"/>
      </object_component>
      <object_component id="oc-25c">
         <name>.debug_line</name>
         <load_address>0xd29</load_address>
         <run_address>0xd29</run_address>
         <size>0x70</size>
         <input_file_ref idref="fl-1a"/>
      </object_component>
      <object_component id="oc-260">
         <name>.debug_line</name>
         <load_address>0xd99</load_address>
         <run_address>0xd99</run_address>
         <size>0x6c</size>
         <input_file_ref idref="fl-1a"/>
      </object_component>
      <object_component id="oc-a3">
         <name>.debug_line</name>
         <load_address>0xe05</load_address>
         <run_address>0xe05</run_address>
         <size>0x6c</size>
         <input_file_ref idref="fl-1a"/>
      </object_component>
      <object_component id="oc-a9">
         <name>.debug_line</name>
         <load_address>0xe71</load_address>
         <run_address>0xe71</run_address>
         <size>0x6c</size>
         <input_file_ref idref="fl-1a"/>
      </object_component>
      <object_component id="oc-265">
         <name>.debug_line</name>
         <load_address>0xedd</load_address>
         <run_address>0xedd</run_address>
         <size>0x70</size>
         <input_file_ref idref="fl-1a"/>
      </object_component>
      <object_component id="oc-2db">
         <name>.debug_line</name>
         <load_address>0xf4d</load_address>
         <run_address>0xf4d</run_address>
         <size>0x50</size>
         <input_file_ref idref="fl-1b"/>
      </object_component>
      <object_component id="oc-2ae">
         <name>.debug_line</name>
         <load_address>0xf9d</load_address>
         <run_address>0xf9d</run_address>
         <size>0x56</size>
         <input_file_ref idref="fl-1b"/>
      </object_component>
      <object_component id="oc-19d">
         <name>.debug_line</name>
         <load_address>0xff3</load_address>
         <run_address>0xff3</run_address>
         <size>0x6e</size>
         <input_file_ref idref="fl-1b"/>
      </object_component>
      <object_component id="oc-173">
         <name>.debug_line</name>
         <load_address>0x1061</load_address>
         <run_address>0x1061</run_address>
         <size>0x6e</size>
         <input_file_ref idref="fl-1b"/>
      </object_component>
      <object_component id="oc-197">
         <name>.debug_line</name>
         <load_address>0x10cf</load_address>
         <run_address>0x10cf</run_address>
         <size>0x95</size>
         <input_file_ref idref="fl-1b"/>
      </object_component>
      <object_component id="oc-143">
         <name>.debug_line</name>
         <load_address>0x1164</load_address>
         <run_address>0x1164</run_address>
         <size>0x70</size>
         <input_file_ref idref="fl-1c"/>
      </object_component>
      <object_component id="oc-2de">
         <name>.debug_line</name>
         <load_address>0x11d4</load_address>
         <run_address>0x11d4</run_address>
         <size>0x56</size>
         <input_file_ref idref="fl-1e"/>
      </object_component>
      <object_component id="oc-2b6">
         <name>.debug_line</name>
         <load_address>0x122a</load_address>
         <run_address>0x122a</run_address>
         <size>0x6b</size>
         <input_file_ref idref="fl-1e"/>
      </object_component>
      <object_component id="oc-270">
         <name>.debug_line</name>
         <load_address>0x1295</load_address>
         <run_address>0x1295</run_address>
         <size>0x7a</size>
         <input_file_ref idref="fl-1e"/>
      </object_component>
      <object_component id="oc-276">
         <name>.debug_line</name>
         <load_address>0x130f</load_address>
         <run_address>0x130f</run_address>
         <size>0x71</size>
         <input_file_ref idref="fl-1e"/>
      </object_component>
      <object_component id="oc-2c4">
         <name>.debug_line</name>
         <load_address>0x1380</load_address>
         <run_address>0x1380</run_address>
         <size>0x68</size>
         <input_file_ref idref="fl-1e"/>
      </object_component>
      <object_component id="oc-2c1">
         <name>.debug_line</name>
         <load_address>0x13e8</load_address>
         <run_address>0x13e8</run_address>
         <size>0x68</size>
         <input_file_ref idref="fl-1e"/>
      </object_component>
      <object_component id="oc-2e2">
         <name>.debug_line</name>
         <load_address>0x1450</load_address>
         <run_address>0x1450</run_address>
         <size>0x50</size>
         <input_file_ref idref="fl-1e"/>
      </object_component>
      <object_component id="oc-2d9">
         <name>.debug_line</name>
         <load_address>0x14a0</load_address>
         <run_address>0x14a0</run_address>
         <size>0x20</size>
         <input_file_ref idref="fl-20"/>
      </object_component>
      <object_component id="oc-238">
         <name>.debug_line</name>
         <load_address>0x14c0</load_address>
         <run_address>0x14c0</run_address>
         <size>0x96</size>
         <input_file_ref idref="fl-20"/>
      </object_component>
      <object_component id="oc-18d">
         <name>.debug_line</name>
         <load_address>0x1556</load_address>
         <run_address>0x1556</run_address>
         <size>0xc1</size>
         <input_file_ref idref="fl-21"/>
      </object_component>
      <object_component id="oc-190">
         <name>.debug_line</name>
         <load_address>0x1617</load_address>
         <run_address>0x1617</run_address>
         <size>0x70</size>
         <input_file_ref idref="fl-21"/>
      </object_component>
      <object_component id="oc-2d6">
         <name>.debug_line</name>
         <load_address>0x1687</load_address>
         <run_address>0x1687</run_address>
         <size>0x6c</size>
         <input_file_ref idref="fl-21"/>
      </object_component>
      <object_component id="oc-1a5">
         <name>.debug_line</name>
         <load_address>0x16f3</load_address>
         <run_address>0x16f3</run_address>
         <size>0x73</size>
         <input_file_ref idref="fl-21"/>
      </object_component>
      <object_component id="oc-9e">
         <name>.debug_line</name>
         <load_address>0x1766</load_address>
         <run_address>0x1766</run_address>
         <size>0x6c</size>
         <input_file_ref idref="fl-21"/>
      </object_component>
      <object_component id="oc-114">
         <name>.debug_line</name>
         <load_address>0x17d2</load_address>
         <run_address>0x17d2</run_address>
         <size>0x6a</size>
         <input_file_ref idref="fl-23"/>
      </object_component>
      <object_component id="oc-22f">
         <name>.debug_line</name>
         <load_address>0x183c</load_address>
         <run_address>0x183c</run_address>
         <size>0x69</size>
         <input_file_ref idref="fl-24"/>
      </object_component>
      <object_component id="oc-252">
         <name>.debug_line</name>
         <load_address>0x18a5</load_address>
         <run_address>0x18a5</run_address>
         <size>0x69</size>
         <input_file_ref idref="fl-24"/>
      </object_component>
      <object_component id="oc-1ea">
         <name>.debug_line</name>
         <load_address>0x190e</load_address>
         <run_address>0x190e</run_address>
         <size>0x68</size>
         <input_file_ref idref="fl-24"/>
      </object_component>
      <object_component id="oc-2d1">
         <name>.debug_line</name>
         <load_address>0x1976</load_address>
         <run_address>0x1976</run_address>
         <size>0x43</size>
         <input_file_ref idref="fl-da"/>
      </object_component>
      <object_component id="oc-39">
         <name>.debug_line</name>
         <load_address>0x19b9</load_address>
         <run_address>0x19b9</run_address>
         <size>0x88</size>
         <input_file_ref idref="fl-db"/>
      </object_component>
      <object_component id="oc-bb">
         <name>.debug_line</name>
         <load_address>0x1a41</load_address>
         <run_address>0x1a41</run_address>
         <size>0x92</size>
         <input_file_ref idref="fl-dc"/>
      </object_component>
      <object_component id="oc-45">
         <name>.debug_line</name>
         <load_address>0x1ad3</load_address>
         <run_address>0x1ad3</run_address>
         <size>0x56</size>
         <input_file_ref idref="fl-dc"/>
      </object_component>
      <object_component id="oc-7d">
         <name>.debug_line</name>
         <load_address>0x1b29</load_address>
         <run_address>0x1b29</run_address>
         <size>0x34</size>
         <input_file_ref idref="fl-dc"/>
      </object_component>
      <object_component id="oc-b8">
         <name>.debug_line</name>
         <load_address>0x1b5d</load_address>
         <run_address>0x1b5d</run_address>
         <size>0x92</size>
         <input_file_ref idref="fl-dc"/>
      </object_component>
      <object_component id="oc-78">
         <name>.debug_line</name>
         <load_address>0x1bef</load_address>
[...]
         <object_component_ref idref="oc-1ad"/>
      </symbol>
      <symbol id="sm-88">
         <name>initLEDs</name>
         <value>0xc11</value>
         <object_component_ref idref="oc-117"/>
      </symbol>
      <symbol id="sm-89">
         <name>Toggle_LL1</name>
         <value>0x1561</value>
         <object_component_ref idref="oc-147"/>
      </symbol>
      <symbol id="sm-8a">
         <name>TurnOff_BLR</name>
         <value>0x1579</value>
         <object_component_ref idref="oc-1b0"/>
      </symbol>
      <symbol id="sm-8b">
         <name>TurnOff_BLB</name>
         <value>0x1569</value>
         <object_component_ref idref="oc-1b2"/>
      </symbol>
      <symbol id="sm-8c">
         <name>TurnOff_BLG</name>
         <value>0x1571</value>
         <object_component_ref idref="oc-1b1"/>
      </symbol>
      <symbol id="sm-a9">
         <name>SWTimer_start</name>
         <value>0x1315</value>
         <object_component_ref idref="oc-28f"/>
      </symbol>
      <symbol id="sm-aa">
         <name>SWTimer_construct</name>
         <value>0x11d5</value>
         <object_component_ref idref="oc-28e"/>
      </symbol>
      <symbol id="sm-ab">
         <name>SWTimer_elapsedCycles</name>
         <value>0x1271</value>
         <object_component_ref idref="oc-2cc"/>
      </symbol>
      <symbol id="sm-ac">
         <name>SWTimer_expired</name>
         <value>0x13b7</value>
         <object_component_ref idref="oc-28d"/>
      </symbol>
      <symbol id="sm-ad">
         <name>InitSystemTiming</name>
         <value>0x785</value>
         <object_component_ref idref="oc-116"/>
      </symbol>
      <symbol id="sm-ae">
         <name>T32_INT1_IRQHandler</name>
         <value>0x11fd</value>
         <object_component_ref idref="oc-67"/>
      </symbol>
      <symbol id="sm-fe">
         <name>Crystalfontz128x128_SetDrawFrame</name>
         <value>0x921</value>
         <object_component_ref idref="oc-1c4"/>
      </symbol>
      <symbol id="sm-ff">
         <name>Lcd_Orientation</name>
         <value>0x20000028</value>
         <object_component_ref idref="oc-1c5"/>
      </symbol>
      <symbol id="sm-100">
         <name>Crystalfontz128x128_SetOrientation</name>
         <value>0xfc5</value>
         <object_component_ref idref="oc-11a"/>
      </symbol>
      <symbol id="sm-101">
         <name>Lcd_FontSolid</name>
         <value>0x2000002a</value>
         <object_component_ref idref="oc-1c5"/>
      </symbol>
      <symbol id="sm-102">
         <name>g_sCrystalfontz128x128_funcs</name>
         <value>0x19a4</value>
         <object_component_ref idref="oc-13a"/>
      </symbol>
      <symbol id="sm-103">
         <name>Lcd_FlagRead</name>
         <value>0x2000002b</value>
         <object_component_ref idref="oc-1c5"/>
      </symbol>
      <symbol id="sm-104">
         <name>Lcd_ScreenHeigth</name>
         <value>0x2000002e</value>
         <object_component_ref idref="oc-1c5"/>
      </symbol>
      <symbol id="sm-105">
         <name>Lcd_PenSolid</name>
         <value>0x20000029</value>
         <object_component_ref idref="oc-1c5"/>
      </symbol>
      <symbol id="sm-106">
         <name>g_sCrystalfontz128x128</name>
         <value>0x20000018</value>
         <object_component_ref idref="oc-139"/>
      </symbol>
      <symbol id="sm-107">
         <name>Lcd_ScreenWidth</name>
         <value>0x2000002c</value>
         <object_component_ref idref="oc-1c5"/>
      </symbol>
      <symbol id="sm-108">
         <name>Lcd_TouchTrim</name>
         <value>0x20000030</value>
         <object_component_ref idref="oc-1c5"/>
      </symbol>
      <symbol id="sm-109">
         <name>Crystalfontz128x128_Init</name>
         <value>0x4b5</value>
         <object_component_ref idref="oc-119"/>
      </symbol>
      <symbol id="sm-121">
         <name>HAL_LCD_writeData</name>
         <value>0x1405</value>
         <object_component_ref idref="oc-1c3"/>
      </symbol>
      <symbol id="sm-122">
         <name>HAL_LCD_SpiInit</name>
         <value>0xe25</value>
         <object_component_ref idref="oc-1b5"/>
      </symbol>
      <symbol id="sm-123">
         <name>HAL_LCD_PortInit</name>
         <value>0x1061</value>
         <object_component_ref idref="oc-1b4"/>
      </symbol>
      <symbol id="sm-124">
         <name>HAL_LCD_writeCommand</name>
         <value>0x1091</value>
         <object_component_ref idref="oc-1c2"/>
      </symbol>
      <symbol id="sm-12d">
         <name>Reset_Handler</name>
         <value>0x1555</value>
         <object_component_ref idref="oc-65"/>
      </symbol>
      <symbol id="sm-12e">
         <name>Default_Handler</name>
         <value>0x124b</value>
         <object_component_ref idref="oc-66"/>
      </symbol>
      <symbol id="sm-12f">
         <name>interruptVectors</name>
         <value>0x0</value>
         <object_component_ref idref="oc-26"/>
      </symbol>
      <symbol id="sm-17a">
         <name>Graphics_setBackgroundColor</name>
         <value>0x1383</value>
         <object_component_ref idref="oc-12d"/>
      </symbol>
      <symbol id="sm-17b">
         <name>Graphics_setFont</name>
         <value>0x139d</value>
         <object_component_ref idref="oc-121"/>
      </symbol>
      <symbol id="sm-17c">
         <name>Graphics_initContext</name>
         <value>0xcbf</value>
         <object_component_ref idref="oc-11b"/>
      </symbol>
      <symbol id="sm-17d">
         <name>Graphics_setForegroundColor</name>
         <value>0x1477</value>
         <object_component_ref idref="oc-127"/>
      </symbol>
      <symbol id="sm-17e">
         <name>Graphics_clearDisplay</name>
         <value>0x14df</value>
         <object_component_ref idref="oc-133"/>
      </symbol>
      <symbol id="sm-193">
         <name>Graphics_clearDisplayOnDisplay</name>
         <value>0x1369</value>
         <object_component_ref idref="oc-1d1"/>
      </symbol>
      <symbol id="sm-194">
         <name>Graphics_translateColorOnDisplay</name>
         <value>0x148d</value>
         <object_component_ref idref="oc-1c9"/>
      </symbol>
      <symbol id="sm-1a6">
         <name>g_sFontFixed6x8</name>
         <value>0x18ac</value>
         <object_component_ref idref="oc-13b"/>
      </symbol>
      <symbol id="sm-21f">
         <name>CS_setDCOFrequency</name>
         <value>0xe5</value>
         <object_component_ref idref="oc-17d"/>
      </symbol>
      <symbol id="sm-220">
         <name>CS_setDCOCenteredFrequency</name>
         <value>0xf91</value>
         <object_component_ref idref="oc-239"/>
      </symbol>
      <symbol id="sm-221">
         <name>CS_tuneDCOFrequency</name>
         <value>0x811</value>
         <object_component_ref idref="oc-23f"/>
      </symbol>
      <symbol id="sm-222">
         <name>CS_initClockSignal</name>
         <value>0x281</value>
         <object_component_ref idref="oc-183"/>
      </symbol>
      <symbol id="sm-231">
         <name>FlashCtl_setWaitState</name>
         <value>0xd11</value>
         <object_component_ref idref="oc-177"/>
      </symbol>
      <symbol id="sm-2a8">
         <name>GPIO_setOutputHighOnPin</name>
         <value>0x1135</value>
         <object_component_ref idref="oc-1bc"/>
      </symbol>
      <symbol id="sm-2a9">
         <name>GPIO_setAsInputPinWithPullUpResistor</name>
         <value>0xbb9</value>
         <object_component_ref idref="oc-257"/>
      </symbol>
      <symbol id="sm-2aa">
         <name>GPIO_getInterruptStatus</name>
         <value>0x124d</value>
         <object_component_ref idref="oc-a1"/>
      </symbol>
      <symbol id="sm-2ab">
         <name>GPIO_enableInterrupt</name>
         <value>0x110d</value>
         <object_component_ref idref="oc-25d"/>
      </symbol>
      <symbol id="sm-2ac">
         <name>GPIO_setAsOutputPin</name>
         <value>0xde5</value>
         <object_component_ref idref="oc-1a7"/>
      </symbol>
      <symbol id="sm-2ad">
         <name>GPIO_interruptEdgeSelect</name>
         <value>0xee1</value>
         <object_component_ref idref="oc-263"/>
      </symbol>
      <symbol id="sm-2ae">
         <name>GPIO_setOutputLowOnPin</name>
         <value>0x115d</value>
         <object_component_ref idref="oc-1b6"/>
      </symbol>
      <symbol id="sm-2af">
         <name>GPIO_clearInterruptFlag</name>
         <value>0x10e5</value>
         <object_component_ref idref="oc-a7"/>
      </symbol>
      <symbol id="sm-2b0">
         <name>GPIO_toggleOutputOnPin</name>
         <value>0x1185</value>
         <object_component_ref idref="oc-1f3"/>
      </symbol>
      <symbol id="sm-2b1">
         <name>GPIO_setAsPeripheralModuleFunctionOutputPin</name>
         <value>0x899</value>
         <object_component_ref idref="oc-269"/>
      </symbol>
      <symbol id="sm-2e0">
         <name>Interrupt_disableMaster</name>
         <value>0x14f1</value>
         <object_component_ref idref="oc-171"/>
      </symbol>
      <symbol id="sm-2e1">
         <name>Interrupt_enableMaster</name>
         <value>0x1501</value>
         <object_component_ref idref="oc-19b"/>
      </symbol>
      <symbol id="sm-2e2">
         <name>Interrupt_enableInterrupt</name>
         <value>0x9a5</value>
         <object_component_ref idref="oc-195"/>
      </symbol>
      <symbol id="sm-2f1">
         <name>PCM_gotoLPM0</name>
         <value>0x11ad</value>
         <object_component_ref idref="oc-13f"/>
      </symbol>
      <symbol id="sm-331">
         <name>EUSCI_B_SPI_enable</name>
         <value>0x1461</value>
         <object_component_ref idref="oc-2c3"/>
      </symbol>
      <symbol id="sm-332">
         <name>SPI_enableModule</name>
         <value>0x12f9</value>
         <object_component_ref idref="oc-275"/>
      </symbol>
      <symbol id="sm-333">
         <name>EUSCI_A_SPI_enable</name>
         <value>0x144b</value>
         <object_component_ref idref="oc-2bd"/>
      </symbol>
      <symbol id="sm-334">
         <name>SPI_initMaster</name>
         <value>0x5a5</value>
         <object_component_ref idref="oc-26f"/>
      </symbol>
      <symbol id="sm-34b">
         <name>SysCtl_A_getTLVInfo</name>
         <value>0x6f1</value>
         <object_component_ref idref="oc-233"/>
      </symbol>
      <symbol id="sm-384">
         <name>Timer32_startTimer</name>
         <value>0xf59</value>
         <object_component_ref idref="oc-1a1"/>
      </symbol>
      <symbol id="sm-385">
         <name>Timer32_setCount</name>
         <value>0xff9</value>
         <object_component_ref idref="oc-18f"/>
      </symbol>
      <symbol id="sm-386">
         <name>Timer32_getValue</name>
         <value>0x1521</value>
         <object_component_ref idref="oc-2d2"/>
      </symbol>
      <symbol id="sm-387">
         <name>Timer32_initModule</name>
         <value>0xa8d</value>
         <object_component_ref idref="oc-189"/>
      </symbol>
      <symbol id="sm-388">
         <name>Timer32_clearInterruptFlag</name>
         <value>0x14a3</value>
         <object_component_ref idref="oc-9a"/>
      </symbol>
      <symbol id="sm-395">
         <name>WDT_A_holdTimer</name>
         <value>0x1295</value>
         <object_component_ref idref="oc-110"/>
      </symbol>
      <symbol id="sm-3af">
         <name>CPU_wfi</name>
         <value>0x15a9</value>
         <object_component_ref idref="oc-1e6"/>
      </symbol>
      <symbol id="sm-3b0">
         <name>CPU_cpsie</name>
         <value>0x1549</value>
         <object_component_ref idref="oc-24e"/>
      </symbol>
      <symbol id="sm-3b1">
         <name>CPU_cpsid</name>
         <value>0x153d</value>
         <object_component_ref idref="oc-22b"/>
      </symbol>
      <symbol id="sm-3ba">
         <name>__aeabi_lmul</name>
         <value>0x141d</value>
         <object_component_ref idref="oc-2cd"/>
      </symbol>
      <symbol id="sm-3d5">
         <name>memcpy</name>
         <value>0x655</value>
         <object_component_ref idref="oc-35"/>
      </symbol>
      <symbol id="sm-3d6">
         <name>__aeabi_memcpy</name>
         <value>0x655</value>
         <object_component_ref idref="oc-35"/>
      </symbol>
      <symbol id="sm-3d7">
         <name>__aeabi_memcpy8</name>
         <value>0x655</value>
         <object_component_ref idref="oc-35"/>
      </symbol>
      <symbol id="sm-3d8">
         <name>__aeabi_memcpy4</name>
         <value>0x655</value>
         <object_component_ref idref="oc-35"/>
      </symbol>
      <symbol id="sm-3f1">
         <name>__TI_zero_init_nomemset</name>
         <value>0x1331</value>
         <object_component_ref idref="oc-41"/>
      </symbol>
      <symbol id="sm-408">
         <name>__TI_decompress_none</name>
         <value>0x152f</value>
         <object_component_ref idref="oc-1d"/>
      </symbol>
      <symbol id="sm-42b">
         <name>__TI_decompress_lzss</name>
         <value>0xaf5</value>
         <object_component_ref idref="oc-17"/>
      </symbol>
      <symbol id="sm-43e">
         <name>__stack</name>
         <value>0x2000fe00</value>
         <object_component_ref idref="oc-27"/>
      </symbol>
      <symbol id="sm-43f">
         <name>_c_int00_noargs</name>
         <value>0x102d</value>
         <object_component_ref idref="oc-53"/>
      </symbol>
      <symbol id="sm-468">
         <name>__TI_auto_init_nobinit_nopinit</name>
         <value>0xda1</value>
         <object_component_ref idref="oc-ce"/>
      </symbol>
      <symbol id="sm-472">
         <name>_system_pre_init</name>
         <value>0x15ad</value>
         <object_component_ref idref="oc-86"/>
      </symbol>
      <symbol id="sm-47e">
         <name>C$$EXIT</name>
         <value>0x15b1</value>
         <object_component_ref idref="oc-c2"/>
      </symbol>
      <symbol id="sm-47f">
         <name>abort</name>
         <value>0x15b1</value>
         <object_component_ref idref="oc-c2"/>
      </symbol>
      <symbol id="sm-482">
         <name>__TI_static_base__</name>
         <value>0x0</value>
      </symbol>
      <symbol id="sm-485">
         <name>__mpu_init</name>
         <value>0x0</value>
      </symbol>
      <symbol id="sm-486">
         <name>_system_post_cinit</name>
         <value>0x0</value>
      </symbol>
      <symbol id="sm-487">
         <name>NMI_Handler</name>
         <value>0x124b</value>
      </symbol>
      <symbol id="sm-488">
         <name>HardFault_Handler</name>
         <value>0x124b</value>
      </symbol>
      <symbol id="sm-489">
         <name>MemManage_Handler</name>
         <value>0x124b</value>
      </symbol>
      <symbol id="sm-48a">
         <name>BusFault_Handler</name>
         <value>0x124b</value>
      </symbol>
      <symbol id="sm-48b">
         <name>UsageFault_Handler</name>
         <value>0x124b</value>
      </symbol>
      <symbol id="sm-48c">
         <name>SVC_Handler</name>
         <value>0x124b</value>
      </symbol>
      <symbol id="sm-48d">
         <name>DebugMon_Handler</name>
         <value>0x124b</value>
      </symbol>
      <symbol id="sm-48e">
         <name>PendSV_Handler</name>
         <value>0x124b</value>
      </symbol>
      <symbol id="sm-48f">
         <name>SysTick_Handler</name>
         <value>0x124b</value>
      </symbol>
      <symbol id="sm-490">
         <name>PSS_IRQHandler</name>
         <value>0x124b</value>
      </symbol>
      <symbol id="sm-491">
         <name>CS_IRQHandler</name>
         <value>0x124b</value>
      </symbol>
      <symbol id="sm-492">
         <name>PCM_IRQHandler</name>
         <value>0x124b</value>
      </symbol>
      <symbol id="sm-493">
         <name>WDT_A_IRQHandler</name>
         <value>0x124b</value>
      </symbol>
      <symbol id="sm-494">
         <name>FPU_IRQHandler</name>
         <value>0x124b</value>
      </symbol>
      <symbol id="sm-495">
         <name>FLCTL_IRQHandler</name>
         <value>0x124b</value>
      </symbol>
      <symbol id="sm-496">
         <name>COMP_E0_IRQHandler</name>
         <value>0x124b</value>
      </symbol>
      <symbol id="sm-497">
         <name>COMP_E1_IRQHandler</name>
         <value>0x124b</value>
      </symbol>
      <symbol id="sm-498">
         <name>TA0_0_IRQHandler</name>
         <value>0x124b</value>
      </symbol>
      <symbol id="sm-499">
         <name>TA0_N_IRQHandler</name>
         <value>0x124b</value>
      </symbol>
      <symbol id="sm-49a">
         <name>TA1_0_IRQHandler</name>
         <value>0x124b</value>
      </symbol>
      <symbol id="sm-49b">
         <name>TA1_N_IRQHandler</name>
         <value>0x124b</value>
      </symbol>
      <symbol id="sm-49c">
         <name>TA2_0_IRQHandler</name>
         <value>0x124b</value>
      </symbol>
      <symbol id="sm-49d">
         <name>TA2_N_IRQHandler</name>
         <value>0x124b</value>
      </symbol>
      <symbol id="sm-49e">
         <name>TA3_0_IRQHandler</name>
         <value>0x124b</value>
      </symbol>
      <symbol id="sm-49f">
         <name>TA3_N_IRQHandler</name>
         <value>0x124b</value>
      </symbol>
      <symbol id="sm-4a0">
         <name>EUSCIA0_IRQHandler</name>
         <value>0x124b</value>
      </symbol>
      <symbol id="sm-4a1">
         <name>EUSCIA1_IRQHandler</name>
         <value>0x124b</value>
      </symbol>
      <symbol id="sm-4a2">
         <name>EUSCIA2_IRQHandler</name>
         <value>0x124b</value>
      </symbol>
      <symbol id="sm-4a3">
         <name>EUSCIA3_IRQHandler</name>
         <value>0x124b</value>
      </symbol>
      <symbol id="sm-4a4">
         <name>EUSCIB0_IRQHandler</name>
         <value>0x124b</value>
      </symbol>
      <symbol id="sm-4a5">
         <name>EUSCIB1_IRQHandler</name>
         <value>0x124b</value>
      </symbol>
      <symbol id="sm-4a6">
         <name>EUSCIB2_IRQHandler</name>
         <value>0x124b</value>
      </symbol>
      <symbol id="sm-4a7">
         <name>EUSCIB3_IRQHandler</name>
         <value>0x124b</value>
      </symbol>
      <symbol id="sm-4a8">
         <name>ADC14_IRQHandler</name>
         <value>0x124b</value>
      </symbol>
      <symbol id="sm-4a9">
         <name>T32_INT1_IRQHandler</name>
         <value>0x11fd</value>
      </symbol>
      <symbol id="sm-4aa">
         <name>T32_INT2_IRQHandler</name>
         <value>0x124b</value>
      </symbol>
      <symbol id="sm-4ab">
         <name>T32_INTC_IRQHandler</name>
         <value>0x124b</value>
      </symbol>
      <symbol id="sm-4ac">
         <name>AES256_IRQHandler</name>
         <value>0x124b</value>
      </symbol>
      <symbol id="sm-4ad">
         <name>RTC_C_IRQHandler</name>
         <value>0x124b</value>
      </symbol>
      <symbol id="sm-4ae">
         <name>DMA_ERR_IRQHandler</name>
         <value>0x124b</value>
      </symbol>
      <symbol id="sm-4af">
         <name>DMA_INT3_IRQHandler</name>
         <value>0x124b</value>
      </symbol>
      <symbol id="sm-4b0">
         <name>DMA_INT2_IRQHandler</name>
         <value>0x124b</value>
      </symbol>
      <symbol id="sm-4b1">
         <name>DMA_INT1_IRQHandler</name>
         <value>0x124b</value>
      </symbol>
      <symbol id="sm-4b2">
         <name>DMA_INT0_IRQHandler</name>
         <value>0x124b</value>
      </symbol>
      <symbol id="sm-4b3">
         <name>PORT1_IRQHandler</name>
         <value>0x12d9</value>
      </symbol>
      <symbol id="sm-4b4">
         <name>PORT2_IRQHandler</name>
         <value>0x124b</value>
      </symbol>
      <symbol id="sm-4b5">
         <name>PORT3_IRQHandler</name>
         <value>0x124b</value>
      </symbol>
      <symbol id="sm-4b6">
         <name>PORT4_IRQHandler</name>
         <value>0x124b</value>
      </symbol>
      <symbol id="sm-4b7">
         <name>PORT5_IRQHandler</name>
         <value>0x124b</value>
      </symbol>
      <symbol id="sm-4b8">
         <name>PORT6_IRQHandler</name>
         <value>0x124b</value>
      </symbol>
   </symbol_table>
   <title>Link successful</title>
</link_info>
