<?xml version="1.0" encoding="ISO-8859-1" ?>
<link_info>
   <banner>TI ARM Linker PC v20.2.0.LTS</banner>
   <copyright>Copyright (c) 1996-2018 Texas Instruments Incorporated</copyright>
   <link_time>0x69e671be</link_time>
   <link_errors>0x0</link_errors>
   <output_file>S26_Proj3_Starter.out</output_file>
   <entry_point>
      <name>_c_int00_noargs</name>
      <address>0x146d</address>
   </entry_point>
   <input_file_list>
      <input_file id="fl-2">
         <path>.\</path>
         <kind>object</kind>
         <file>Main.obj</file>
         <name>Main.obj</name>
      </input_file>
      <input_file id="fl-3">
         <path>.\</path>
         <kind>object</kind>
         <file>system_msp432p401r.obj</file>
         <name>system_msp432p401r.obj</name>
      </input_file>
      <input_file id="fl-4">
         <path>.\HAL\</path>
         <kind>object</kind>
         <file>Button.obj</file>
         <name>Button.obj</name>
      </input_file>
      <input_file id="fl-5">
         <path>.\HAL\</path>
         <kind>object</kind>
         <file>LED.obj</file>
         <name>LED.obj</name>
      </input_file>
      <input_file id="fl-6">
         <path>.\HAL\</path>
         <kind>object</kind>
         <file>Timer.obj</file>
         <name>Timer.obj</name>
      </input_file>
      <input_file id="fl-7">
         <path>.\HAL\</path>
         <kind>object</kind>
         <file>UART.obj</file>
         <name>UART.obj</name>
      </input_file>
      <input_file id="fl-8">
         <path>.\LcdDriver\</path>
         <kind>object</kind>
         <file>Crystalfontz128x128_ST7735.obj</file>
         <name>Crystalfontz128x128_ST7735.obj</name>
      </input_file>
      <input_file id="fl-9">
         <path>.\LcdDriver\</path>
         <kind>object</kind>
         <file>HAL_MSP_EXP432P401R_Crystalfontz128x128_ST7735.obj</file>
         <name>HAL_MSP_EXP432P401R_Crystalfontz128x128_ST7735.obj</name>
      </input_file>
      <input_file id="fl-a">
         <path>.\ccs\</path>
         <kind>object</kind>
         <file>startup_msp432p401r_ccs.obj</file>
         <name>startup_msp432p401r_ccs.obj</name>
      </input_file>
      <input_file id="fl-14">
         <kind>object</kind>
         <file>&lt;internal&gt;</file>
         <name>&lt;internal&gt;</name>
      </input_file>
      <input_file id="fl-15">
         <path>C:\ti\simplelink_msp432p4_sdk_3_40_01_02\source\ti\grlib\lib\ccs\m4f\</path>
         <kind>archive</kind>
         <file>grlib.a</file>
         <name>context.obj</name>
      </input_file>
      <input_file id="fl-16">
         <path>C:\ti\simplelink_msp432p4_sdk_3_40_01_02\source\ti\grlib\lib\ccs\m4f\</path>
         <kind>archive</kind>
         <file>grlib.a</file>
         <name>display.obj</name>
      </input_file>
      <input_file id="fl-17">
         <path>C:\ti\simplelink_msp432p4_sdk_3_40_01_02\source\ti\grlib\lib\ccs\m4f\</path>
         <kind>archive</kind>
         <file>grlib.a</file>
         <name>fontfixed6x8.obj</name>
      </input_file>
      <input_file id="fl-18">
         <path>C:\ti\simplelink_msp432p4_sdk_3_40_01_02\source\ti\devices\msp432p4xx\driverlib\ccs\</path>
         <kind>archive</kind>
         <file>msp432p4xx_driverlib.lib</file>
         <name>cs.o</name>
      </input_file>
      <input_file id="fl-19">
         <path>C:\ti\simplelink_msp432p4_sdk_3_40_01_02\source\ti\devices\msp432p4xx\driverlib\ccs\</path>
         <kind>archive</kind>
         <file>msp432p4xx_driverlib.lib</file>
         <name>flash.o</name>
      </input_file>
      <input_file id="fl-1a">
         <path>C:\ti\simplelink_msp432p4_sdk_3_40_01_02\source\ti\devices\msp432p4xx\driverlib\ccs\</path>
         <kind>archive</kind>
         <file>msp432p4xx_driverlib.lib</file>
         <name>gpio.o</name>
      </input_file>
      <input_file id="fl-1b">
         <path>C:\ti\simplelink_msp432p4_sdk_3_40_01_02\source\ti\devices\msp432p4xx\driverlib\ccs\</path>
         <kind>archive</kind>
         <file>msp432p4xx_driverlib.lib</file>
         <name>interrupt.o</name>
      </input_file>
      <input_file id="fl-1c">
         <path>C:\ti\simplelink_msp432p4_sdk_3_40_01_02\source\ti\devices\msp432p4xx\driverlib\ccs\</path>
         <kind>archive</kind>
         <file>msp432p4xx_driverlib.lib</file>
         <name>pcm.o</name>
      </input_file>
      <input_file id="fl-1d">
         <path>C:\ti\simplelink_msp432p4_sdk_3_40_01_02\source\ti\devices\msp432p4xx\driverlib\ccs\</path>
         <kind>archive</kind>
         <file>msp432p4xx_driverlib.lib</file>
         <name>rtc_c.o</name>
      </input_file>
      <input_file id="fl-1e">
         <path>C:\ti\simplelink_msp432p4_sdk_3_40_01_02\source\ti\devices\msp432p4xx\driverlib\ccs\</path>
         <kind>archive</kind>
         <file>msp432p4xx_driverlib.lib</file>
         <name>spi.o</name>
      </input_file>
      <input_file id="fl-1f">
         <path>C:\ti\simplelink_msp432p4_sdk_3_40_01_02\source\ti\devices\msp432p4xx\driverlib\ccs\</path>
         <kind>archive</kind>
         <file>msp432p4xx_driverlib.lib</file>
         <name>sysctl.o</name>
      </input_file>
      <input_file id="fl-20">
         <path>C:\ti\simplelink_msp432p4_sdk_3_40_01_02\source\ti\devices\msp432p4xx\driverlib\ccs\</path>
         <kind>archive</kind>
         <file>msp432p4xx_driverlib.lib</file>
         <name>sysctl_a.o</name>
      </input_file>
      <input_file id="fl-21">
         <path>C:\ti\simplelink_msp432p4_sdk_3_40_01_02\source\ti\devices\msp432p4xx\driverlib\ccs\</path>
         <kind>archive</kind>
         <file>msp432p4xx_driverlib.lib</file>
         <name>timer32.o</name>
      </input_file>
      <input_file id="fl-22">
         <path>C:\ti\simplelink_msp432p4_sdk_3_40_01_02\source\ti\devices\msp432p4xx\driverlib\ccs\</path>
         <kind>archive</kind>
         <file>msp432p4xx_driverlib.lib</file>
         <name>uart.o</name>
      </input_file>
      <input_file id="fl-23">
         <path>C:\ti\simplelink_msp432p4_sdk_3_40_01_02\source\ti\devices\msp432p4xx\driverlib\ccs\</path>
         <kind>archive</kind>
         <file>msp432p4xx_driverlib.lib</file>
         <name>wdt_a.o</name>
      </input_file>
      <input_file id="fl-24">
         <path>C:\ti\simplelink_msp432p4_sdk_3_40_01_02\source\ti\devices\msp432p4xx\driverlib\ccs\</path>
         <kind>archive</kind>
         <file>msp432p4xx_driverlib.lib</file>
         <name>cpu.o</name>
      </input_file>
      <input_file id="fl-da">
         <path>C:\ti\ccs1000\ccs\tools\compiler\ti-cgt-arm_20.2.0.LTS\lib\</path>
         <kind>archive</kind>
         <file>rtsv7M4_T_le_v4SPD16_eabi.lib</file>
         <name>ll_mul_t2.asm.obj</name>
      </input_file>
      <input_file id="fl-db">
         <path>C:\ti\ccs1000\ccs\tools\compiler\ti-cgt-arm_20.2.0.LTS\lib\</path>
         <kind>archive</kind>
         <file>rtsv7M4_T_le_v4SPD16_eabi.lib</file>
         <name>memcpy_t2.asm.obj</name>
      </input_file>
      <input_file id="fl-dc">
         <path>C:\ti\ccs1000\ccs\tools\compiler\ti-cgt-arm_20.2.0.LTS\lib\</path>
         <kind>archive</kind>
         <file>rtsv7M4_T_le_v4SPD16_eabi.lib</file>
         <name>ull_div_t2.asm.obj</name>
      </input_file>
      <input_file id="fl-dd">
         <path>C:\ti\ccs1000\ccs\tools\compiler\ti-cgt-arm_20.2.0.LTS\lib\</path>
         <kind>archive</kind>
         <file>rtsv7M4_T_le_v4SPD16_eabi.lib</file>
         <name>copy_zero_init.c.obj</name>
      </input_file>
      <input_file id="fl-de">
         <path>C:\ti\ccs1000\ccs\tools\compiler\ti-cgt-arm_20.2.0.LTS\lib\</path>
         <kind>archive</kind>
         <file>rtsv7M4_T_le_v4SPD16_eabi.lib</file>
         <name>copy_decompress_none.c.obj</name>
      </input_file>
      <input_file id="fl-df">
         <path>C:\ti\ccs1000\ccs\tools\compiler\ti-cgt-arm_20.2.0.LTS\lib\</path>
         <kind>archive</kind>
         <file>rtsv7M4_T_le_v4SPD16_eabi.lib</file>
         <name>copy_decompress_lzss.c.obj</name>
      </input_file>
      <input_file id="fl-e0">
         <path>C:\ti\ccs1000\ccs\tools\compiler\ti-cgt-arm_20.2.0.LTS\lib\</path>
         <kind>archive</kind>
         <file>rtsv7M4_T_le_v4SPD16_eabi.lib</file>
         <name>boot_cortex_m.c.obj</name>
      </input_file>
      <input_file id="fl-e1">
         <path>C:\ti\ccs1000\ccs\tools\compiler\ti-cgt-arm_20.2.0.LTS\lib\</path>
         <kind>archive</kind>
         <file>rtsv7M4_T_le_v4SPD16_eabi.lib</file>
         <name>div0.asm.obj</name>
      </input_file>
      <input_file id="fl-e2">
         <path>C:\ti\ccs1000\ccs\tools\compiler\ti-cgt-arm_20.2.0.LTS\lib\</path>
         <kind>archive</kind>
         <file>rtsv7M4_T_le_v4SPD16_eabi.lib</file>
         <name>memset_t2.asm.obj</name>
      </input_file>
      <input_file id="fl-e3">
         <path>C:\ti\ccs1000\ccs\tools\compiler\ti-cgt-arm_20.2.0.LTS\lib\</path>
         <kind>archive</kind>
         <file>rtsv7M4_T_le_v4SPD16_eabi.lib</file>
         <name>autoinit.c.obj</name>
      </input_file>
      <input_file id="fl-e4">
         <path>C:\ti\ccs1000\ccs\tools\compiler\ti-cgt-arm_20.2.0.LTS\lib\</path>
         <kind>archive</kind>
         <file>rtsv7M4_T_le_v4SPD16_eabi.lib</file>
         <name>pre_init.c.obj</name>
      </input_file>
      <input_file id="fl-e5">
         <path>C:\ti\ccs1000\ccs\tools\compiler\ti-cgt-arm_20.2.0.LTS\lib\</path>
         <kind>archive</kind>
         <file>rtsv7M4_T_le_v4SPD16_eabi.lib</file>
         <name>cpy_tbl.c.obj</name>
      </input_file>
      <input_file id="fl-e6">
         <path>C:\ti\ccs1000\ccs\tools\compiler\ti-cgt-arm_20.2.0.LTS\lib\</path>
         <kind>archive</kind>
         <file>rtsv7M4_T_le_v4SPD16_eabi.lib</file>
         <name>exit.c.obj</name>
      </input_file>
      <input_file id="fl-e7">
         <path>C:\ti\ccs1000\ccs\tools\compiler\ti-cgt-arm_20.2.0.LTS\lib\</path>
         <kind>archive</kind>
         <file>rtsv7M4_T_le_v4SPD16_eabi.lib</file>
         <name>_lock.c.obj</name>
      </input_file>
      <input_file id="fl-e8">
         <path>C:\ti\ccs1000\ccs\tools\compiler\ti-cgt-arm_20.2.0.LTS\lib\</path>
         <kind>archive</kind>
         <file>rtsv7M4_T_le_v4SPD16_eabi.lib</file>
         <name>args_main.c.obj</name>
      </input_file>
   </input_file_list>
   <object_component_list>
      <object_component id="oc-26">
         <name>.intvecs:retain</name>
         <load_address>0x0</load_address>
         <run_address>0x0</run_address>
         <size>0xe4</size>
         <input_file_ref idref="fl-a"/>
      </object_component>
      <object_component id="oc-2e0">
         <name>.text:Crystalfontz128x128_PixelDrawMultiple</name>
         <load_address>0xe4</load_address>
         <run_address>0xe4</run_address>
         <size>0x1d8</size>
         <input_file_ref idref="fl-8"/>
      </object_component>
      <object_component id="oc-234">
         <name>.text:CS_setDCOFrequency</name>
         <load_address>0x2bc</load_address>
         <run_address>0x2bc</run_address>
         <size>0x19c</size>
         <input_file_ref idref="fl-18"/>
      </object_component>
      <object_component id="oc-2b5">
         <name>.text:Crystalfontz128x128_SetDrawFrame</name>
         <load_address>0x458</load_address>
         <run_address>0x458</run_address>
         <size>0x134</size>
         <input_file_ref idref="fl-8"/>
      </object_component>
      <object_component id="oc-23a">
         <name>.text:CS_initClockSignal</name>
         <load_address>0x58c</load_address>
         <run_address>0x58c</run_address>
         <size>0x130</size>
         <input_file_ref idref="fl-18"/>
      </object_component>
      <object_component id="oc-187">
         <name>.text:Crystalfontz128x128_Init</name>
         <load_address>0x6bc</load_address>
         <run_address>0x6bc</run_address>
         <size>0x12c</size>
         <input_file_ref idref="fl-8"/>
      </object_component>
      <object_component id="oc-3a7">
         <name>.text:SPI_initMaster</name>
         <load_address>0x7e8</load_address>
         <run_address>0x7e8</run_address>
         <size>0xb0</size>
         <input_file_ref idref="fl-1e"/>
      </object_component>
      <object_component id="oc-2f2">
         <name>.text:Crystalfontz128x128_RectFill</name>
         <load_address>0x898</load_address>
         <run_address>0x898</run_address>
         <size>0x9c</size>
         <input_file_ref idref="fl-8"/>
      </object_component>
      <object_component id="oc-37">
         <name>.text</name>
         <load_address>0x934</load_address>
         <run_address>0x934</run_address>
         <size>0x9c</size>
         <input_file_ref idref="fl-db"/>
      </object_component>
      <object_component id="oc-43e">
         <name>.text</name>
         <load_address>0x9d0</load_address>
         <run_address>0x9d0</run_address>
         <size>0x96</size>
         <input_file_ref idref="fl-dc"/>
      </object_component>
      <object_component id="oc-6d">
         <name>.text:Default_Handler</name>
         <load_address>0xa66</load_address>
         <run_address>0xa66</run_address>
         <size>0x2</size>
         <input_file_ref idref="fl-a"/>
      </object_component>
      <object_component id="oc-363">
         <name>.text:SysCtl_A_getTLVInfo</name>
         <load_address>0xa68</load_address>
         <run_address>0xa68</run_address>
         <size>0x94</size>
         <input_file_ref idref="fl-20"/>
      </object_component>
      <object_component id="oc-174">
         <name>.text:InitSystemTiming</name>
         <load_address>0xafc</load_address>
         <run_address>0xafc</run_address>
         <size>0x8c</size>
         <input_file_ref idref="fl-6"/>
      </object_component>
      <object_component id="oc-36f">
         <name>.text:CS_tuneDCOFrequency</name>
         <load_address>0xb88</load_address>
         <run_address>0xb88</run_address>
         <size>0x88</size>
         <input_file_ref idref="fl-18"/>
      </object_component>
      <object_component id="oc-3a0">
         <name>.text:GPIO_setAsPeripheralModuleFunctionOutputPin</name>
         <load_address>0xc10</load_address>
         <run_address>0xc10</run_address>
         <size>0x88</size>
         <input_file_ref idref="fl-1a"/>
      </object_component>
      <object_component id="oc-24c">
         <name>.text:Interrupt_enableInterrupt</name>
         <load_address>0xc98</load_address>
         <run_address>0xc98</run_address>
         <size>0x80</size>
         <input_file_ref idref="fl-1b"/>
      </object_component>
      <object_component id="oc-b7">
         <name>.text:SystemInit</name>
         <load_address>0xd18</load_address>
         <run_address>0xd18</run_address>
         <size>0x78</size>
         <input_file_ref idref="fl-3"/>
      </object_component>
      <object_component id="oc-240">
         <name>.text:Timer32_initModule</name>
         <load_address>0xd90</load_address>
         <run_address>0xd90</run_address>
         <size>0x68</size>
         <input_file_ref idref="fl-21"/>
      </object_component>
      <object_component id="oc-17">
         <name>.text:decompress:lzss:__TI_decompress_lzss</name>
         <load_address>0xdf8</load_address>
         <run_address>0xdf8</run_address>
         <size>0x68</size>
         <input_file_ref idref="fl-df"/>
      </object_component>
      <object_component id="oc-2e6">
         <name>.text:Crystalfontz128x128_LineDrawH</name>
         <load_address>0xe60</load_address>
         <run_address>0xe60</run_address>
         <size>0x60</size>
         <input_file_ref idref="fl-8"/>
      </object_component>
      <object_component id="oc-2ec">
         <name>.text:Crystalfontz128x128_LineDrawV</name>
         <load_address>0xec0</load_address>
         <run_address>0xec0</run_address>
         <size>0x60</size>
         <input_file_ref idref="fl-8"/>
      </object_component>
      <object_component id="oc-31b">
         <name>.text:LB1tapped</name>
         <load_address>0xf20</load_address>
         <run_address>0xf20</run_address>
         <size>0x60</size>
         <input_file_ref idref="fl-4"/>
      </object_component>
      <object_component id="oc-38d">
         <name>.text:GPIO_setAsInputPinWithPullUpResistor</name>
         <load_address>0xf80</load_address>
         <run_address>0xf80</run_address>
         <size>0x58</size>
         <input_file_ref idref="fl-1a"/>
      </object_component>
      <object_component id="oc-437">
         <name>.text:SWTimer_elapsedCycles</name>
         <load_address>0xfd8</load_address>
         <run_address>0xfd8</run_address>
         <size>0x58</size>
         <input_file_ref idref="fl-6"/>
      </object_component>
      <object_component id="oc-17a">
         <name>.text:initLEDs</name>
         <load_address>0x1030</load_address>
         <run_address>0x1030</run_address>
         <size>0x58</size>
         <input_file_ref idref="fl-5"/>
      </object_component>
      <object_component id="oc-18d">
         <name>.text:Crystalfontz128x128_SetOrientation</name>
         <load_address>0x1088</load_address>
         <run_address>0x1088</run_address>
         <size>0x54</size>
         <input_file_ref idref="fl-8"/>
      </object_component>
      <object_component id="oc-3e8">
         <name>.text:SWTimer_construct</name>
         <load_address>0x10dc</load_address>
         <run_address>0x10dc</run_address>
         <size>0x54</size>
         <input_file_ref idref="fl-6"/>
      </object_component>
      <object_component id="oc-193">
         <name>.text:Graphics_initContext</name>
         <load_address>0x1130</load_address>
         <run_address>0x1130</run_address>
         <size>0x52</size>
         <input_file_ref idref="fl-15"/>
      </object_component>
      <object_component id="oc-461">
         <name>.text</name>
         <load_address>0x1182</load_address>
         <run_address>0x1182</run_address>
         <size>0x2</size>
         <input_file_ref idref="fl-e1"/>
      </object_component>
      <object_component id="oc-22e">
         <name>.text:FlashCtl_setWaitState</name>
         <load_address>0x1184</load_address>
         <run_address>0x1184</run_address>
         <size>0x48</size>
         <input_file_ref idref="fl-19"/>
      </object_component>
      <object_component id="oc-f6">
         <name>.text:initGraphics</name>
         <load_address>0x11cc</load_address>
         <run_address>0x11cc</run_address>
         <size>0x48</size>
         <input_file_ref idref="fl-2"/>
      </object_component>
      <object_component id="oc-11f">
         <name>.text:__TI_auto_init_nobinit_nopinit:__TI_auto_init_nobinit_nopinit</name>
         <load_address>0x1214</load_address>
         <run_address>0x1214</run_address>
         <size>0x44</size>
         <input_file_ref idref="fl-e3"/>
      </object_component>
      <object_component id="oc-2da">
         <name>.text:Crystalfontz128x128_PixelDraw</name>
         <load_address>0x1258</load_address>
         <run_address>0x1258</run_address>
         <size>0x40</size>
         <input_file_ref idref="fl-8"/>
      </object_component>
      <object_component id="oc-25f">
         <name>.text:GPIO_setAsOutputPin</name>
         <load_address>0x1298</load_address>
         <run_address>0x1298</run_address>
         <size>0x40</size>
         <input_file_ref idref="fl-1a"/>
      </object_component>
      <object_component id="oc-297">
         <name>.text:HAL_LCD_SpiInit</name>
         <load_address>0x12d8</load_address>
         <run_address>0x12d8</run_address>
         <size>0x40</size>
         <input_file_ref idref="fl-9"/>
      </object_component>
      <object_component id="oc-41b">
         <name>.text:is_A_Module</name>
         <load_address>0x1318</load_address>
         <run_address>0x1318</run_address>
         <size>0x40</size>
         <input_file_ref idref="fl-1e"/>
      </object_component>
      <object_component id="oc-399">
         <name>.text:GPIO_interruptEdgeSelect</name>
         <load_address>0x1358</load_address>
         <run_address>0x1358</run_address>
         <size>0x3c</size>
         <input_file_ref idref="fl-1a"/>
      </object_component>
      <object_component id="oc-2a9">
         <name>.text:HAL_LCD_writeCommand</name>
         <load_address>0x1394</load_address>
         <run_address>0x1394</run_address>
         <size>0x38</size>
         <input_file_ref idref="fl-9"/>
      </object_component>
      <object_component id="oc-258">
         <name>.text:Timer32_startTimer</name>
         <load_address>0x13cc</load_address>
         <run_address>0x13cc</run_address>
         <size>0x38</size>
         <input_file_ref idref="fl-21"/>
      </object_component>
      <object_component id="oc-369">
         <name>.text:CS_setDCOCenteredFrequency</name>
         <load_address>0x1404</load_address>
         <run_address>0x1404</run_address>
         <size>0x34</size>
         <input_file_ref idref="fl-18"/>
      </object_component>
      <object_component id="oc-246">
         <name>.text:Timer32_setCount</name>
         <load_address>0x1438</load_address>
         <run_address>0x1438</run_address>
         <size>0x34</size>
         <input_file_ref idref="fl-21"/>
      </object_component>
      <object_component id="oc-55">
         <name>.text:_c_int00_noargs:_c_int00_noargs</name>
         <load_address>0x146c</load_address>
         <run_address>0x146c</run_address>
         <size>0x34</size>
         <input_file_ref idref="fl-e0"/>
      </object_component>
      <object_component id="oc-291">
         <name>.text:HAL_LCD_PortInit</name>
         <load_address>0x14a0</load_address>
         <run_address>0x14a0</run_address>
         <size>0x30</size>
         <input_file_ref idref="fl-9"/>
      </object_component>
      <object_component id="oc-304">
         <name>.text:Crystalfontz128x128_ClearScreen</name>
         <load_address>0x14d0</load_address>
         <run_address>0x14d0</run_address>
         <size>0x2c</size>
         <input_file_ref idref="fl-8"/>
      </object_component>
      <object_component id="oc-2af">
         <name>.text:HAL_LCD_writeData</name>
         <load_address>0x14fc</load_address>
         <run_address>0x14fc</run_address>
         <size>0x2c</size>
         <input_file_ref idref="fl-9"/>
      </object_component>
      <object_component id="oc-3e2">
         <name>.text:SWTimer_expired</name>
         <load_address>0x1528</load_address>
         <run_address>0x1528</run_address>
         <size>0x2a</size>
         <input_file_ref idref="fl-6"/>
      </object_component>
      <object_component id="oc-28a">
         <name>.text:initButton</name>
         <load_address>0x1552</load_address>
         <run_address>0x1552</run_address>
         <size>0x2a</size>
         <input_file_ref idref="fl-4"/>
      </object_component>
      <object_component id="oc-2f8">
         <name>.text:Crystalfontz128x128_ColorTranslate</name>
         <load_address>0x157c</load_address>
         <run_address>0x157c</run_address>
         <size>0x28</size>
         <input_file_ref idref="fl-8"/>
      </object_component>
      <object_component id="oc-cf">
         <name>.text:GPIO_clearInterruptFlag</name>
         <load_address>0x15a4</load_address>
         <run_address>0x15a4</run_address>
         <size>0x28</size>
         <input_file_ref idref="fl-1a"/>
      </object_component>
      <object_component id="oc-393">
         <name>.text:GPIO_enableInterrupt</name>
         <load_address>0x15cc</load_address>
         <run_address>0x15cc</run_address>
         <size>0x28</size>
         <input_file_ref idref="fl-1a"/>
      </object_component>
      <object_component id="oc-2a3">
         <name>.text:GPIO_setOutputHighOnPin</name>
         <load_address>0x15f4</load_address>
         <run_address>0x15f4</run_address>
         <size>0x28</size>
         <input_file_ref idref="fl-1a"/>
      </object_component>
      <object_component id="oc-29d">
         <name>.text:GPIO_setOutputLowOnPin</name>
         <load_address>0x161c</load_address>
         <run_address>0x161c</run_address>
         <size>0x28</size>
         <input_file_ref idref="fl-1a"/>
      </object_component>
      <object_component id="oc-322">
         <name>.text:GPIO_toggleOutputOnPin</name>
         <load_address>0x1644</load_address>
         <run_address>0x1644</run_address>
         <size>0x28</size>
         <input_file_ref idref="fl-1a"/>
      </object_component>
      <object_component id="oc-1c1">
         <name>.text:PCM_gotoLPM0</name>
         <load_address>0x166c</load_address>
         <run_address>0x166c</run_address>
         <size>0x28</size>
         <input_file_ref idref="fl-1c"/>
      </object_component>
      <object_component id="oc-73">
         <name>.text:T32_INT1_IRQHandler</name>
         <load_address>0x1694</load_address>
         <run_address>0x1694</run_address>
         <size>0x28</size>
         <input_file_ref idref="fl-6"/>
      </object_component>
      <object_component id="oc-c9">
         <name>.text:GPIO_getInterruptStatus</name>
         <load_address>0x16bc</load_address>
         <run_address>0x16bc</run_address>
         <size>0x24</size>
         <input_file_ref idref="fl-1a"/>
      </object_component>
      <object_component id="oc-3ee">
         <name>.text:SWTimer_start</name>
         <load_address>0x16e0</load_address>
         <run_address>0x16e0</run_address>
         <size>0x24</size>
         <input_file_ref idref="fl-6"/>
      </object_component>
      <object_component id="oc-16e">
         <name>.text:WDT_A_holdTimer</name>
         <load_address>0x1704</load_address>
         <run_address>0x1704</run_address>
         <size>0x24</size>
         <input_file_ref idref="fl-23"/>
      </object_component>
      <object_component id="oc-79">
         <name>.text:PORT1_IRQHandler</name>
         <load_address>0x1728</load_address>
         <run_address>0x1728</run_address>
         <size>0x20</size>
         <input_file_ref idref="fl-4"/>
      </object_component>
      <object_component id="oc-3ad">
         <name>.text:SPI_enableModule</name>
         <load_address>0x1748</load_address>
         <run_address>0x1748</run_address>
         <size>0x1c</size>
         <input_file_ref idref="fl-1e"/>
      </object_component>
      <object_component id="oc-43">
         <name>.text:decompress:ZI:__TI_zero_init_nomemset:__TI_zero_init_nomemset</name>
         <load_address>0x1764</load_address>
         <run_address>0x1764</run_address>
         <size>0x1c</size>
         <input_file_ref idref="fl-dd"/>
      </object_component>
      <object_component id="oc-180">
         <name>.text:initButtons</name>
         <load_address>0x1780</load_address>
         <run_address>0x1780</run_address>
         <size>0x1c</size>
         <input_file_ref idref="fl-4"/>
      </object_component>
      <object_component id="oc-a5">
         <name>.text:main</name>
         <load_address>0x179c</load_address>
         <run_address>0x179c</run_address>
         <size>0x1c</size>
         <input_file_ref idref="fl-2"/>
      </object_component>
      <object_component id="oc-2d1">
         <name>.text:Graphics_clearDisplayOnDisplay</name>
         <load_address>0x17b8</load_address>
         <run_address>0x17b8</run_address>
         <size>0x1a</size>
         <input_file_ref idref="fl-16"/>
      </object_component>
      <object_component id="oc-1a5">
         <name>.text:Graphics_setBackgroundColor</name>
         <load_address>0x17d2</load_address>
         <run_address>0x17d2</run_address>
         <size>0x1a</size>
         <input_file_ref idref="fl-15"/>
      </object_component>
      <object_component id="oc-199">
         <name>.text:Graphics_setFont</name>
         <load_address>0x17ec</load_address>
         <run_address>0x17ec</run_address>
         <size>0x1a</size>
         <input_file_ref idref="fl-15"/>
      </object_component>
      <object_component id="oc-1ce">
         <name>.text:updateButtons</name>
         <load_address>0x1806</load_address>
         <run_address>0x1806</run_address>
         <size>0x1a</size>
         <input_file_ref idref="fl-4"/>
      </object_component>
      <object_component id="oc-443">
         <name>.text</name>
         <load_address>0x1820</load_address>
         <run_address>0x1820</run_address>
         <size>0x18</size>
         <input_file_ref idref="fl-da"/>
      </object_component>
      <object_component id="oc-423">
         <name>.text:EUSCI_A_SPI_enable</name>
         <load_address>0x1838</load_address>
         <run_address>0x1838</run_address>
         <size>0x16</size>
         <input_file_ref idref="fl-1e"/>
      </object_component>
      <object_component id="oc-429">
         <name>.text:EUSCI_B_SPI_enable</name>
         <load_address>0x184e</load_address>
         <run_address>0x184e</run_address>
         <size>0x16</size>
         <input_file_ref idref="fl-1e"/>
      </object_component>
      <object_component id="oc-19f">
         <name>.text:Graphics_setForegroundColor</name>
         <load_address>0x1864</load_address>
         <run_address>0x1864</run_address>
         <size>0x16</size>
         <input_file_ref idref="fl-15"/>
      </object_component>
      <object_component id="oc-2c9">
         <name>.text:Graphics_translateColorOnDisplay</name>
         <load_address>0x187a</load_address>
         <run_address>0x187a</run_address>
         <size>0x16</size>
         <input_file_ref idref="fl-16"/>
      </object_component>
      <object_component id="oc-102">
         <name>.text:main_loop</name>
         <load_address>0x1890</load_address>
         <run_address>0x1890</run_address>
         <size>0x16</size>
         <input_file_ref idref="fl-2"/>
      </object_component>
      <object_component id="oc-bf">
         <name>.text:Timer32_clearInterruptFlag</name>
         <load_address>0x18a6</load_address>
         <run_address>0x18a6</run_address>
         <size>0x14</size>
         <input_file_ref idref="fl-21"/>
      </object_component>
      <object_component id="oc-f0">
         <name>.text:initialize</name>
         <load_address>0x18ba</load_address>
         <run_address>0x18ba</run_address>
         <size>0x14</size>
         <input_file_ref idref="fl-2"/>
      </object_component>
      <object_component id="oc-1ab">
         <name>.text:Graphics_clearDisplay</name>
         <load_address>0x18ce</load_address>
         <run_address>0x18ce</run_address>
         <size>0x12</size>
         <input_file_ref idref="fl-15"/>
      </object_component>
      <object_component id="oc-228">
         <name>.text:Interrupt_disableMaster</name>
         <load_address>0x18e0</load_address>
         <run_address>0x18e0</run_address>
         <size>0x10</size>
         <input_file_ref idref="fl-1b"/>
      </object_component>
      <object_component id="oc-252">
         <name>.text:Interrupt_enableMaster</name>
         <load_address>0x18f0</load_address>
         <run_address>0x18f0</run_address>
         <size>0x10</size>
         <input_file_ref idref="fl-1b"/>
      </object_component>
      <object_component id="oc-fc">
         <name>.text:sleep</name>
         <load_address>0x1900</load_address>
         <run_address>0x1900</run_address>
         <size>0x10</size>
         <input_file_ref idref="fl-2"/>
      </object_component>
      <object_component id="oc-449">
         <name>.text:Timer32_getValue</name>
         <load_address>0x1910</load_address>
         <run_address>0x1910</run_address>
         <size>0xe</size>
         <input_file_ref idref="fl-21"/>
      </object_component>
      <object_component id="oc-1d">
         <name>.text:decompress:none:__TI_decompress_none</name>
         <load_address>0x191e</load_address>
         <run_address>0x191e</run_address>
         <size>0xe</size>
         <input_file_ref idref="fl-de"/>
      </object_component>
      <object_component id="oc-35b">
         <name>.text:CPU_cpsid</name>
         <load_address>0x192c</load_address>
         <run_address>0x192c</run_address>
         <size>0xc</size>
         <input_file_ref idref="fl-24"/>
      </object_component>
      <object_component id="oc-37e">
         <name>.text:CPU_cpsie</name>
         <load_address>0x1938</load_address>
         <run_address>0x1938</run_address>
         <size>0xc</size>
         <input_file_ref idref="fl-24"/>
      </object_component>
      <object_component id="oc-67">
         <name>.text:Reset_Handler</name>
         <load_address>0x1944</load_address>
         <run_address>0x1944</run_address>
         <size>0xc</size>
         <input_file_ref idref="fl-a"/>
      </object_component>
      <object_component id="oc-1d4">
         <name>.text:Toggle_LL1</name>
         <load_address>0x1950</load_address>
         <run_address>0x1950</run_address>
         <size>0xc</size>
         <input_file_ref idref="fl-5"/>
      </object_component>
      <object_component id="oc-283">
         <name>.text:TurnOff_BLB</name>
         <load_address>0x195c</load_address>
         <run_address>0x195c</run_address>
         <size>0xc</size>
         <input_file_ref idref="fl-5"/>
      </object_component>
      <object_component id="oc-27d">
         <name>.text:TurnOff_BLG</name>
         <load_address>0x1968</load_address>
         <run_address>0x1968</run_address>
         <size>0xc</size>
         <input_file_ref idref="fl-5"/>
      </object_component>
      <object_component id="oc-277">
         <name>.text:TurnOff_BLR</name>
         <load_address>0x1974</load_address>
         <run_address>0x1974</run_address>
         <size>0xc</size>
         <input_file_ref idref="fl-5"/>
      </object_component>
      <object_component id="oc-265">
         <name>.text:TurnOff_LL1</name>
         <load_address>0x1980</load_address>
         <run_address>0x1980</run_address>
         <size>0xc</size>
         <input_file_ref idref="fl-5"/>
      </object_component>
      <object_component id="oc-271">
         <name>.text:TurnOff_LLB</name>
         <load_address>0x198c</load_address>
         <run_address>0x198c</run_address>
         <size>0xc</size>
         <input_file_ref idref="fl-5"/>
      </object_component>
      <object_component id="oc-1c7">
         <name>.text:TurnOff_LLG</name>
         <load_address>0x1998</load_address>
         <run_address>0x1998</run_address>
         <size>0xc</size>
         <input_file_ref idref="fl-5"/>
      </object_component>
      <object_component id="oc-26b">
         <name>.text:TurnOff_LLR</name>
         <load_address>0x19a4</load_address>
         <run_address>0x19a4</run_address>
         <size>0xc</size>
         <input_file_ref idref="fl-5"/>
      </object_component>
      <object_component id="oc-1bb">
         <name>.text:TurnOn_LLG</name>
         <load_address>0x19b0</load_address>
         <run_address>0x19b0</run_address>
         <size>0xc</size>
         <input_file_ref idref="fl-5"/>
      </object_component>
      <object_component id="oc-2fe">
         <name>.text:Crystalfontz128x128_Flush</name>
         <load_address>0x19bc</load_address>
         <run_address>0x19bc</run_address>
         <size>0xa</size>
         <input_file_ref idref="fl-8"/>
      </object_component>
      <object_component id="oc-313">
         <name>.text:CPU_wfi</name>
         <load_address>0x19c6</load_address>
         <run_address>0x19c6</run_address>
         <size>0x4</size>
         <input_file_ref idref="fl-24"/>
      </object_component>
      <object_component id="oc-9f">
         <name>.text:_system_pre_init</name>
         <load_address>0x19ca</load_address>
         <run_address>0x19ca</run_address>
         <size>0x4</size>
         <input_file_ref idref="fl-e4"/>
      </object_component>
      <object_component id="oc-113">
         <name>.text:abort:abort</name>
         <load_address>0x19ce</load_address>
         <run_address>0x19ce</run_address>
         <size>0x4</size>
         <input_file_ref idref="fl-e6"/>
      </object_component>
      <object_component id="oc-30c">
         <name>.const:.string:g_pucFontFixed6x8Data</name>
         <load_address>0x19d4</load_address>
         <run_address>0x19d4</run_address>
         <size>0x2f8</size>
         <input_file_ref idref="fl-17"/>
      </object_component>
      <object_component id="oc-1b7">
         <name>.const:g_sFontFixed6x8</name>
         <load_address>0x1ccc</load_address>
         <run_address>0x1ccc</run_address>
         <size>0xc8</size>
         <input_file_ref idref="fl-17"/>
      </object_component>
      <object_component id="oc-15b">
         <name>.const:GPIO_PORT_TO_BASE</name>
         <load_address>0x1d94</load_address>
         <run_address>0x1d94</run_address>
         <size>0x30</size>
         <input_file_ref idref="fl-1a"/>
      </object_component>
      <object_component id="oc-1b4">
         <name>.const:g_sCrystalfontz128x128_funcs</name>
         <load_address>0x1dc4</load_address>
         <run_address>0x1dc4</run_address>
         <size>0x20</size>
         <input_file_ref idref="fl-8"/>
      </object_component>
      <object_component id="oc-3b3">
         <name>.const:$P$T0$1</name>
         <load_address>0x1de4</load_address>
         <run_address>0x1de4</run_address>
         <size>0x1c</size>
         <input_file_ref idref="fl-9"/>
      </object_component>
      <object_component id="oc-3d9">
         <name>.const:$P$T0$1</name>
         <load_address>0x1e00</load_address>
         <run_address>0x1e00</run_address>
         <size>0x8</size>
         <input_file_ref idref="fl-8"/>
      </object_component>
      <object_component id="oc-37a">
         <name>.const:g_pulEnRegs</name>
         <load_address>0x1e08</load_address>
         <run_address>0x1e08</run_address>
         <size>0x8</size>
         <input_file_ref idref="fl-1b"/>
      </object_component>
      <object_component id="oc-49b">
         <name>.cinit..data.load</name>
         <load_address>0x1e10</load_address>
         <run_address>0x1e10</run_address>
         <size>0xd</size>
      </object_component>
      <object_component id="oc-499">
         <name>__TI_handler_table</name>
         <load_address>0x1e20</load_address>
         <run_address>0x1e20</run_address>
         <size>0xc</size>
      </object_component>
      <object_component id="oc-49c">
         <name>.cinit..bss.load</name>
         <load_address>0x1e30</load_address>
         <run_address>0x1e30</run_address>
         <size>0x8</size>
      </object_component>
      <object_component id="oc-49a">
         <name>__TI_cinit_table</name>
         <load_address>0x1e38</load_address>
         <run_address>0x1e38</run_address>
         <size>0x10</size>
      </object_component>
      <object_component id="oc-46d">
         <name>.binit</name>
         <load_address>0x0</load_address>
         <run_address>0x0</run_address>
         <size>0x0</size>
      </object_component>
      <object_component id="oc-3f4">
         <name>.data</name>
         <load_address>0x20000034</load_address>
         <run_address>0x20000034</run_address>
         <size>0x1</size>
         <input_file_ref idref="fl-4"/>
      </object_component>
      <object_component id="oc-1b1">
         <name>.data:g_sCrystalfontz128x128</name>
         <load_address>0x20000024</load_address>
         <run_address>0x20000024</run_address>
         <size>0x10</size>
         <input_file_ref idref="fl-8"/>
      </object_component>
      <object_component id="oc-d5">
         <name>.bss</name>
         <uninitialized>true</uninitialized>
         <run_address>0x2000001e</run_address>
         <size>0x1</size>
         <input_file_ref idref="fl-4"/>
      </object_component>
      <object_component id="oc-3f5">
         <name>.bss:debounceTimer$2</name>
         <uninitialized>true</uninitialized>
         <run_address>0x20000000</run_address>
         <size>0x10</size>
         <input_file_ref idref="fl-4"/>
      </object_component>
      <object_component id="oc-c5">
         <name>.bss</name>
         <uninitialized>true</uninitialized>
         <run_address>0x20000010</run_address>
         <size>0x8</size>
         <input_file_ref idref="fl-6"/>
      </object_component>
      <object_component id="oc-2c4">
         <name>.common:Lcd_Orientation</name>
         <uninitialized>true</uninitialized>
         <run_address>0x20000021</run_address>
         <size>0x1</size>
      </object_component>
      <object_component id="oc-2bb">
         <name>.common:Lcd_ScreenWidth</name>
         <uninitialized>true</uninitialized>
         <run_address>0x2000001a</run_address>
         <size>0x2</size>
      </object_component>
      <object_component id="oc-2be">
         <name>.common:Lcd_ScreenHeigth</name>
         <uninitialized>true</uninitialized>
         <run_address>0x20000018</run_address>
         <size>0x2</size>
      </object_component>
      <object_component id="oc-2bf">
         <name>.common:Lcd_PenSolid</name>
         <uninitialized>true</uninitialized>
         <run_address>0x20000022</run_address>
         <size>0x1</size>
      </object_component>
      <object_component id="oc-2c0">
         <name>.common:Lcd_FontSolid</name>
         <uninitialized>true</uninitialized>
         <run_address>0x20000020</run_address>
         <size>0x1</size>
      </object_component>
      <object_component id="oc-2c1">
         <name>.common:Lcd_FlagRead</name>
         <uninitialized>true</uninitialized>
         <run_address>0x2000001f</run_address>
         <size>0x1</size>
      </object_component>
      <object_component id="oc-2c2">
         <name>.common:Lcd_TouchTrim</name>
         <uninitialized>true</uninitialized>
         <run_address>0x2000001c</run_address>
         <size>0x2</size>
      </object_component>
      <object_component id="oc-29">
         <name>.stack</name>
         <uninitialized>true</uninitialized>
         <run_address>0x2000fe00</run_address>
         <size>0x4</size>
         <input_file_ref idref="fl-e0"/>
      </object_component>
      <object_component id="oc-49e">
         <name>.stack</name>
         <uninitialized>true</uninitialized>
         <run_address>0x2000fe00</run_address>
         <size>0x0</size>
      </object_component>
      <object_component id="oc-16d">
         <name>.debug_info</name>
         <load_address>0x0</load_address>
         <run_address>0x0</run_address>
         <size>0xa5d</size>
         <input_file_ref idref="fl-2"/>
      </object_component>
      <object_component id="oc-a6">
         <name>.debug_info</name>
         <load_address>0xa5d</load_address>
         <run_address>0xa5d</run_address>
         <size>0x152</size>
         <input_file_ref idref="fl-2"/>
      </object_component>
      <object_component id="oc-fd">
         <name>.debug_info</name>
         <load_address>0xbaf</load_address>
         <run_address>0xbaf</run_address>
         <size>0x12e</size>
         <input_file_ref idref="fl-2"/>
      </object_component>
      <object_component id="oc-103">
         <name>.debug_info</name>
         <load_address>0xcdd</load_address>
         <run_address>0xcdd</run_address>
         <size>0x180</size>
         <input_file_ref idref="fl-2"/>
      </object_component>
      <object_component id="oc-f1">
         <name>.debug_info</name>
         <load_address>0xe5d</load_address>
         <run_address>0xe5d</run_address>
         <size>0x150</size>
         <input_file_ref idref="fl-2"/>
      </object_component>
      <object_component id="oc-f7">
         <name>.debug_info</name>
         <load_address>0xfad</load_address>
         <run_address>0xfad</run_address>
         <size>0x223</size>
         <input_file_ref idref="fl-2"/>
      </object_component>
      <object_component id="oc-1db">
         <name>.debug_info</name>
         <load_address>0x11d0</load_address>
         <run_address>0x11d0</run_address>
         <size>0x9a</size>
         <input_file_ref idref="fl-2"/>
      </object_component>
      <object_component id="oc-db">
         <name>.debug_info</name>
         <load_address>0x126a</load_address>
         <run_address>0x126a</run_address>
         <size>0x26b</size>
         <input_file_ref idref="fl-2"/>
      </object_component>
      <object_component id="oc-211">
         <name>.debug_info</name>
         <load_address>0x14d5</load_address>
         <run_address>0x14d5</run_address>
         <size>0x1028</size>
         <input_file_ref idref="fl-2"/>
      </object_component>
      <object_component id="oc-20c">
         <name>.debug_info</name>
         <load_address>0x24fd</load_address>
         <run_address>0x24fd</run_address>
         <size>0x37e2</size>
         <input_file_ref idref="fl-2"/>
      </object_component>
      <object_component id="oc-10e">
         <name>.debug_info</name>
         <load_address>0x5cdf</load_address>
         <run_address>0x5cdf</run_address>
         <size>0x439</size>
         <input_file_ref idref="fl-2"/>
      </object_component>
      <object_component id="oc-216">
         <name>.debug_info</name>
         <load_address>0x6118</load_address>
         <run_address>0x6118</run_address>
         <size>0x76</size>
         <input_file_ref idref="fl-2"/>
      </object_component>
      <object_component id="oc-109">
         <name>.debug_info</name>
         <load_address>0x618e</load_address>
         <run_address>0x618e</run_address>
         <size>0x8b</size>
         <input_file_ref idref="fl-2"/>
      </object_component>
      <object_component id="oc-168">
         <name>.debug_info</name>
         <load_address>0x6219</load_address>
         <run_address>0x6219</run_address>
         <size>0x2a4</size>
         <input_file_ref idref="fl-2"/>
      </object_component>
      <object_component id="oc-220">
         <name>.debug_info</name>
         <load_address>0x64bd</load_address>
         <run_address>0x64bd</run_address>
         <size>0xef</size>
         <input_file_ref idref="fl-2"/>
      </object_component>
      <object_component id="oc-1e0">
         <name>.debug_info</name>
         <load_address>0x65ac</load_address>
         <run_address>0x65ac</run_address>
         <size>0xbb</size>
         <input_file_ref idref="fl-2"/>
      </object_component>
      <object_component id="oc-3b7">
         <name>.debug_info</name>
         <load_address>0x6667</load_address>
         <run_address>0x6667</run_address>
         <size>0x131</size>
         <input_file_ref idref="fl-2"/>
      </object_component>
      <object_component id="oc-ba">
         <name>.debug_info</name>
         <load_address>0x6798</load_address>
         <run_address>0x6798</run_address>
         <size>0x12f</size>
         <input_file_ref idref="fl-3"/>
      </object_component>
      <object_component id="oc-32">
         <name>.debug_info</name>
         <load_address>0x68c7</load_address>
         <run_address>0x68c7</run_address>
         <size>0x84</size>
         <input_file_ref idref="fl-3"/>
      </object_component>
      <object_component id="oc-167">
         <name>.debug_info</name>
         <load_address>0x694b</load_address>
         <run_address>0x694b</run_address>
         <size>0x7a1</size>
         <input_file_ref idref="fl-4"/>
      </object_component>
      <object_component id="oc-d6">
         <name>.debug_info</name>
         <load_address>0x70ec</load_address>
         <run_address>0x70ec</run_address>
         <size>0xdf</size>
         <input_file_ref idref="fl-4"/>
      </object_component>
      <object_component id="oc-28b">
         <name>.debug_info</name>
         <load_address>0x71cb</load_address>
         <run_address>0x71cb</run_address>
         <size>0x21d</size>
         <input_file_ref idref="fl-4"/>
      </object_component>
      <object_component id="oc-181">
         <name>.debug_info</name>
         <load_address>0x73e8</load_address>
         <run_address>0x73e8</run_address>
         <size>0x147</size>
         <input_file_ref idref="fl-4"/>
      </object_component>
      <object_component id="oc-7a">
         <name>.debug_info</name>
         <load_address>0x752f</load_address>
         <run_address>0x752f</run_address>
         <size>0x15c</size>
         <input_file_ref idref="fl-4"/>
      </object_component>
      <object_component id="oc-31c">
         <name>.debug_info</name>
         <load_address>0x768b</load_address>
         <run_address>0x768b</run_address>
         <size>0x1ba</size>
         <input_file_ref idref="fl-4"/>
      </object_component>
      <object_component id="oc-1cf">
         <name>.debug_info</name>
         <load_address>0x7845</load_address>
         <run_address>0x7845</run_address>
         <size>0x146</size>
         <input_file_ref idref="fl-4"/>
      </object_component>
      <object_component id="oc-266">
         <name>.debug_info</name>
         <load_address>0x798b</load_address>
         <run_address>0x798b</run_address>
         <size>0x12a</size>
         <input_file_ref idref="fl-5"/>
      </object_component>
      <object_component id="oc-1d5">
         <name>.debug_info</name>
         <load_address>0x7ab5</load_address>
         <run_address>0x7ab5</run_address>
         <size>0x128</size>
         <input_file_ref idref="fl-5"/>
      </object_component>
      <object_component id="oc-26c">
         <name>.debug_info</name>
         <load_address>0x7bdd</load_address>
         <run_address>0x7bdd</run_address>
         <size>0x12a</size>
         <input_file_ref idref="fl-5"/>
      </object_component>
      <object_component id="oc-1bc">
         <name>.debug_info</name>
         <load_address>0x7d07</load_address>
         <run_address>0x7d07</run_address>
         <size>0x129</size>
         <input_file_ref idref="fl-5"/>
      </object_component>
      <object_component id="oc-1c8">
         <name>.debug_info</name>
         <load_address>0x7e30</load_address>
         <run_address>0x7e30</run_address>
         <size>0x12a</size>
         <input_file_ref idref="fl-5"/>
      </object_component>
      <object_component id="oc-272">
         <name>.debug_info</name>
         <load_address>0x7f5a</load_address>
         <run_address>0x7f5a</run_address>
         <size>0x12a</size>
         <input_file_ref idref="fl-5"/>
      </object_component>
      <object_component id="oc-278">
         <name>.debug_info</name>
         <load_address>0x8084</load_address>
         <run_address>0x8084</run_address>
         <size>0x12a</size>
         <input_file_ref idref="fl-5"/>
      </object_component>
      <object_component id="oc-27e">
         <name>.debug_info</name>
         <load_address>0x81ae</load_address>
         <run_address>0x81ae</run_address>
         <size>0x12a</size>
         <input_file_ref idref="fl-5"/>
      </object_component>
      <object_component id="oc-284">
         <name>.debug_info</name>
         <load_address>0x82d8</load_address>
         <run_address>0x82d8</run_address>
         <size>0x12a</size>
         <input_file_ref idref="fl-5"/>
      </object_component>
      <object_component id="oc-17b">
         <name>.debug_info</name>
         <load_address>0x8402</load_address>
         <run_address>0x8402</run_address>
         <size>0x23b</size>
         <input_file_ref idref="fl-5"/>
      </object_component>
      <object_component id="oc-15a">
         <name>.debug_info</name>
         <load_address>0x863d</load_address>
         <run_address>0x863d</run_address>
         <size>0x7ea</size>
         <input_file_ref idref="fl-6"/>
      </object_component>
      <object_component id="oc-c6">
         <name>.debug_info</name>
         <load_address>0x8e27</load_address>
         <run_address>0x8e27</run_address>
         <size>0xe8</size>
         <input_file_ref idref="fl-6"/>
      </object_component>
      <object_component id="oc-75">
         <name>.debug_info</name>
         <load_address>0x8f0f</load_address>
         <run_address>0x8f0f</run_address>
         <size>0x144</size>
         <input_file_ref idref="fl-6"/>
      </object_component>
      <object_component id="oc-176">
         <name>.debug_info</name>
         <load_address>0x9053</load_address>
         <run_address>0x9053</run_address>
         <size>0x297</size>
         <input_file_ref idref="fl-6"/>
      </object_component>
      <object_component id="oc-3e9">
         <name>.debug_info</name>
         <load_address>0x92ea</load_address>
         <run_address>0x92ea</run_address>
         <size>0x1eb</size>
         <input_file_ref idref="fl-6"/>
      </object_component>
      <object_component id="oc-3ef">
         <name>.debug_info</name>
         <load_address>0x94d5</load_address>
         <run_address>0x94d5</run_address>
         <size>0x15d</size>
         <input_file_ref idref="fl-6"/>
      </object_component>
      <object_component id="oc-439">
         <name>.debug_info</name>
         <load_address>0x9632</load_address>
         <run_address>0x9632</run_address>
         <size>0x1f9</size>
         <input_file_ref idref="fl-6"/>
      </object_component>
      <object_component id="oc-3e4">
         <name>.debug_info</name>
         <load_address>0x982b</load_address>
         <run_address>0x982b</run_address>
         <size>0x18e</size>
         <input_file_ref idref="fl-6"/>
      </object_component>
      <object_component id="oc-2bc">
         <name>.debug_info</name>
         <load_address>0x99b9</load_address>
         <run_address>0x99b9</run_address>
         <size>0x92d</size>
         <input_file_ref idref="fl-8"/>
      </object_component>
      <object_component id="oc-1b2">
         <name>.debug_info</name>
         <load_address>0xa2e6</load_address>
         <run_address>0xa2e6</run_address>
         <size>0x111</size>
         <input_file_ref idref="fl-8"/>
      </object_component>
      <object_component id="oc-1b5">
         <name>.debug_info</name>
         <load_address>0xa3f7</load_address>
         <run_address>0xa3f7</run_address>
         <size>0x11d</size>
         <input_file_ref idref="fl-8"/>
      </object_component>
      <object_component id="oc-3da">
         <name>.debug_info</name>
         <load_address>0xa514</load_address>
         <run_address>0xa514</run_address>
         <size>0xf2</size>
         <input_file_ref idref="fl-8"/>
      </object_component>
      <object_component id="oc-188">
         <name>.debug_info</name>
         <load_address>0xa606</load_address>
         <run_address>0xa606</run_address>
         <size>0x3e4</size>
         <input_file_ref idref="fl-8"/>
      </object_component>
      <object_component id="oc-2b7">
         <name>.debug_info</name>
         <load_address>0xa9ea</load_address>
         <run_address>0xa9ea</run_address>
         <size>0x2f0</size>
         <input_file_ref idref="fl-8"/>
      </object_component>
      <object_component id="oc-18f">
         <name>.debug_info</name>
         <load_address>0xacda</load_address>
         <run_address>0xacda</run_address>
         <size>0x24c</size>
         <input_file_ref idref="fl-8"/>
      </object_component>
      <object_component id="oc-2dc">
         <name>.debug_info</name>
         <load_address>0xaf26</load_address>
         <run_address>0xaf26</run_address>
         <size>0x291</size>
         <input_file_ref idref="fl-8"/>
      </object_component>
      <object_component id="oc-2e2">
         <name>.debug_info</name>
         <load_address>0xb1b7</load_address>
         <run_address>0xb1b7</run_address>
         <size>0x3f4</size>
         <input_file_ref idref="fl-8"/>
      </object_component>
      <object_component id="oc-2e7">
         <name>.debug_info</name>
         <load_address>0xb5ab</load_address>
         <run_address>0xb5ab</run_address>
         <size>0x2ac</size>
         <input_file_ref idref="fl-8"/>
      </object_component>
      <object_component id="oc-2ed">
         <name>.debug_info</name>
         <load_address>0xb857</load_address>
         <run_address>0xb857</run_address>
         <size>0x2ac</size>
         <input_file_ref idref="fl-8"/>
      </object_component>
      <object_component id="oc-2f3">
         <name>.debug_info</name>
         <load_address>0xbb03</load_address>
         <run_address>0xbb03</run_address>
         <size>0x2dd</size>
         <input_file_ref idref="fl-8"/>
      </object_component>
      <object_component id="oc-2f9">
         <name>.debug_info</name>
         <load_address>0xbde0</load_address>
         <run_address>0xbde0</run_address>
         <size>0x1fa</size>
         <input_file_ref idref="fl-8"/>
      </object_component>
      <object_component id="oc-2ff">
         <name>.debug_info</name>
         <load_address>0xbfda</load_address>
         <run_address>0xbfda</run_address>
         <size>0x1b5</size>
         <input_file_ref idref="fl-8"/>
      </object_component>
      <object_component id="oc-305">
         <name>.debug_info</name>
         <load_address>0xc18f</load_address>
         <run_address>0xc18f</run_address>
         <size>0x225</size>
         <input_file_ref idref="fl-8"/>
      </object_component>
      <object_component id="oc-3c3">
         <name>.debug_info</name>
         <load_address>0xc3b4</load_address>
         <run_address>0xc3b4</run_address>
         <size>0x37e2</size>
         <input_file_ref idref="fl-8"/>
      </object_component>
      <object_component id="oc-432">
         <name>.debug_info</name>
         <load_address>0xfb96</load_address>
         <run_address>0xfb96</run_address>
         <size>0x873</size>
         <input_file_ref idref="fl-9"/>
      </object_component>
      <object_component id="oc-3b4">
         <name>.debug_info</name>
         <load_address>0x10409</load_address>
         <run_address>0x10409</run_address>
         <size>0x105</size>
         <input_file_ref idref="fl-9"/>
      </object_component>
      <object_component id="oc-294">
         <name>.debug_info</name>
         <load_address>0x1050e</load_address>
         <run_address>0x1050e</run_address>
         <size>0x25c</size>
         <input_file_ref idref="fl-9"/>
      </object_component>
      <object_component id="oc-29a">
         <name>.debug_info</name>
         <load_address>0x1076a</load_address>
         <run_address>0x1076a</run_address>
         <size>0x225</size>
         <input_file_ref idref="fl-9"/>
      </object_component>
      <object_component id="oc-2ad">
         <name>.debug_info</name>
         <load_address>0x1098f</load_address>
         <run_address>0x1098f</run_address>
         <size>0x21c</size>
         <input_file_ref idref="fl-9"/>
      </object_component>
      <object_component id="oc-2b3">
         <name>.debug_info</name>
         <load_address>0x10bab</load_address>
         <run_address>0x10bab</run_address>
         <size>0x1cf</size>
         <input_file_ref idref="fl-9"/>
      </object_component>
      <object_component id="oc-81">
         <name>.debug_info</name>
         <load_address>0x10d7a</load_address>
         <run_address>0x10d7a</run_address>
         <size>0x2cf</size>
         <input_file_ref idref="fl-a"/>
      </object_component>
      <object_component id="oc-27">
         <name>.debug_info</name>
         <load_address>0x11049</load_address>
         <run_address>0x11049</run_address>
         <size>0xfb</size>
         <input_file_ref idref="fl-a"/>
      </object_component>
      <object_component id="oc-6a">
         <name>.debug_info</name>
         <load_address>0x11144</load_address>
         <run_address>0x11144</run_address>
         <size>0x15e</size>
         <input_file_ref idref="fl-a"/>
      </object_component>
      <object_component id="oc-70">
         <name>.debug_info</name>
         <load_address>0x112a2</load_address>
         <run_address>0x112a2</run_address>
         <size>0x146</size>
         <input_file_ref idref="fl-a"/>
      </object_component>
      <object_component id="oc-2c7">
         <name>.debug_info</name>
         <load_address>0x113e8</load_address>
         <run_address>0x113e8</run_address>
         <size>0x561</size>
         <input_file_ref idref="fl-15"/>
      </object_component>
      <object_component id="oc-194">
         <name>.debug_info</name>
         <load_address>0x11949</load_address>
         <run_address>0x11949</run_address>
         <size>0x1ef</size>
         <input_file_ref idref="fl-15"/>
      </object_component>
      <object_component id="oc-1a6">
         <name>.debug_info</name>
         <load_address>0x11b38</load_address>
         <run_address>0x11b38</run_address>
         <size>0x203</size>
         <input_file_ref idref="fl-15"/>
      </object_component>
      <object_component id="oc-19a">
         <name>.debug_info</name>
         <load_address>0x11d3b</load_address>
         <run_address>0x11d3b</run_address>
         <size>0x1d0</size>
         <input_file_ref idref="fl-15"/>
      </object_component>
      <object_component id="oc-1a0">
         <name>.debug_info</name>
         <load_address>0x11f0b</load_address>
         <run_address>0x11f0b</run_address>
         <size>0x1f6</size>
         <input_file_ref idref="fl-15"/>
      </object_component>
      <object_component id="oc-1ac">
         <name>.debug_info</name>
         <load_address>0x12101</load_address>
         <run_address>0x12101</run_address>
         <size>0x1c3</size>
         <input_file_ref idref="fl-15"/>
      </object_component>
      <object_component id="oc-356">
         <name>.debug_info</name>
         <load_address>0x122c4</load_address>
         <run_address>0x122c4</run_address>
         <size>0x26b</size>
         <input_file_ref idref="fl-15"/>
      </object_component>
      <object_component id="oc-3ca">
         <name>.debug_info</name>
         <load_address>0x1252f</load_address>
         <run_address>0x1252f</run_address>
         <size>0x439</size>
         <input_file_ref idref="fl-15"/>
      </object_component>
      <object_component id="oc-205">
         <name>.debug_info</name>
         <load_address>0x12968</load_address>
         <run_address>0x12968</run_address>
         <size>0x297</size>
         <input_file_ref idref="fl-15"/>
      </object_component>
      <object_component id="oc-15f">
         <name>.debug_info</name>
         <load_address>0x12bff</load_address>
         <run_address>0x12bff</run_address>
         <size>0xef</size>
         <input_file_ref idref="fl-15"/>
      </object_component>
      <object_component id="oc-153">
         <name>.debug_info</name>
         <load_address>0x12cee</load_address>
         <run_address>0x12cee</run_address>
         <size>0xbb</size>
         <input_file_ref idref="fl-15"/>
      </object_component>
      <object_component id="oc-3d0">
         <name>.debug_info</name>
         <load_address>0x12da9</load_address>
         <run_address>0x12da9</run_address>
         <size>0x3fb</size>
         <input_file_ref idref="fl-16"/>
      </object_component>
      <object_component id="oc-2ca">
         <name>.debug_info</name>
         <load_address>0x131a4</load_address>
         <run_address>0x131a4</run_address>
         <size>0x1e3</size>
         <input_file_ref idref="fl-16"/>
      </object_component>
      <object_component id="oc-2d2">
         <name>.debug_info</name>
         <load_address>0x13387</load_address>
         <run_address>0x13387</run_address>
         <size>0x1db</size>
         <input_file_ref idref="fl-16"/>
      </object_component>
      <object_component id="oc-311">
         <name>.debug_info</name>
         <load_address>0x13562</load_address>
         <run_address>0x13562</run_address>
         <size>0x27c</size>
         <input_file_ref idref="fl-17"/>
      </object_component>
      <object_component id="oc-30d">
         <name>.debug_info</name>
         <load_address>0x137de</load_address>
         <run_address>0x137de</run_address>
         <size>0x13a</size>
         <input_file_ref idref="fl-17"/>
      </object_component>
      <object_component id="oc-1b8">
         <name>.debug_info</name>
         <load_address>0x13918</load_address>
         <run_address>0x13918</run_address>
         <size>0x12f</size>
         <input_file_ref idref="fl-17"/>
      </object_component>
      <object_component id="oc-376">
         <name>.debug_info</name>
         <load_address>0x13a47</load_address>
         <run_address>0x13a47</run_address>
         <size>0x807</size>
         <input_file_ref idref="fl-18"/>
      </object_component>
      <object_component id="oc-23d">
         <name>.debug_info</name>
         <load_address>0x1424e</load_address>
         <run_address>0x1424e</run_address>
         <size>0x29d</size>
         <input_file_ref idref="fl-18"/>
      </object_component>
      <object_component id="oc-36c">
         <name>.debug_info</name>
         <load_address>0x144eb</load_address>
         <run_address>0x144eb</run_address>
         <size>0x1e5</size>
         <input_file_ref idref="fl-18"/>
      </object_component>
      <object_component id="oc-372">
         <name>.debug_info</name>
         <load_address>0x146d0</load_address>
         <run_address>0x146d0</run_address>
         <size>0x233</size>
         <input_file_ref idref="fl-18"/>
      </object_component>
      <object_component id="oc-237">
         <name>.debug_info</name>
         <load_address>0x14903</load_address>
         <run_address>0x14903</run_address>
         <size>0x3bf</size>
         <input_file_ref idref="fl-18"/>
      </object_component>
      <object_component id="oc-34c">
         <name>.debug_info</name>
         <load_address>0x14cc2</load_address>
         <run_address>0x14cc2</run_address>
         <size>0x431a</size>
         <input_file_ref idref="fl-18"/>
      </object_component>
      <object_component id="oc-40e">
         <name>.debug_info</name>
         <load_address>0x18fdc</load_address>
         <run_address>0x18fdc</run_address>
         <size>0x1b5</size>
         <input_file_ref idref="fl-18"/>
      </object_component>
      <object_component id="oc-351">
         <name>.debug_info</name>
         <load_address>0x19191</load_address>
         <run_address>0x19191</run_address>
         <size>0x1028</size>
         <input_file_ref idref="fl-18"/>
      </object_component>
      <object_component id="oc-230">
         <name>.debug_info</name>
         <load_address>0x1a1b9</load_address>
         <run_address>0x1a1b9</run_address>
         <size>0x224</size>
         <input_file_ref idref="fl-19"/>
      </object_component>
      <object_component id="oc-21d">
         <name>.debug_info</name>
         <load_address>0x1a3dd</load_address>
         <run_address>0x1a3dd</run_address>
         <size>0x701</size>
         <input_file_ref idref="fl-1a"/>
      </object_component>
      <object_component id="oc-15c">
         <name>.debug_info</name>
         <load_address>0x1aade</load_address>
         <run_address>0x1aade</run_address>
         <size>0x135</size>
         <input_file_ref idref="fl-1a"/>
      </object_component>
      <object_component id="oc-260">
         <name>.debug_info</name>
         <load_address>0x1ac13</load_address>
         <run_address>0x1ac13</run_address>
         <size>0x252</size>
         <input_file_ref idref="fl-1a"/>
      </object_component>
      <object_component id="oc-3a1">
         <name>.debug_info</name>
         <load_address>0x1ae65</load_address>
         <run_address>0x1ae65</run_address>
         <size>0x2a5</size>
         <input_file_ref idref="fl-1a"/>
      </object_component>
      <object_component id="oc-2a4">
         <name>.debug_info</name>
         <load_address>0x1b10a</load_address>
         <run_address>0x1b10a</run_address>
         <size>0x25a</size>
         <input_file_ref idref="fl-1a"/>
      </object_component>
      <object_component id="oc-29e">
         <name>.debug_info</name>
         <load_address>0x1b364</load_address>
         <run_address>0x1b364</run_address>
         <size>0x258</size>
         <input_file_ref idref="fl-1a"/>
      </object_component>
      <object_component id="oc-323">
         <name>.debug_info</name>
         <load_address>0x1b5bc</load_address>
         <run_address>0x1b5bc</run_address>
         <size>0x258</size>
         <input_file_ref idref="fl-1a"/>
      </object_component>
      <object_component id="oc-38e">
         <name>.debug_info</name>
         <load_address>0x1b814</load_address>
         <run_address>0x1b814</run_address>
         <size>0x274</size>
         <input_file_ref idref="fl-1a"/>
      </object_component>
      <object_component id="oc-394">
         <name>.debug_info</name>
         <load_address>0x1ba88</load_address>
         <run_address>0x1ba88</run_address>
         <size>0x254</size>
         <input_file_ref idref="fl-1a"/>
      </object_component>
      <object_component id="oc-ca">
         <name>.debug_info</name>
         <load_address>0x1bcdc</load_address>
         <run_address>0x1bcdc</run_address>
         <size>0x25e</size>
         <input_file_ref idref="fl-1a"/>
      </object_component>
      <object_component id="oc-d0">
         <name>.debug_info</name>
         <load_address>0x1bf3a</load_address>
         <run_address>0x1bf3a</run_address>
         <size>0x25a</size>
         <input_file_ref idref="fl-1a"/>
      </object_component>
      <object_component id="oc-39a">
         <name>.debug_info</name>
         <load_address>0x1c194</load_address>
         <run_address>0x1c194</run_address>
         <size>0x298</size>
         <input_file_ref idref="fl-1a"/>
      </object_component>
      <object_component id="oc-415">
         <name>.debug_info</name>
         <load_address>0x1c42c</load_address>
         <run_address>0x1c42c</run_address>
         <size>0x68f</size>
         <input_file_ref idref="fl-1b"/>
      </object_component>
      <object_component id="oc-37b">
         <name>.debug_info</name>
         <load_address>0x1cabb</load_address>
         <run_address>0x1cabb</run_address>
         <size>0x12e</size>
         <input_file_ref idref="fl-1b"/>
      </object_component>
      <object_component id="oc-254">
         <name>.debug_info</name>
         <load_address>0x1cbe9</load_address>
         <run_address>0x1cbe9</run_address>
         <size>0x1d5</size>
         <input_file_ref idref="fl-1b"/>
      </object_component>
      <object_component id="oc-22a">
         <name>.debug_info</name>
         <load_address>0x1cdbe</load_address>
         <run_address>0x1cdbe</run_address>
         <size>0x1d7</size>
         <input_file_ref idref="fl-1b"/>
      </object_component>
      <object_component id="oc-24f">
         <name>.debug_info</name>
         <load_address>0x1cf95</load_address>
         <run_address>0x1cf95</run_address>
         <size>0x219</size>
         <input_file_ref idref="fl-1b"/>
      </object_component>
      <object_component id="oc-1c2">
         <name>.debug_info</name>
         <load_address>0x1d1ae</load_address>
         <run_address>0x1d1ae</run_address>
         <size>0x1b0</size>
         <input_file_ref idref="fl-1c"/>
      </object_component>
      <object_component id="oc-422">
         <name>.debug_info</name>
         <load_address>0x1d35e</load_address>
         <run_address>0x1d35e</run_address>
         <size>0x6f5</size>
         <input_file_ref idref="fl-1e"/>
      </object_component>
      <object_component id="oc-41d">
         <name>.debug_info</name>
         <load_address>0x1da53</load_address>
         <run_address>0x1da53</run_address>
         <size>0x1c7</size>
         <input_file_ref idref="fl-1e"/>
      </object_component>
      <object_component id="oc-3a9">
         <name>.debug_info</name>
         <load_address>0x1dc1a</load_address>
         <run_address>0x1dc1a</run_address>
         <size>0x22b</size>
         <input_file_ref idref="fl-1e"/>
      </object_component>
      <object_component id="oc-3af">
         <name>.debug_info</name>
         <load_address>0x1de45</load_address>
         <run_address>0x1de45</run_address>
         <size>0x235</size>
         <input_file_ref idref="fl-1e"/>
      </object_component>
      <object_component id="oc-42b">
         <name>.debug_info</name>
         <load_address>0x1e07a</load_address>
         <run_address>0x1e07a</run_address>
         <size>0x1e9</size>
         <input_file_ref idref="fl-1e"/>
      </object_component>
      <object_component id="oc-425">
         <name>.debug_info</name>
         <load_address>0x1e263</load_address>
         <run_address>0x1e263</run_address>
         <size>0x1e9</size>
         <input_file_ref idref="fl-1e"/>
      </object_component>
      <object_component id="oc-457">
         <name>.debug_info</name>
         <load_address>0x1e44c</load_address>
         <run_address>0x1e44c</run_address>
         <size>0x131</size>
         <input_file_ref idref="fl-1e"/>
      </object_component>
      <object_component id="oc-409">
         <name>.debug_info</name>
         <load_address>0x1e57d</load_address>
         <run_address>0x1e57d</run_address>
         <size>0x5c9</size>
         <input_file_ref idref="fl-20"/>
      </object_component>
      <object_component id="oc-364">
         <name>.debug_info</name>
         <load_address>0x1eb46</load_address>
         <run_address>0x1eb46</run_address>
         <size>0x298</size>
         <input_file_ref idref="fl-20"/>
      </object_component>
      <object_component id="oc-241">
         <name>.debug_info</name>
         <load_address>0x1edde</load_address>
         <run_address>0x1edde</run_address>
         <size>0x26f</size>
         <input_file_ref idref="fl-21"/>
      </object_component>
      <object_component id="oc-247">
         <name>.debug_info</name>
         <load_address>0x1f04d</load_address>
         <run_address>0x1f04d</run_address>
         <size>0x1fd</size>
         <input_file_ref idref="fl-21"/>
      </object_component>
      <object_component id="oc-44a">
         <name>.debug_info</name>
         <load_address>0x1f24a</load_address>
         <run_address>0x1f24a</run_address>
         <size>0x1da</size>
         <input_file_ref idref="fl-21"/>
      </object_component>
      <object_component id="oc-259">
         <name>.debug_info</name>
         <load_address>0x1f424</load_address>
         <run_address>0x1f424</run_address>
         <size>0x209</size>
         <input_file_ref idref="fl-21"/>
      </object_component>
      <object_component id="oc-c1">
         <name>.debug_info</name>
         <load_address>0x1f62d</load_address>
         <run_address>0x1f62d</run_address>
         <size>0x1ea</size>
         <input_file_ref idref="fl-21"/>
      </object_component>
      <object_component id="oc-16f">
         <name>.debug_info</name>
         <load_address>0x1f817</load_address>
         <run_address>0x1f817</run_address>
         <size>0x1c9</size>
         <input_file_ref idref="fl-23"/>
      </object_component>
      <object_component id="oc-35c">
         <name>.debug_info</name>
         <load_address>0x1f9e0</load_address>
         <run_address>0x1f9e0</run_address>
         <size>0x199</size>
         <input_file_ref idref="fl-24"/>
      </object_component>
      <object_component id="oc-37f">
         <name>.debug_info</name>
         <load_address>0x1fb79</load_address>
         <run_address>0x1fb79</run_address>
         <size>0x19a</size>
         <input_file_ref idref="fl-24"/>
      </object_component>
      <object_component id="oc-314">
         <name>.debug_info</name>
         <load_address>0x1fd13</load_address>
         <run_address>0x1fd13</run_address>
         <size>0x194</size>
         <input_file_ref idref="fl-24"/>
      </object_component>
      <object_component id="oc-446">
         <name>.debug_info</name>
         <load_address>0x1fea7</load_address>
         <run_address>0x1fea7</run_address>
         <size>0x122</size>
         <input_file_ref idref="fl-da"/>
      </object_component>
      <object_component id="oc-39">
         <name>.debug_info</name>
         <load_address>0x1ffc9</load_address>
         <run_address>0x1ffc9</run_address>
         <size>0x119</size>
         <input_file_ref idref="fl-db"/>
      </object_component>
      <object_component id="oc-441">
         <name>.debug_info</name>
         <load_address>0x200e2</load_address>
         <run_address>0x200e2</run_address>
         <size>0x134</size>
         <input_file_ref idref="fl-dc"/>
      </object_component>
      <object_component id="oc-98">
         <name>.debug_info</name>
         <load_address>0x20216</load_address>
         <run_address>0x20216</run_address>
         <size>0x2d4</size>
         <input_file_ref idref="fl-dd"/>
      </object_component>
      <object_component id="oc-46">
         <name>.debug_info</name>
         <load_address>0x204ea</load_address>
         <run_address>0x204ea</run_address>
         <size>0x1d2</size>
         <input_file_ref idref="fl-dd"/>
      </object_component>
      <object_component id="oc-93">
         <name>.debug_info</name>
         <load_address>0x206bc</load_address>
         <run_address>0x206bc</run_address>
         <size>0x46</size>
         <input_file_ref idref="fl-dd"/>
      </object_component>
      <object_component id="oc-e7">
         <name>.debug_info</name>
         <load_address>0x20702</load_address>
         <run_address>0x20702</run_address>
         <size>0x2c</size>
         <input_file_ref idref="fl-dd"/>
      </object_component>
      <object_component id="oc-42">
         <name>.debug_info</name>
         <load_address>0x2072e</load_address>
         <run_address>0x2072e</run_address>
         <size>0x2a8</size>
         <input_file_ref idref="fl-de"/>
      </object_component>
      <object_component id="oc-20">
         <name>.debug_info</name>
         <load_address>0x209d6</load_address>
         <run_address>0x209d6</run_address>
         <size>0x1ea</size>
         <input_file_ref idref="fl-de"/>
      </object_component>
      <object_component id="oc-3d">
         <name>.debug_info</name>
         <load_address>0x20bc0</load_address>
         <run_address>0x20bc0</run_address>
         <size>0x46</size>
         <input_file_ref idref="fl-de"/>
      </object_component>
      <object_component id="oc-8b">
         <name>.debug_info</name>
         <load_address>0x20c06</load_address>
         <run_address>0x20c06</run_address>
         <size>0x2c</size>
         <input_file_ref idref="fl-de"/>
      </object_component>
      <object_component id="oc-89">
         <name>.debug_info</name>
         <load_address>0x20c32</load_address>
         <run_address>0x20c32</run_address>
         <size>0x29e</size>
         <input_file_ref idref="fl-df"/>
      </object_component>
      <object_component id="oc-19">
         <name>.debug_info</name>
         <load_address>0x20ed0</load_address>
         <run_address>0x20ed0</run_address>
         <size>0x250</size>
         <input_file_ref idref="fl-df"/>
      </object_component>
      <object_component id="oc-2d">
         <name>.debug_info</name>
         <load_address>0x21120</load_address>
         <run_address>0x21120</run_address>
         <size>0x60</size>
         <input_file_ref idref="fl-df"/>
      </object_component>
      <object_component id="oc-e0">
         <name>.debug_info</name>
         <load_address>0x21180</load_address>
         <run_address>0x21180</run_address>
         <size>0x46</size>
         <input_file_ref idref="fl-df"/>
      </object_component>
      <object_component id="oc-84">
         <name>.debug_info</name>
         <load_address>0x211c6</load_address>
         <run_address>0x211c6</run_address>
         <size>0x39</size>
         <input_file_ref idref="fl-df"/>
      </object_component>
      <object_component id="oc-2a">
[...]
         <value>0x1031</value>
         <object_component_ref idref="oc-17a"/>
      </symbol>
      <symbol id="sm-150">
         <name>Toggle_LL1</name>
         <value>0x1951</value>
         <object_component_ref idref="oc-1d4"/>
      </symbol>
      <symbol id="sm-151">
         <name>TurnOff_BLR</name>
         <value>0x1975</value>
         <object_component_ref idref="oc-277"/>
      </symbol>
      <symbol id="sm-152">
         <name>TurnOff_BLB</name>
         <value>0x195d</value>
         <object_component_ref idref="oc-283"/>
      </symbol>
      <symbol id="sm-153">
         <name>TurnOff_BLG</name>
         <value>0x1969</value>
         <object_component_ref idref="oc-27d"/>
      </symbol>
      <symbol id="sm-1a0">
         <name>SWTimer_start</name>
         <value>0x16e1</value>
         <object_component_ref idref="oc-3ee"/>
      </symbol>
      <symbol id="sm-1a1">
         <name>SWTimer_construct</name>
         <value>0x10dd</value>
         <object_component_ref idref="oc-3e8"/>
      </symbol>
      <symbol id="sm-1a2">
         <name>SWTimer_elapsedCycles</name>
         <value>0xfd9</value>
         <object_component_ref idref="oc-437"/>
      </symbol>
      <symbol id="sm-1a3">
         <name>SWTimer_expired</name>
         <value>0x1529</value>
         <object_component_ref idref="oc-3e2"/>
      </symbol>
      <symbol id="sm-1a4">
         <name>InitSystemTiming</name>
         <value>0xafd</value>
         <object_component_ref idref="oc-174"/>
      </symbol>
      <symbol id="sm-1a5">
         <name>T32_INT1_IRQHandler</name>
         <value>0x1695</value>
         <object_component_ref idref="oc-73"/>
      </symbol>
      <symbol id="sm-25a">
         <name>Lcd_Orientation</name>
         <value>0x20000021</value>
      </symbol>
      <symbol id="sm-25b">
         <name>Lcd_ScreenWidth</name>
         <value>0x2000001a</value>
      </symbol>
      <symbol id="sm-25c">
         <name>Lcd_ScreenHeigth</name>
         <value>0x20000018</value>
      </symbol>
      <symbol id="sm-25d">
         <name>Lcd_PenSolid</name>
         <value>0x20000022</value>
      </symbol>
      <symbol id="sm-25e">
         <name>Lcd_FontSolid</name>
         <value>0x20000020</value>
      </symbol>
      <symbol id="sm-25f">
         <name>Lcd_FlagRead</name>
         <value>0x2000001f</value>
      </symbol>
      <symbol id="sm-260">
         <name>Lcd_TouchTrim</name>
         <value>0x2000001c</value>
      </symbol>
      <symbol id="sm-261">
         <name>Crystalfontz128x128_SetDrawFrame</name>
         <value>0x459</value>
         <object_component_ref idref="oc-2b5"/>
      </symbol>
      <symbol id="sm-262">
         <name>Crystalfontz128x128_SetOrientation</name>
         <value>0x1089</value>
         <object_component_ref idref="oc-18d"/>
      </symbol>
      <symbol id="sm-263">
         <name>g_sCrystalfontz128x128_funcs</name>
         <value>0x1dc4</value>
         <object_component_ref idref="oc-1b4"/>
      </symbol>
      <symbol id="sm-264">
         <name>g_sCrystalfontz128x128</name>
         <value>0x20000024</value>
         <object_component_ref idref="oc-1b1"/>
      </symbol>
      <symbol id="sm-265">
         <name>Crystalfontz128x128_Init</name>
         <value>0x6bd</value>
         <object_component_ref idref="oc-187"/>
      </symbol>
      <symbol id="sm-29e">
         <name>HAL_LCD_writeData</name>
         <value>0x14fd</value>
         <object_component_ref idref="oc-2af"/>
      </symbol>
      <symbol id="sm-29f">
         <name>HAL_LCD_SpiInit</name>
         <value>0x12d9</value>
         <object_component_ref idref="oc-297"/>
      </symbol>
      <symbol id="sm-2a0">
         <name>HAL_LCD_PortInit</name>
         <value>0x14a1</value>
         <object_component_ref idref="oc-291"/>
      </symbol>
      <symbol id="sm-2a1">
         <name>HAL_LCD_writeCommand</name>
         <value>0x1395</value>
         <object_component_ref idref="oc-2a9"/>
      </symbol>
      <symbol id="sm-2bd">
         <name>Reset_Handler</name>
         <value>0x1945</value>
         <object_component_ref idref="oc-67"/>
      </symbol>
      <symbol id="sm-2be">
         <name>Default_Handler</name>
         <value>0xa67</value>
         <object_component_ref idref="oc-6d"/>
      </symbol>
      <symbol id="sm-2bf">
         <name>interruptVectors</name>
         <value>0x0</value>
         <object_component_ref idref="oc-26"/>
      </symbol>
      <symbol id="sm-305">
         <name>Graphics_setBackgroundColor</name>
         <value>0x17d3</value>
         <object_component_ref idref="oc-1a5"/>
      </symbol>
      <symbol id="sm-306">
         <name>Graphics_setFont</name>
         <value>0x17ed</value>
         <object_component_ref idref="oc-199"/>
      </symbol>
      <symbol id="sm-307">
         <name>Graphics_initContext</name>
         <value>0x1131</value>
         <object_component_ref idref="oc-193"/>
      </symbol>
      <symbol id="sm-308">
         <name>Graphics_setForegroundColor</name>
         <value>0x1865</value>
         <object_component_ref idref="oc-19f"/>
      </symbol>
      <symbol id="sm-309">
         <name>Graphics_clearDisplay</name>
         <value>0x18cf</value>
         <object_component_ref idref="oc-1ab"/>
      </symbol>
      <symbol id="sm-31e">
         <name>Graphics_clearDisplayOnDisplay</name>
         <value>0x17b9</value>
         <object_component_ref idref="oc-2d1"/>
      </symbol>
      <symbol id="sm-31f">
         <name>Graphics_translateColorOnDisplay</name>
         <value>0x187b</value>
         <object_component_ref idref="oc-2c9"/>
      </symbol>
      <symbol id="sm-331">
         <name>g_sFontFixed6x8</name>
         <value>0x1ccc</value>
         <object_component_ref idref="oc-1b7"/>
      </symbol>
      <symbol id="sm-3a5">
         <name>CS_setDCOFrequency</name>
         <value>0x2bd</value>
         <object_component_ref idref="oc-234"/>
      </symbol>
      <symbol id="sm-3a6">
         <name>CS_setDCOCenteredFrequency</name>
         <value>0x1405</value>
         <object_component_ref idref="oc-369"/>
      </symbol>
      <symbol id="sm-3a7">
         <name>CS_tuneDCOFrequency</name>
         <value>0xb89</value>
         <object_component_ref idref="oc-36f"/>
      </symbol>
      <symbol id="sm-3a8">
         <name>CS_initClockSignal</name>
         <value>0x58d</value>
         <object_component_ref idref="oc-23a"/>
      </symbol>
      <symbol id="sm-3b7">
         <name>FlashCtl_setWaitState</name>
         <value>0x1185</value>
         <object_component_ref idref="oc-22e"/>
      </symbol>
      <symbol id="sm-42e">
         <name>GPIO_setOutputHighOnPin</name>
         <value>0x15f5</value>
         <object_component_ref idref="oc-2a3"/>
      </symbol>
      <symbol id="sm-42f">
         <name>GPIO_setAsInputPinWithPullUpResistor</name>
         <value>0xf81</value>
         <object_component_ref idref="oc-38d"/>
      </symbol>
      <symbol id="sm-430">
         <name>GPIO_getInterruptStatus</name>
         <value>0x16bd</value>
         <object_component_ref idref="oc-c9"/>
      </symbol>
      <symbol id="sm-431">
         <name>GPIO_enableInterrupt</name>
         <value>0x15cd</value>
         <object_component_ref idref="oc-393"/>
      </symbol>
      <symbol id="sm-432">
         <name>GPIO_setAsOutputPin</name>
         <value>0x1299</value>
         <object_component_ref idref="oc-25f"/>
      </symbol>
      <symbol id="sm-433">
         <name>GPIO_interruptEdgeSelect</name>
         <value>0x1359</value>
         <object_component_ref idref="oc-399"/>
      </symbol>
      <symbol id="sm-434">
         <name>GPIO_setOutputLowOnPin</name>
         <value>0x161d</value>
         <object_component_ref idref="oc-29d"/>
      </symbol>
      <symbol id="sm-435">
         <name>GPIO_clearInterruptFlag</name>
         <value>0x15a5</value>
         <object_component_ref idref="oc-cf"/>
      </symbol>
      <symbol id="sm-436">
         <name>GPIO_toggleOutputOnPin</name>
         <value>0x1645</value>
         <object_component_ref idref="oc-322"/>
      </symbol>
      <symbol id="sm-437">
         <name>GPIO_setAsPeripheralModuleFunctionOutputPin</name>
         <value>0xc11</value>
         <object_component_ref idref="oc-3a0"/>
      </symbol>
      <symbol id="sm-466">
         <name>Interrupt_disableMaster</name>
         <value>0x18e1</value>
         <object_component_ref idref="oc-228"/>
      </symbol>
      <symbol id="sm-467">
         <name>Interrupt_enableMaster</name>
         <value>0x18f1</value>
         <object_component_ref idref="oc-252"/>
      </symbol>
      <symbol id="sm-468">
         <name>Interrupt_enableInterrupt</name>
         <value>0xc99</value>
         <object_component_ref idref="oc-24c"/>
      </symbol>
      <symbol id="sm-477">
         <name>PCM_gotoLPM0</name>
         <value>0x166d</value>
         <object_component_ref idref="oc-1c1"/>
      </symbol>
      <symbol id="sm-4b7">
         <name>EUSCI_B_SPI_enable</name>
         <value>0x184f</value>
         <object_component_ref idref="oc-429"/>
      </symbol>
      <symbol id="sm-4b8">
         <name>SPI_enableModule</name>
         <value>0x1749</value>
         <object_component_ref idref="oc-3ad"/>
      </symbol>
      <symbol id="sm-4b9">
         <name>EUSCI_A_SPI_enable</name>
         <value>0x1839</value>
         <object_component_ref idref="oc-423"/>
      </symbol>
      <symbol id="sm-4ba">
         <name>SPI_initMaster</name>
         <value>0x7e9</value>
         <object_component_ref idref="oc-3a7"/>
      </symbol>
      <symbol id="sm-4d1">
         <name>SysCtl_A_getTLVInfo</name>
         <value>0xa69</value>
         <object_component_ref idref="oc-363"/>
      </symbol>
      <symbol id="sm-50a">
         <name>Timer32_startTimer</name>
         <value>0x13cd</value>
         <object_component_ref idref="oc-258"/>
      </symbol>
      <symbol id="sm-50b">
         <name>Timer32_setCount</name>
         <value>0x1439</value>
         <object_component_ref idref="oc-246"/>
      </symbol>
      <symbol id="sm-50c">
         <name>Timer32_getValue</name>
         <value>0x1911</value>
         <object_component_ref idref="oc-449"/>
      </symbol>
      <symbol id="sm-50d">
         <name>Timer32_initModule</name>
         <value>0xd91</value>
         <object_component_ref idref="oc-240"/>
      </symbol>
      <symbol id="sm-50e">
         <name>Timer32_clearInterruptFlag</name>
         <value>0x18a7</value>
         <object_component_ref idref="oc-bf"/>
      </symbol>
      <symbol id="sm-51b">
         <name>WDT_A_holdTimer</name>
         <value>0x1705</value>
         <object_component_ref idref="oc-16e"/>
      </symbol>
      <symbol id="sm-535">
         <name>CPU_wfi</name>
         <value>0x19c7</value>
         <object_component_ref idref="oc-313"/>
      </symbol>
      <symbol id="sm-536">
         <name>CPU_cpsie</name>
         <value>0x1939</value>
         <object_component_ref idref="oc-37e"/>
      </symbol>
      <symbol id="sm-537">
         <name>CPU_cpsid</name>
         <value>0x192d</value>
         <object_component_ref idref="oc-35b"/>
      </symbol>
      <symbol id="sm-540">
         <name>__aeabi_lmul</name>
         <value>0x1821</value>
         <object_component_ref idref="oc-443"/>
      </symbol>
      <symbol id="sm-55b">
         <name>memcpy</name>
         <value>0x935</value>
         <object_component_ref idref="oc-37"/>
      </symbol>
      <symbol id="sm-55c">
         <name>__aeabi_memcpy</name>
         <value>0x935</value>
         <object_component_ref idref="oc-37"/>
      </symbol>
      <symbol id="sm-55d">
         <name>__aeabi_memcpy8</name>
         <value>0x935</value>
         <object_component_ref idref="oc-37"/>
      </symbol>
      <symbol id="sm-55e">
         <name>__aeabi_memcpy4</name>
         <value>0x935</value>
         <object_component_ref idref="oc-37"/>
      </symbol>
      <symbol id="sm-56b">
         <name>__aeabi_uldivmod</name>
         <value>0x9d1</value>
         <object_component_ref idref="oc-43e"/>
      </symbol>
      <symbol id="sm-584">
         <name>__TI_zero_init_nomemset</name>
         <value>0x1765</value>
         <object_component_ref idref="oc-43"/>
      </symbol>
      <symbol id="sm-59b">
         <name>__TI_decompress_none</name>
         <value>0x191f</value>
         <object_component_ref idref="oc-1d"/>
      </symbol>
      <symbol id="sm-5be">
         <name>__TI_decompress_lzss</name>
         <value>0xdf9</value>
         <object_component_ref idref="oc-17"/>
      </symbol>
      <symbol id="sm-5d1">
         <name>__stack</name>
         <value>0x2000fe00</value>
         <object_component_ref idref="oc-29"/>
      </symbol>
      <symbol id="sm-5d2">
         <name>_c_int00_noargs</name>
         <value>0x146d</value>
         <object_component_ref idref="oc-55"/>
      </symbol>
      <symbol id="sm-5dc">
         <name>__aeabi_idiv0</name>
         <value>0x1183</value>
         <object_component_ref idref="oc-461"/>
      </symbol>
      <symbol id="sm-5dd">
         <name>__aeabi_ldiv0</name>
         <value>0x1183</value>
         <object_component_ref idref="oc-461"/>
      </symbol>
      <symbol id="sm-606">
         <name>__TI_auto_init_nobinit_nopinit</name>
         <value>0x1215</value>
         <object_component_ref idref="oc-11f"/>
      </symbol>
      <symbol id="sm-610">
         <name>_system_pre_init</name>
         <value>0x19cb</value>
         <object_component_ref idref="oc-9f"/>
      </symbol>
      <symbol id="sm-61c">
         <name>C$$EXIT</name>
         <value>0x19cf</value>
         <object_component_ref idref="oc-113"/>
      </symbol>
      <symbol id="sm-61d">
         <name>abort</name>
         <value>0x19cf</value>
         <object_component_ref idref="oc-113"/>
      </symbol>
      <symbol id="sm-620">
         <name>__TI_static_base__</name>
         <value>0x0</value>
      </symbol>
      <symbol id="sm-623">
         <name>__mpu_init</name>
         <value>0x0</value>
      </symbol>
      <symbol id="sm-624">
         <name>_system_post_cinit</name>
         <value>0x0</value>
      </symbol>
      <symbol id="sm-625">
         <name>NMI_Handler</name>
         <value>0xa67</value>
      </symbol>
      <symbol id="sm-626">
         <name>HardFault_Handler</name>
         <value>0xa67</value>
      </symbol>
      <symbol id="sm-627">
         <name>MemManage_Handler</name>
         <value>0xa67</value>
      </symbol>
      <symbol id="sm-628">
         <name>BusFault_Handler</name>
         <value>0xa67</value>
      </symbol>
      <symbol id="sm-629">
         <name>UsageFault_Handler</name>
         <value>0xa67</value>
      </symbol>
      <symbol id="sm-62a">
         <name>SVC_Handler</name>
         <value>0xa67</value>
      </symbol>
      <symbol id="sm-62b">
         <name>DebugMon_Handler</name>
         <value>0xa67</value>
      </symbol>
      <symbol id="sm-62c">
         <name>PendSV_Handler</name>
         <value>0xa67</value>
      </symbol>
      <symbol id="sm-62d">
         <name>SysTick_Handler</name>
         <value>0xa67</value>
      </symbol>
      <symbol id="sm-62e">
         <name>PSS_IRQHandler</name>
         <value>0xa67</value>
      </symbol>
      <symbol id="sm-62f">
         <name>CS_IRQHandler</name>
         <value>0xa67</value>
      </symbol>
      <symbol id="sm-630">
         <name>PCM_IRQHandler</name>
         <value>0xa67</value>
      </symbol>
      <symbol id="sm-631">
         <name>WDT_A_IRQHandler</name>
         <value>0xa67</value>
      </symbol>
      <symbol id="sm-632">
         <name>FPU_IRQHandler</name>
         <value>0xa67</value>
      </symbol>
      <symbol id="sm-633">
         <name>FLCTL_IRQHandler</name>
         <value>0xa67</value>
      </symbol>
      <symbol id="sm-634">
         <name>COMP_E0_IRQHandler</name>
         <value>0xa67</value>
      </symbol>
      <symbol id="sm-635">
         <name>COMP_E1_IRQHandler</name>
         <value>0xa67</value>
      </symbol>
      <symbol id="sm-636">
         <name>TA0_0_IRQHandler</name>
         <value>0xa67</value>
      </symbol>
      <symbol id="sm-637">
         <name>TA0_N_IRQHandler</name>
         <value>0xa67</value>
      </symbol>
      <symbol id="sm-638">
         <name>TA1_0_IRQHandler</name>
         <value>0xa67</value>
      </symbol>
      <symbol id="sm-639">
         <name>TA1_N_IRQHandler</name>
         <value>0xa67</value>
      </symbol>
      <symbol id="sm-63a">
         <name>TA2_0_IRQHandler</name>
         <value>0xa67</value>
      </symbol>
      <symbol id="sm-63b">
         <name>TA2_N_IRQHandler</name>
         <value>0xa67</value>
      </symbol>
      <symbol id="sm-63c">
         <name>TA3_0_IRQHandler</name>
         <value>0xa67</value>
      </symbol>
      <symbol id="sm-63d">
         <name>TA3_N_IRQHandler</name>
         <value>0xa67</value>
      </symbol>
      <symbol id="sm-63e">
         <name>EUSCIA0_IRQHandler</name>
         <value>0xa67</value>
      </symbol>
      <symbol id="sm-63f">
         <name>EUSCIA1_IRQHandler</name>
         <value>0xa67</value>
      </symbol>
      <symbol id="sm-640">
         <name>EUSCIA2_IRQHandler</name>
         <value>0xa67</value>
      </symbol>
      <symbol id="sm-641">
         <name>EUSCIA3_IRQHandler</name>
         <value>0xa67</value>
      </symbol>
      <symbol id="sm-642">
         <name>EUSCIB0_IRQHandler</name>
         <value>0xa67</value>
      </symbol>
      <symbol id="sm-643">
         <name>EUSCIB1_IRQHandler</name>
         <value>0xa67</value>
      </symbol>
      <symbol id="sm-644">
         <name>EUSCIB2_IRQHandler</name>
         <value>0xa67</value>
      </symbol>
      <symbol id="sm-645">
         <name>EUSCIB3_IRQHandler</name>
         <value>0xa67</value>
      </symbol>
      <symbol id="sm-646">
         <name>ADC14_IRQHandler</name>
         <value>0xa67</value>
      </symbol>
      <symbol id="sm-647">
         <name>T32_INT1_IRQHandler</name>
         <value>0x1695</value>
      </symbol>
      <symbol id="sm-648">
         <name>T32_INT2_IRQHandler</name>
         <value>0xa67</value>
      </symbol>
      <symbol id="sm-649">
         <name>T32_INTC_IRQHandler</name>
         <value>0xa67</value>
      </symbol>
      <symbol id="sm-64a">
         <name>AES256_IRQHandler</name>
         <value>0xa67</value>
      </symbol>
      <symbol id="sm-64b">
         <name>RTC_C_IRQHandler</name>
         <value>0xa67</value>
      </symbol>
      <symbol id="sm-64c">
         <name>DMA_ERR_IRQHandler</name>
         <value>0xa67</value>
      </symbol>
      <symbol id="sm-64d">
         <name>DMA_INT3_IRQHandler</name>
         <value>0xa67</value>
      </symbol>
      <symbol id="sm-64e">
         <name>DMA_INT2_IRQHandler</name>
         <value>0xa67</value>
      </symbol>
      <symbol id="sm-64f">
         <name>DMA_INT1_IRQHandler</name>
         <value>0xa67</value>
      </symbol>
      <symbol id="sm-650">
         <name>DMA_INT0_IRQHandler</name>
         <value>0xa67</value>
      </symbol>
      <symbol id="sm-651">
         <name>PORT1_IRQHandler</name>
         <value>0x1729</value>
      </symbol>
      <symbol id="sm-652">
         <name>PORT2_IRQHandler</name>
         <value>0xa67</value>
      </symbol>
      <symbol id="sm-653">
         <name>PORT3_IRQHandler</name>
         <value>0xa67</value>
      </symbol>
      <symbol id="sm-654">
         <name>PORT4_IRQHandler</name>
         <value>0xa67</value>
      </symbol>
      <symbol id="sm-655">
         <name>PORT5_IRQHandler</name>
         <value>0xa67</value>
      </symbol>
      <symbol id="sm-656">
         <name>PORT6_IRQHandler</name>
         <value>0xa67</value>
      </symbol>
   </symbol_table>
   <title>Link successful</title>
</link_info>
